<!doctype html public "-//w3c//dtd html 4.0 transitional//en">
<html><head>
<title>Static Call Graph - [.\debug\gt1025_V0.axf]</title></head>
<body><HR>
<H1>Static Call Graph for image .\debug\gt1025_V0.axf</H1><HR>
<BR><P>#&#060CALLGRAPH&#062# ARM Linker, 5.03 [Build 76]: Last Updated: Mon Feb 29 00:21:42 2016
<BR><P>
<H3>Maximum Stack Usage =        560 bytes + Unknown(Cycles, Untraceable Function Pointers)</H3><H3>
Call chain for Maximum Stack Depth:</H3>
main &rArr; AppRun &rArr; GSM_GPRS_Task &rArr; TrackerTask &rArr; GPS_GetInfo &rArr; nmea_parse_GPRMC &rArr; _nmea_parse_time &rArr; nmea_scanf &rArr; nmea_atof &rArr; strtod &rArr; __strtod_int &rArr; _local_sscanf &rArr; _scanf_real
<P>
<H3>
Mutually Recursive functions
</H3> <LI><a href="#[168]">PPP__ThisLayerFinished</a>&nbsp;&nbsp;&nbsp;&rArr;&nbsp;&nbsp;&nbsp;<a href="#[161]">PPP__ManageState</a><BR>
 <LI><a href="#[167]">PPP__ThisLayerUp</a>&nbsp;&nbsp;&nbsp;&rArr;&nbsp;&nbsp;&nbsp;<a href="#[161]">PPP__ManageState</a><BR>
 <LI><a href="#[160]">PPP__ThisLayerDown</a>&nbsp;&nbsp;&nbsp;&rArr;&nbsp;&nbsp;&nbsp;<a href="#[161]">PPP__ManageState</a><BR>
 <LI><a href="#[1]">NMI_Handler</a>&nbsp;&nbsp;&nbsp;&rArr;&nbsp;&nbsp;&nbsp;<a href="#[1]">NMI_Handler</a><BR>
 <LI><a href="#[3]">MemManage_Handler</a>&nbsp;&nbsp;&nbsp;&rArr;&nbsp;&nbsp;&nbsp;<a href="#[3]">MemManage_Handler</a><BR>
 <LI><a href="#[4]">BusFault_Handler</a>&nbsp;&nbsp;&nbsp;&rArr;&nbsp;&nbsp;&nbsp;<a href="#[4]">BusFault_Handler</a><BR>
 <LI><a href="#[5]">UsageFault_Handler</a>&nbsp;&nbsp;&nbsp;&rArr;&nbsp;&nbsp;&nbsp;<a href="#[5]">UsageFault_Handler</a><BR>
 <LI><a href="#[6]">SVC_Handler</a>&nbsp;&nbsp;&nbsp;&rArr;&nbsp;&nbsp;&nbsp;<a href="#[6]">SVC_Handler</a><BR>
 <LI><a href="#[7]">DebugMon_Handler</a>&nbsp;&nbsp;&nbsp;&rArr;&nbsp;&nbsp;&nbsp;<a href="#[7]">DebugMon_Handler</a><BR>
 <LI><a href="#[8]">PendSV_Handler</a>&nbsp;&nbsp;&nbsp;&rArr;&nbsp;&nbsp;&nbsp;<a href="#[8]">PendSV_Handler</a><BR>
 <LI><a href="#[1c]">ADC1_2_IRQHandler</a>&nbsp;&nbsp;&nbsp;&rArr;&nbsp;&nbsp;&nbsp;<a href="#[1c]">ADC1_2_IRQHandler</a><BR>
</UL>
<P>
<H3>
Function Pointers
</H3><UL>
 <LI><a href="#[1c]">ADC1_2_IRQHandler</a> from startup_stm32f10x_md.o(.text) referenced from startup_stm32f10x_md.o(RESET)
 <LI><a href="#[18c]">ATO_Func</a> from at_cmd_common_parser.o(.text) referenced from at_cmd_common_parser.o(.text)
 <LI><a href="#[4]">BusFault_Handler</a> from startup_stm32f10x_md.o(.text) referenced from startup_stm32f10x_md.o(RESET)
 <LI><a href="#[1f]">CAN1_RX1_IRQHandler</a> from startup_stm32f10x_md.o(.text) referenced from startup_stm32f10x_md.o(RESET)
 <LI><a href="#[20]">CAN1_SCE_IRQHandler</a> from startup_stm32f10x_md.o(.text) referenced from startup_stm32f10x_md.o(RESET)
 <LI><a href="#[40]">CallBusy</a> from at_cmd_call_parser.o(.text) referenced from at_command_parser.o(.constdata)
 <LI><a href="#[42]">CallCancel</a> from at_cmd_call_parser.o(.text) referenced from at_command_parser.o(.constdata)
 <LI><a href="#[44]">CallErrorReport</a> from at_cmd_call_parser.o(.text) referenced from at_command_parser.o(.constdata)
 <LI><a href="#[41]">CallNoAnswer</a> from at_cmd_call_parser.o(.text) referenced from at_command_parser.o(.constdata)
 <LI><a href="#[45]">CallOutProcess</a> from at_cmd_call_parser.o(.text) referenced from at_command_parser.o(.constdata)
 <LI><a href="#[15]">DMA1_Channel1_IRQHandler</a> from startup_stm32f10x_md.o(.text) referenced from startup_stm32f10x_md.o(RESET)
 <LI><a href="#[16]">DMA1_Channel2_IRQHandler</a> from startup_stm32f10x_md.o(.text) referenced from startup_stm32f10x_md.o(RESET)
 <LI><a href="#[17]">DMA1_Channel3_IRQHandler</a> from startup_stm32f10x_md.o(.text) referenced from startup_stm32f10x_md.o(RESET)
 <LI><a href="#[18]">DMA1_Channel4_IRQHandler</a> from startup_stm32f10x_md.o(.text) referenced from startup_stm32f10x_md.o(RESET)
 <LI><a href="#[19]">DMA1_Channel5_IRQHandler</a> from startup_stm32f10x_md.o(.text) referenced from startup_stm32f10x_md.o(RESET)
 <LI><a href="#[1a]">DMA1_Channel6_IRQHandler</a> from startup_stm32f10x_md.o(.text) referenced from startup_stm32f10x_md.o(RESET)
 <LI><a href="#[1b]">DMA1_Channel7_IRQHandler</a> from startup_stm32f10x_md.o(.text) referenced from startup_stm32f10x_md.o(RESET)
 <LI><a href="#[7]">DebugMon_Handler</a> from startup_stm32f10x_md.o(.text) referenced from startup_stm32f10x_md.o(RESET)
 <LI><a href="#[10]">EXTI0_IRQHandler</a> from startup_stm32f10x_md.o(.text) referenced from startup_stm32f10x_md.o(RESET)
 <LI><a href="#[32]">EXTI15_10_IRQHandler</a> from exti.o(.text) referenced from startup_stm32f10x_md.o(RESET)
 <LI><a href="#[11]">EXTI1_IRQHandler</a> from startup_stm32f10x_md.o(.text) referenced from startup_stm32f10x_md.o(RESET)
 <LI><a href="#[12]">EXTI2_IRQHandler</a> from startup_stm32f10x_md.o(.text) referenced from startup_stm32f10x_md.o(RESET)
 <LI><a href="#[13]">EXTI3_IRQHandler</a> from exti.o(.text) referenced from startup_stm32f10x_md.o(RESET)
 <LI><a href="#[14]">EXTI4_IRQHandler</a> from exti.o(.text) referenced from startup_stm32f10x_md.o(RESET)
 <LI><a href="#[21]">EXTI9_5_IRQHandler</a> from startup_stm32f10x_md.o(.text) referenced from startup_stm32f10x_md.o(RESET)
 <LI><a href="#[e]">FLASH_IRQHandler</a> from startup_stm32f10x_md.o(.text) referenced from startup_stm32f10x_md.o(RESET)
 <LI><a href="#[4a]">GPGGA_Process</a> from gps.o(.text) referenced from gps.o(.constdata)
 <LI><a href="#[4b]">GPGSA_Process</a> from gps.o(.text) referenced from gps.o(.constdata)
 <LI><a href="#[4c]">GPGSV_Process</a> from gps.o(.text) referenced from gps.o(.constdata)
 <LI><a href="#[49]">GPRMC_Process</a> from gps.o(.text) referenced from gps.o(.constdata)
 <LI><a href="#[47]">GSM_GetIMEI</a> from at_cmd_common_parser.o(.text) referenced from at_gsm_task.o(.constdata)
 <LI><a href="#[43]">GetBatteryStatus</a> from at_cmd_common_parser.o(.text) referenced from at_command_parser.o(.constdata)
 <LI><a href="#[3c]">GetCallerNumber</a> from at_cmd_call_parser.o(.text) referenced from at_command_parser.o(.constdata)
 <LI><a href="#[199]">GetServiceCenterNumber</a> from at_cmd_sms_parser.o(.text) referenced from at_cmd_sms_parser.o(.text)
 <LI><a href="#[46]">GsmGetTime</a> from at_cmd_common_parser.o(.text) referenced from at_command_parser.o(.constdata)
 <LI><a href="#[48]">GsmGetUTCTime</a> from at_cmd_common_parser.o(.text) referenced from at_gsm_task.o(.constdata)
 <LI><a href="#[2]">HardFault_Handler</a> from main.o(.text) referenced from startup_stm32f10x_md.o(RESET)
 <LI><a href="#[2a]">I2C1_ER_IRQHandler</a> from startup_stm32f10x_md.o(.text) referenced from startup_stm32f10x_md.o(RESET)
 <LI><a href="#[29]">I2C1_EV_IRQHandler</a> from startup_stm32f10x_md.o(.text) referenced from startup_stm32f10x_md.o(RESET)
 <LI><a href="#[2c]">I2C2_ER_IRQHandler</a> from startup_stm32f10x_md.o(.text) referenced from startup_stm32f10x_md.o(RESET)
 <LI><a href="#[2b]">I2C2_EV_IRQHandler</a> from startup_stm32f10x_md.o(.text) referenced from startup_stm32f10x_md.o(RESET)
 <LI><a href="#[3]">MemManage_Handler</a> from startup_stm32f10x_md.o(.text) referenced from startup_stm32f10x_md.o(RESET)
 <LI><a href="#[1]">NMI_Handler</a> from startup_stm32f10x_md.o(.text) referenced from startup_stm32f10x_md.o(RESET)
 <LI><a href="#[b]">PVD_IRQHandler</a> from startup_stm32f10x_md.o(.text) referenced from startup_stm32f10x_md.o(RESET)
 <LI><a href="#[8]">PendSV_Handler</a> from startup_stm32f10x_md.o(.text) referenced from startup_stm32f10x_md.o(RESET)
 <LI><a href="#[f]">RCC_IRQHandler</a> from startup_stm32f10x_md.o(.text) referenced from startup_stm32f10x_md.o(RESET)
 <LI><a href="#[33]">RTCAlarm_IRQHandler</a> from rtc.o(.text) referenced from startup_stm32f10x_md.o(RESET)
 <LI><a href="#[d]">RTC_IRQHandler</a> from rtc.o(.text) referenced from startup_stm32f10x_md.o(RESET)
 <LI><a href="#[0]">Reset_Handler</a> from startup_stm32f10x_md.o(.text) referenced from startup_stm32f10x_md.o(RESET)
 <LI><a href="#[3d]">RingCallProcess</a> from at_cmd_call_parser.o(.text) referenced from at_command_parser.o(.constdata)
 <LI><a href="#[3e]">SMS_Process</a> from at_cmd_sms_parser.o(.text) referenced 4 times from at_command_parser.o(.constdata)
 <LI><a href="#[3f]">SMS_ReadMsg</a> from at_cmd_sms_parser.o(.text) referenced from at_command_parser.o(.constdata)
 <LI><a href="#[2d]">SPI1_IRQHandler</a> from startup_stm32f10x_md.o(.text) referenced from startup_stm32f10x_md.o(RESET)
 <LI><a href="#[2e]">SPI2_IRQHandler</a> from startup_stm32f10x_md.o(.text) referenced from startup_stm32f10x_md.o(RESET)
 <LI><a href="#[6]">SVC_Handler</a> from startup_stm32f10x_md.o(.text) referenced from startup_stm32f10x_md.o(RESET)
 <LI><a href="#[9]">SysTick_Handler</a> from tick.o(.text) referenced from startup_stm32f10x_md.o(RESET)
 <LI><a href="#[c]">TAMPER_IRQHandler</a> from startup_stm32f10x_md.o(.text) referenced from startup_stm32f10x_md.o(RESET)
 <LI><a href="#[22]">TIM1_BRK_IRQHandler</a> from startup_stm32f10x_md.o(.text) referenced from startup_stm32f10x_md.o(RESET)
 <LI><a href="#[25]">TIM1_CC_IRQHandler</a> from startup_stm32f10x_md.o(.text) referenced from startup_stm32f10x_md.o(RESET)
 <LI><a href="#[24]">TIM1_TRG_COM_IRQHandler</a> from startup_stm32f10x_md.o(.text) referenced from startup_stm32f10x_md.o(RESET)
 <LI><a href="#[23]">TIM1_UP_IRQHandler</a> from startup_stm32f10x_md.o(.text) referenced from startup_stm32f10x_md.o(RESET)
 <LI><a href="#[26]">TIM2_IRQHandler</a> from main.o(.text) referenced from startup_stm32f10x_md.o(RESET)
 <LI><a href="#[27]">TIM3_IRQHandler</a> from startup_stm32f10x_md.o(.text) referenced from startup_stm32f10x_md.o(RESET)
 <LI><a href="#[28]">TIM4_IRQHandler</a> from startup_stm32f10x_md.o(.text) referenced from startup_stm32f10x_md.o(RESET)
 <LI><a href="#[2f]">USART1_IRQHandler</a> from uart1.o(.text) referenced from startup_stm32f10x_md.o(RESET)
 <LI><a href="#[30]">USART2_IRQHandler</a> from uart2.o(.text) referenced from startup_stm32f10x_md.o(RESET)
 <LI><a href="#[31]">USART3_IRQHandler</a> from uart3.o(.text) referenced from startup_stm32f10x_md.o(RESET)
 <LI><a href="#[34]">USBWakeUp_IRQHandler</a> from exti.o(.text) referenced from startup_stm32f10x_md.o(RESET)
 <LI><a href="#[1d]">USB_HP_CAN1_TX_IRQHandler</a> from startup_stm32f10x_md.o(.text) referenced from startup_stm32f10x_md.o(RESET)
 <LI><a href="#[1e]">USB_LP_CAN1_RX0_IRQHandler</a> from startup_stm32f10x_md.o(.text) referenced from startup_stm32f10x_md.o(RESET)
 <LI><a href="#[5]">UsageFault_Handler</a> from startup_stm32f10x_md.o(.text) referenced from startup_stm32f10x_md.o(RESET)
 <LI><a href="#[a]">WWDG_IRQHandler</a> from startup_stm32f10x_md.o(.text) referenced from startup_stm32f10x_md.o(RESET)
 <LI><a href="#[36]">__main</a> from entry.o(.ARM.Collect$$$$00000000) referenced from startup_stm32f10x_md.o(.text)
 <LI><a href="#[38]">_sbackspace</a> from _sgetc.o(.text) referenced 2 times from __0sscanf.o(.text)
 <LI><a href="#[39]">_scanf_char_input</a> from scanf_char.o(.text) referenced from scanf_char.o(.text)
 <LI><a href="#[37]">_sgetc</a> from _sgetc.o(.text) referenced 2 times from __0sscanf.o(.text)
 <LI><a href="#[3b]">_sputc</a> from printfa.o(i._sputc) referenced from printfa.o(i.__0sprintf)
 <LI><a href="#[3b]">_sputc</a> from printfa.o(i._sputc) referenced from printfa.o(i.__0vsprintf)
 <LI><a href="#[3a]">isspace</a> from isspace_o.o(.text) referenced 2 times from scanf_char.o(.text)
 <LI><a href="#[35]">main</a> from main.o(.text) referenced from entry9a.o(.ARM.Collect$$$$0000000B)
</UL>
<P>
<H3>
Global Symbols
</H3>
<P><STRONG><a name="[36]"></a>__main</STRONG> (Thumb, 0 bytes, Stack size unknown bytes, entry.o(.ARM.Collect$$$$00000000))
<BR>[Address Reference Count : 1]<UL><LI> startup_stm32f10x_md.o(.text)
</UL>
<P><STRONG><a name="[201]"></a>_main_stk</STRONG> (Thumb, 0 bytes, Stack size unknown bytes, entry2.o(.ARM.Collect$$$$00000001))

<P><STRONG><a name="[4d]"></a>_main_scatterload</STRONG> (Thumb, 0 bytes, Stack size unknown bytes, entry5.o(.ARM.Collect$$$$00000004))
<BR><BR>[Calls]<UL><LI><a href="#[4e]">&gt;&gt;</a>&nbsp;&nbsp;&nbsp;__scatterload
</UL>

<P><STRONG><a name="[1f8]"></a>__main_after_scatterload</STRONG> (Thumb, 0 bytes, Stack size unknown bytes, entry5.o(.ARM.Collect$$$$00000004))
<BR><BR>[Called By]<UL><LI><a href="#[4e]">&gt;&gt;</a>&nbsp;&nbsp;&nbsp;__scatterload
</UL>

<P><STRONG><a name="[202]"></a>_main_clock</STRONG> (Thumb, 0 bytes, Stack size unknown bytes, entry7b.o(.ARM.Collect$$$$00000008))

<P><STRONG><a name="[203]"></a>_main_cpp_init</STRONG> (Thumb, 0 bytes, Stack size unknown bytes, entry8b.o(.ARM.Collect$$$$0000000A))

<P><STRONG><a name="[204]"></a>_main_init</STRONG> (Thumb, 0 bytes, Stack size unknown bytes, entry9a.o(.ARM.Collect$$$$0000000B))

<P><STRONG><a name="[205]"></a>__rt_final_cpp</STRONG> (Thumb, 0 bytes, Stack size unknown bytes, entry10a.o(.ARM.Collect$$$$0000000D))

<P><STRONG><a name="[206]"></a>__rt_final_exit</STRONG> (Thumb, 0 bytes, Stack size unknown bytes, entry11a.o(.ARM.Collect$$$$0000000F))

<P><STRONG><a name="[2]"></a>HardFault_Handler</STRONG> (Thumb, 30 bytes, Stack size 0 bytes, main.o(.text))
<BR>[Address Reference Count : 1]<UL><LI> startup_stm32f10x_md.o(RESET)
</UL>
<P><STRONG><a name="[59]"></a>TIMER2_Init</STRONG> (Thumb, 120 bytes, Stack size 12 bytes, main.o(.text))
<BR><BR>[Stack]<UL><LI>Max Depth = 12<LI>Call Chain = TIMER2_Init
</UL>
<BR>[Called By]<UL><LI><a href="#[92]">&gt;&gt;</a>&nbsp;&nbsp;&nbsp;SysInit
<LI><a href="#[4f]">&gt;&gt;</a>&nbsp;&nbsp;&nbsp;SysWakeUp
</UL>

<P><STRONG><a name="[4f]"></a>SysWakeUp</STRONG> (Thumb, 106 bytes, Stack size 8 bytes, main.o(.text))
<BR><BR>[Stack]<UL><LI>Max Depth = 104<LI>Call Chain = SysWakeUp &rArr; ADC_TaskInit &rArr; GPIO_Init
</UL>
<BR>[Calls]<UL><LI><a href="#[58]">&gt;&gt;</a>&nbsp;&nbsp;&nbsp;UartConfigTaskInit
<LI><a href="#[57]">&gt;&gt;</a>&nbsp;&nbsp;&nbsp;USART2_Init
<LI><a href="#[55]">&gt;&gt;</a>&nbsp;&nbsp;&nbsp;USART1_Init
<LI><a href="#[51]">&gt;&gt;</a>&nbsp;&nbsp;&nbsp;TICK_Init
<LI><a href="#[50]">&gt;&gt;</a>&nbsp;&nbsp;&nbsp;SystemInit
<LI><a href="#[54]">&gt;&gt;</a>&nbsp;&nbsp;&nbsp;SST25_Init
<LI><a href="#[5b]">&gt;&gt;</a>&nbsp;&nbsp;&nbsp;RTC_SetAlarm
<LI><a href="#[5a]">&gt;&gt;</a>&nbsp;&nbsp;&nbsp;RTC_GetCounter
<LI><a href="#[5c]">&gt;&gt;</a>&nbsp;&nbsp;&nbsp;MODEM_Wakeup
<LI><a href="#[53]">&gt;&gt;</a>&nbsp;&nbsp;&nbsp;GPS_Enable
<LI><a href="#[56]">&gt;&gt;</a>&nbsp;&nbsp;&nbsp;GPSInit
<LI><a href="#[52]">&gt;&gt;</a>&nbsp;&nbsp;&nbsp;ADC_TaskInit
<LI><a href="#[59]">&gt;&gt;</a>&nbsp;&nbsp;&nbsp;TIMER2_Init
</UL>
<BR>[Called By]<UL><LI><a href="#[61]">&gt;&gt;</a>&nbsp;&nbsp;&nbsp;SysSleep
</UL>

<P><STRONG><a name="[5d]"></a>SysDeInit</STRONG> (Thumb, 38 bytes, Stack size 8 bytes, main.o(.text))
<BR><BR>[Stack]<UL><LI>Max Depth = 8<LI>Call Chain = SysDeInit
</UL>
<BR>[Calls]<UL><LI><a href="#[5e]">&gt;&gt;</a>&nbsp;&nbsp;&nbsp;TICK_DeInit
<LI><a href="#[60]">&gt;&gt;</a>&nbsp;&nbsp;&nbsp;MODEM_Sleep
<LI><a href="#[5f]">&gt;&gt;</a>&nbsp;&nbsp;&nbsp;GPS_Disable
</UL>
<BR>[Called By]<UL><LI><a href="#[61]">&gt;&gt;</a>&nbsp;&nbsp;&nbsp;SysSleep
</UL>

<P><STRONG><a name="[61]"></a>SysSleep</STRONG> (Thumb, 378 bytes, Stack size 24 bytes, main.o(.text))
<BR><BR>[Stack]<UL><LI>Max Depth = 472<LI>Call Chain = SysSleep &rArr; SMS_Manage &rArr; CMD_CfgParse &rArr; __0sscanf &rArr; __vfscanf_char &rArr; __vfscanf &rArr; _scanf_real
</UL>
<BR>[Calls]<UL><LI><a href="#[55]">&gt;&gt;</a>&nbsp;&nbsp;&nbsp;USART1_Init
<LI><a href="#[63]">&gt;&gt;</a>&nbsp;&nbsp;&nbsp;TrackerGetNewData
<LI><a href="#[51]">&gt;&gt;</a>&nbsp;&nbsp;&nbsp;TICK_Init
<LI><a href="#[50]">&gt;&gt;</a>&nbsp;&nbsp;&nbsp;SystemInit
<LI><a href="#[64]">&gt;&gt;</a>&nbsp;&nbsp;&nbsp;SmsTask_IsNoMsg
<LI><a href="#[54]">&gt;&gt;</a>&nbsp;&nbsp;&nbsp;SST25_Init
<LI><a href="#[69]">&gt;&gt;</a>&nbsp;&nbsp;&nbsp;SMS_Manage
<LI><a href="#[6a]">&gt;&gt;</a>&nbsp;&nbsp;&nbsp;RequestTableTask
<LI><a href="#[67]">&gt;&gt;</a>&nbsp;&nbsp;&nbsp;RING_Process
<LI><a href="#[60]">&gt;&gt;</a>&nbsp;&nbsp;&nbsp;MODEM_Sleep
<LI><a href="#[62]">&gt;&gt;</a>&nbsp;&nbsp;&nbsp;MODEM_SendCommand
<LI><a href="#[68]">&gt;&gt;</a>&nbsp;&nbsp;&nbsp;MODEM_GetCSQ
<LI><a href="#[6e]">&gt;&gt;</a>&nbsp;&nbsp;&nbsp;MMA7660_ReadStatus
<LI><a href="#[6c]">&gt;&gt;</a>&nbsp;&nbsp;&nbsp;MMA7660_Read
<LI><a href="#[65]">&gt;&gt;</a>&nbsp;&nbsp;&nbsp;IO_Control
<LI><a href="#[66]">&gt;&gt;</a>&nbsp;&nbsp;&nbsp;AlarmTask
<LI><a href="#[6d]">&gt;&gt;</a>&nbsp;&nbsp;&nbsp;AccelerometerTaskInit
<LI><a href="#[52]">&gt;&gt;</a>&nbsp;&nbsp;&nbsp;ADC_TaskInit
<LI><a href="#[6b]">&gt;&gt;</a>&nbsp;&nbsp;&nbsp;ADC_Task
<LI><a href="#[5d]">&gt;&gt;</a>&nbsp;&nbsp;&nbsp;SysDeInit
<LI><a href="#[4f]">&gt;&gt;</a>&nbsp;&nbsp;&nbsp;SysWakeUp
</UL>
<BR>[Called By]<UL><LI><a href="#[8d]">&gt;&gt;</a>&nbsp;&nbsp;&nbsp;AppRun
</UL>

<P><STRONG><a name="[6f]"></a>GSM_GPRS_Task</STRONG> (Thumb, 1026 bytes, Stack size 24 bytes, main.o(.text))
<BR><BR>[Stack]<UL><LI>Max Depth = 552<LI>Call Chain = GSM_GPRS_Task &rArr; TrackerTask &rArr; GPS_GetInfo &rArr; nmea_parse_GPRMC &rArr; _nmea_parse_time &rArr; nmea_scanf &rArr; nmea_atof &rArr; strtod &rArr; __strtod_int &rArr; _local_sscanf &rArr; _scanf_real
</UL>
<BR>[Calls]<UL><LI><a href="#[73]">&gt;&gt;</a>&nbsp;&nbsp;&nbsp;vTcpIpTaskInit
<LI><a href="#[7d]">&gt;&gt;</a>&nbsp;&nbsp;&nbsp;vTcpIpTask
<LI><a href="#[77]">&gt;&gt;</a>&nbsp;&nbsp;&nbsp;VoiceCall_Task
<LI><a href="#[7c]">&gt;&gt;</a>&nbsp;&nbsp;&nbsp;VoiceCallTask_GetPhase
<LI><a href="#[7f]">&gt;&gt;</a>&nbsp;&nbsp;&nbsp;UartConfigTask
<LI><a href="#[8a]">&gt;&gt;</a>&nbsp;&nbsp;&nbsp;TrackerTask
<LI><a href="#[63]">&gt;&gt;</a>&nbsp;&nbsp;&nbsp;TrackerGetNewData
<LI><a href="#[76]">&gt;&gt;</a>&nbsp;&nbsp;&nbsp;Sms_Task
<LI><a href="#[7b]">&gt;&gt;</a>&nbsp;&nbsp;&nbsp;SmsCheckMessage_IsEmpty
<LI><a href="#[69]">&gt;&gt;</a>&nbsp;&nbsp;&nbsp;SMS_Manage
<LI><a href="#[6a]">&gt;&gt;</a>&nbsp;&nbsp;&nbsp;RequestTableTask
<LI><a href="#[67]">&gt;&gt;</a>&nbsp;&nbsp;&nbsp;RING_Process
<LI><a href="#[83]">&gt;&gt;</a>&nbsp;&nbsp;&nbsp;Modem_IsRinging
<LI><a href="#[78]">&gt;&gt;</a>&nbsp;&nbsp;&nbsp;ModemCmd_Task
<LI><a href="#[62]">&gt;&gt;</a>&nbsp;&nbsp;&nbsp;MODEM_SendCommand
<LI><a href="#[88]">&gt;&gt;</a>&nbsp;&nbsp;&nbsp;MODEM_GoToDataMode
<LI><a href="#[68]">&gt;&gt;</a>&nbsp;&nbsp;&nbsp;MODEM_GetCSQ
<LI><a href="#[74]">&gt;&gt;</a>&nbsp;&nbsp;&nbsp;InitTimeout
<LI><a href="#[65]">&gt;&gt;</a>&nbsp;&nbsp;&nbsp;IO_Control
<LI><a href="#[75]">&gt;&gt;</a>&nbsp;&nbsp;&nbsp;Gsm_Task
<LI><a href="#[72]">&gt;&gt;</a>&nbsp;&nbsp;&nbsp;GsmTask_SetPhase
<LI><a href="#[71]">&gt;&gt;</a>&nbsp;&nbsp;&nbsp;GsmTask_InitApn
<LI><a href="#[70]">&gt;&gt;</a>&nbsp;&nbsp;&nbsp;GsmTask_Init
<LI><a href="#[82]">&gt;&gt;</a>&nbsp;&nbsp;&nbsp;GsmTask_GetPhase
<LI><a href="#[7a]">&gt;&gt;</a>&nbsp;&nbsp;&nbsp;GsmCommon_Task
<LI><a href="#[86]">&gt;&gt;</a>&nbsp;&nbsp;&nbsp;GsmCommonTask_IsIdle
<LI><a href="#[8b]">&gt;&gt;</a>&nbsp;&nbsp;&nbsp;GetDataFromLog
<LI><a href="#[84]">&gt;&gt;</a>&nbsp;&nbsp;&nbsp;FirmwareTask_IsBusy
<LI><a href="#[7e]">&gt;&gt;</a>&nbsp;&nbsp;&nbsp;FIRMWARE_Task
<LI><a href="#[8c]">&gt;&gt;</a>&nbsp;&nbsp;&nbsp;DB_U32Save
<LI><a href="#[85]">&gt;&gt;</a>&nbsp;&nbsp;&nbsp;CheckTimeout
<LI><a href="#[79]">&gt;&gt;</a>&nbsp;&nbsp;&nbsp;CallTask
<LI><a href="#[87]">&gt;&gt;</a>&nbsp;&nbsp;&nbsp;COMM_ModemIsOnline
<LI><a href="#[89]">&gt;&gt;</a>&nbsp;&nbsp;&nbsp;COMM_GoToCmdMode
<LI><a href="#[66]">&gt;&gt;</a>&nbsp;&nbsp;&nbsp;AlarmTask
<LI><a href="#[6b]">&gt;&gt;</a>&nbsp;&nbsp;&nbsp;ADC_Task
<LI><a href="#[81]">&gt;&gt;</a>&nbsp;&nbsp;&nbsp;strcpy
<LI><a href="#[80]">&gt;&gt;</a>&nbsp;&nbsp;&nbsp;strstr
</UL>
<BR>[Called By]<UL><LI><a href="#[8d]">&gt;&gt;</a>&nbsp;&nbsp;&nbsp;AppRun
</UL>

<P><STRONG><a name="[8d]"></a>AppRun</STRONG> (Thumb, 90 bytes, Stack size 8 bytes, main.o(.text))
<BR><BR>[Stack]<UL><LI>Max Depth = 560<LI>Call Chain = AppRun &rArr; GSM_GPRS_Task &rArr; TrackerTask &rArr; GPS_GetInfo &rArr; nmea_parse_GPRMC &rArr; _nmea_parse_time &rArr; nmea_scanf &rArr; nmea_atof &rArr; strtod &rArr; __strtod_int &rArr; _local_sscanf &rArr; _scanf_real
</UL>
<BR>[Calls]<UL><LI><a href="#[8f]">&gt;&gt;</a>&nbsp;&nbsp;&nbsp;SmsTask_Init
<LI><a href="#[90]">&gt;&gt;</a>&nbsp;&nbsp;&nbsp;SMS_TaskInit
<LI><a href="#[8e]">&gt;&gt;</a>&nbsp;&nbsp;&nbsp;LoadFirmwareFile
<LI><a href="#[74]">&gt;&gt;</a>&nbsp;&nbsp;&nbsp;InitTimeout
<LI><a href="#[8c]">&gt;&gt;</a>&nbsp;&nbsp;&nbsp;DB_U32Save
<LI><a href="#[85]">&gt;&gt;</a>&nbsp;&nbsp;&nbsp;CheckTimeout
<LI><a href="#[91]">&gt;&gt;</a>&nbsp;&nbsp;&nbsp;AlarmTaskInit
<LI><a href="#[6f]">&gt;&gt;</a>&nbsp;&nbsp;&nbsp;GSM_GPRS_Task
<LI><a href="#[61]">&gt;&gt;</a>&nbsp;&nbsp;&nbsp;SysSleep
</UL>
<BR>[Called By]<UL><LI><a href="#[35]">&gt;&gt;</a>&nbsp;&nbsp;&nbsp;main
</UL>

<P><STRONG><a name="[92]"></a>SysInit</STRONG> (Thumb, 164 bytes, Stack size 8 bytes, main.o(.text))
<BR><BR>[Stack]<UL><LI>Max Depth = 236<LI>Call Chain = SysInit &rArr; DB_FlashMemInit &rArr; DB_InitLog &rArr; DB_LoadEndLog &rArr; SST25_Read &rArr; SST25__Status &rArr; halSpiWriteByte
</UL>
<BR>[Calls]<UL><LI><a href="#[58]">&gt;&gt;</a>&nbsp;&nbsp;&nbsp;UartConfigTaskInit
<LI><a href="#[57]">&gt;&gt;</a>&nbsp;&nbsp;&nbsp;USART2_Init
<LI><a href="#[55]">&gt;&gt;</a>&nbsp;&nbsp;&nbsp;USART1_Init
<LI><a href="#[51]">&gt;&gt;</a>&nbsp;&nbsp;&nbsp;TICK_Init
<LI><a href="#[50]">&gt;&gt;</a>&nbsp;&nbsp;&nbsp;SystemInit
<LI><a href="#[54]">&gt;&gt;</a>&nbsp;&nbsp;&nbsp;SST25_Init
<LI><a href="#[93]">&gt;&gt;</a>&nbsp;&nbsp;&nbsp;RTC_Init
<LI><a href="#[97]">&gt;&gt;</a>&nbsp;&nbsp;&nbsp;LedInit
<LI><a href="#[95]">&gt;&gt;</a>&nbsp;&nbsp;&nbsp;IO_Init
<LI><a href="#[53]">&gt;&gt;</a>&nbsp;&nbsp;&nbsp;GPS_Enable
<LI><a href="#[56]">&gt;&gt;</a>&nbsp;&nbsp;&nbsp;GPSInit
<LI><a href="#[94]">&gt;&gt;</a>&nbsp;&nbsp;&nbsp;EXTI_Init
<LI><a href="#[96]">&gt;&gt;</a>&nbsp;&nbsp;&nbsp;DB_FlashMemInit
<LI><a href="#[6d]">&gt;&gt;</a>&nbsp;&nbsp;&nbsp;AccelerometerTaskInit
<LI><a href="#[52]">&gt;&gt;</a>&nbsp;&nbsp;&nbsp;ADC_TaskInit
<LI><a href="#[59]">&gt;&gt;</a>&nbsp;&nbsp;&nbsp;TIMER2_Init
</UL>
<BR>[Called By]<UL><LI><a href="#[35]">&gt;&gt;</a>&nbsp;&nbsp;&nbsp;main
</UL>

<P><STRONG><a name="[35]"></a>main</STRONG> (Thumb, 30 bytes, Stack size 0 bytes, main.o(.text))
<BR><BR>[Stack]<UL><LI>Max Depth = 560<LI>Call Chain = main &rArr; AppRun &rArr; GSM_GPRS_Task &rArr; TrackerTask &rArr; GPS_GetInfo &rArr; nmea_parse_GPRMC &rArr; _nmea_parse_time &rArr; nmea_scanf &rArr; nmea_atof &rArr; strtod &rArr; __strtod_int &rArr; _local_sscanf &rArr; _scanf_real
</UL>
<BR>[Calls]<UL><LI><a href="#[99]">&gt;&gt;</a>&nbsp;&nbsp;&nbsp;TrackerInit
<LI><a href="#[74]">&gt;&gt;</a>&nbsp;&nbsp;&nbsp;InitTimeout
<LI><a href="#[98]">&gt;&gt;</a>&nbsp;&nbsp;&nbsp;CFG_Load
<LI><a href="#[92]">&gt;&gt;</a>&nbsp;&nbsp;&nbsp;SysInit
<LI><a href="#[8d]">&gt;&gt;</a>&nbsp;&nbsp;&nbsp;AppRun
</UL>
<BR>[Address Reference Count : 1]<UL><LI> entry9a.o(.ARM.Collect$$$$0000000B)
</UL>
<P><STRONG><a name="[9a]"></a>mCentrelTest</STRONG> (Thumb, 130 bytes, Stack size 8 bytes, main.o(.text), UNUSED)
<BR><BR>[Calls]<UL><LI><a href="#[9c]">&gt;&gt;</a>&nbsp;&nbsp;&nbsp;SysTick_DelayMs
<LI><a href="#[76]">&gt;&gt;</a>&nbsp;&nbsp;&nbsp;Sms_Task
<LI><a href="#[8f]">&gt;&gt;</a>&nbsp;&nbsp;&nbsp;SmsTask_Init
<LI><a href="#[9b]">&gt;&gt;</a>&nbsp;&nbsp;&nbsp;RINGBUF_Get
<LI><a href="#[78]">&gt;&gt;</a>&nbsp;&nbsp;&nbsp;ModemCmd_Task
<LI><a href="#[75]">&gt;&gt;</a>&nbsp;&nbsp;&nbsp;Gsm_Task
<LI><a href="#[71]">&gt;&gt;</a>&nbsp;&nbsp;&nbsp;GsmTask_InitApn
<LI><a href="#[70]">&gt;&gt;</a>&nbsp;&nbsp;&nbsp;GsmTask_Init
<LI><a href="#[82]">&gt;&gt;</a>&nbsp;&nbsp;&nbsp;GsmTask_GetPhase
</UL>

<P><STRONG><a name="[26]"></a>TIM2_IRQHandler</STRONG> (Thumb, 220 bytes, Stack size 8 bytes, main.o(.text))
<BR><BR>[Stack]<UL><LI>Max Depth = 100<LI>Call Chain = TIM2_IRQHandler &rArr; Accelerometer_Task_MMA7660 &rArr; AccelerometerTaskInit &rArr; MMA7660_Init &rArr; MMA7660_ReadStatus &rArr; MMA7660_Read &rArr; I2C_ReadByte
</UL>
<BR>[Calls]<UL><LI><a href="#[9d]">&gt;&gt;</a>&nbsp;&nbsp;&nbsp;CtrLed
<LI><a href="#[9e]">&gt;&gt;</a>&nbsp;&nbsp;&nbsp;Accelerometer_Task_MMA7660
</UL>
<BR>[Address Reference Count : 1]<UL><LI> startup_stm32f10x_md.o(RESET)
</UL>
<P><STRONG><a name="[9f]"></a>CFG_ReLoad</STRONG> (Thumb, 16 bytes, Stack size 8 bytes, system_config.o(.text))
<BR><BR>[Stack]<UL><LI>Max Depth = 8<LI>Call Chain = CFG_ReLoad
</UL>
<BR>[Calls]<UL><LI><a href="#[a0]">&gt;&gt;</a>&nbsp;&nbsp;&nbsp;__aeabi_memcpy
</UL>
<BR>[Called By]<UL><LI><a href="#[33]">&gt;&gt;</a>&nbsp;&nbsp;&nbsp;RTCAlarm_IRQHandler
</UL>

<P><STRONG><a name="[a1]"></a>CFG_Save</STRONG> (Thumb, 188 bytes, Stack size 32 bytes, system_config.o(.text))
<BR><BR>[Stack]<UL><LI>Max Depth = 56<LI>Call Chain = CFG_Save &rArr; FLASH_ProgramWord &rArr; FLASH_WaitForLastOperation
</UL>
<BR>[Calls]<UL><LI><a href="#[a3]">&gt;&gt;</a>&nbsp;&nbsp;&nbsp;FLASH_Unlock
<LI><a href="#[a6]">&gt;&gt;</a>&nbsp;&nbsp;&nbsp;FLASH_ProgramWord
<LI><a href="#[a5]">&gt;&gt;</a>&nbsp;&nbsp;&nbsp;FLASH_Lock
<LI><a href="#[a4]">&gt;&gt;</a>&nbsp;&nbsp;&nbsp;FLASH_ErasePage
<LI><a href="#[5b]">&gt;&gt;</a>&nbsp;&nbsp;&nbsp;RTC_SetAlarm
<LI><a href="#[5a]">&gt;&gt;</a>&nbsp;&nbsp;&nbsp;RTC_GetCounter
<LI><a href="#[a2]">&gt;&gt;</a>&nbsp;&nbsp;&nbsp;memcmp
</UL>
<BR>[Called By]<UL><LI><a href="#[f6]">&gt;&gt;</a>&nbsp;&nbsp;&nbsp;CfgProcessData
<LI><a href="#[e8]">&gt;&gt;</a>&nbsp;&nbsp;&nbsp;CMD_CfgParse
<LI><a href="#[69]">&gt;&gt;</a>&nbsp;&nbsp;&nbsp;SMS_Manage
<LI><a href="#[6a]">&gt;&gt;</a>&nbsp;&nbsp;&nbsp;RequestTableTask
<LI><a href="#[98]">&gt;&gt;</a>&nbsp;&nbsp;&nbsp;CFG_Load
</UL>

<P><STRONG><a name="[98]"></a>CFG_Load</STRONG> (Thumb, 510 bytes, Stack size 24 bytes, system_config.o(.text))
<BR><BR>[Stack]<UL><LI>Max Depth = 80<LI>Call Chain = CFG_Load &rArr; CFG_Save &rArr; FLASH_ProgramWord &rArr; FLASH_WaitForLastOperation
</UL>
<BR>[Calls]<UL><LI><a href="#[a1]">&gt;&gt;</a>&nbsp;&nbsp;&nbsp;CFG_Save
<LI><a href="#[81]">&gt;&gt;</a>&nbsp;&nbsp;&nbsp;strcpy
<LI><a href="#[a7]">&gt;&gt;</a>&nbsp;&nbsp;&nbsp;__aeabi_memset
<LI><a href="#[a0]">&gt;&gt;</a>&nbsp;&nbsp;&nbsp;__aeabi_memcpy
</UL>
<BR>[Called By]<UL><LI><a href="#[e8]">&gt;&gt;</a>&nbsp;&nbsp;&nbsp;CMD_CfgParse
<LI><a href="#[35]">&gt;&gt;</a>&nbsp;&nbsp;&nbsp;main
<LI><a href="#[10d]">&gt;&gt;</a>&nbsp;&nbsp;&nbsp;FIRMWARE_Manage
<LI><a href="#[101]">&gt;&gt;</a>&nbsp;&nbsp;&nbsp;REPORTER_Manage
</UL>

<P><STRONG><a name="[207]"></a>CFG_CheckSum</STRONG> (Thumb, 44 bytes, Stack size 8 bytes, system_config.o(.text), UNUSED)

<P><STRONG><a name="[95]"></a>IO_Init</STRONG> (Thumb, 140 bytes, Stack size 0 bytes, hw_config.o(.text))
<BR><BR>[Called By]<UL><LI><a href="#[92]">&gt;&gt;</a>&nbsp;&nbsp;&nbsp;SysInit
</UL>

<P><STRONG><a name="[65]"></a>IO_Control</STRONG> (Thumb, 396 bytes, Stack size 8 bytes, hw_config.o(.text))
<BR><BR>[Stack]<UL><LI>Max Depth = 8<LI>Call Chain = IO_Control
</UL>
<BR>[Called By]<UL><LI><a href="#[6f]">&gt;&gt;</a>&nbsp;&nbsp;&nbsp;GSM_GPRS_Task
<LI><a href="#[61]">&gt;&gt;</a>&nbsp;&nbsp;&nbsp;SysSleep
</UL>

<P><STRONG><a name="[53]"></a>GPS_Enable</STRONG> (Thumb, 12 bytes, Stack size 0 bytes, hw_config.o(.text))
<BR><BR>[Called By]<UL><LI><a href="#[92]">&gt;&gt;</a>&nbsp;&nbsp;&nbsp;SysInit
<LI><a href="#[4f]">&gt;&gt;</a>&nbsp;&nbsp;&nbsp;SysWakeUp
</UL>

<P><STRONG><a name="[5f]"></a>GPS_Disable</STRONG> (Thumb, 12 bytes, Stack size 0 bytes, hw_config.o(.text))
<BR><BR>[Called By]<UL><LI><a href="#[5d]">&gt;&gt;</a>&nbsp;&nbsp;&nbsp;SysDeInit
</UL>

<P><STRONG><a name="[99]"></a>TrackerInit</STRONG> (Thumb, 10 bytes, Stack size 8 bytes, tracker.o(.text))
<BR><BR>[Stack]<UL><LI>Max Depth = 212<LI>Call Chain = TrackerInit &rArr; DB_InitLog &rArr; DB_LoadEndLog &rArr; SST25_Read &rArr; SST25__Status &rArr; halSpiWriteByte
</UL>
<BR>[Calls]<UL><LI><a href="#[a8]">&gt;&gt;</a>&nbsp;&nbsp;&nbsp;DB_InitLog
</UL>
<BR>[Called By]<UL><LI><a href="#[35]">&gt;&gt;</a>&nbsp;&nbsp;&nbsp;main
</UL>

<P><STRONG><a name="[208]"></a>TRACKER_Pause</STRONG> (Thumb, 8 bytes, Stack size 0 bytes, tracker.o(.text), UNUSED)

<P><STRONG><a name="[209]"></a>TRACKER_Resume</STRONG> (Thumb, 8 bytes, Stack size 0 bytes, tracker.o(.text), UNUSED)

<P><STRONG><a name="[8b]"></a>GetDataFromLog</STRONG> (Thumb, 62 bytes, Stack size 8 bytes, tracker.o(.text))
<BR><BR>[Stack]<UL><LI>Max Depth = 196<LI>Call Chain = GetDataFromLog &rArr; DB_LoadNextLog &rArr; DB_LoadLog &rArr; SST25_Read &rArr; SST25__Status &rArr; halSpiWriteByte
</UL>
<BR>[Calls]<UL><LI><a href="#[a9]">&gt;&gt;</a>&nbsp;&nbsp;&nbsp;DB_RingLogNext
<LI><a href="#[aa]">&gt;&gt;</a>&nbsp;&nbsp;&nbsp;DB_LoadNextLog
</UL>
<BR>[Called By]<UL><LI><a href="#[6f]">&gt;&gt;</a>&nbsp;&nbsp;&nbsp;GSM_GPRS_Task
<LI><a href="#[108]">&gt;&gt;</a>&nbsp;&nbsp;&nbsp;REPORTER_Callback
</UL>

<P><STRONG><a name="[8a]"></a>TrackerTask</STRONG> (Thumb, 1214 bytes, Stack size 48 bytes, tracker.o(.text))
<BR><BR>[Stack]<UL><LI>Max Depth = 528<LI>Call Chain = TrackerTask &rArr; GPS_GetInfo &rArr; nmea_parse_GPRMC &rArr; _nmea_parse_time &rArr; nmea_scanf &rArr; nmea_atof &rArr; strtod &rArr; __strtod_int &rArr; _local_sscanf &rArr; _scanf_real
</UL>
<BR>[Calls]<UL><LI><a href="#[b2]">&gt;&gt;</a>&nbsp;&nbsp;&nbsp;__aeabi_ui2d
<LI><a href="#[bb]">&gt;&gt;</a>&nbsp;&nbsp;&nbsp;__aeabi_fmul
<LI><a href="#[b9]">&gt;&gt;</a>&nbsp;&nbsp;&nbsp;__aeabi_fdiv
<LI><a href="#[ba]">&gt;&gt;</a>&nbsp;&nbsp;&nbsp;__aeabi_fadd
<LI><a href="#[bc]">&gt;&gt;</a>&nbsp;&nbsp;&nbsp;__aeabi_f2uiz
<LI><a href="#[b6]">&gt;&gt;</a>&nbsp;&nbsp;&nbsp;__aeabi_d2f
<LI><a href="#[bd]">&gt;&gt;</a>&nbsp;&nbsp;&nbsp;__aeabi_cfrcmple
<LI><a href="#[b7]">&gt;&gt;</a>&nbsp;&nbsp;&nbsp;__aeabi_cfcmple
<LI><a href="#[b8]">&gt;&gt;</a>&nbsp;&nbsp;&nbsp;__aeabi_cfcmpeq
<LI><a href="#[b1]">&gt;&gt;</a>&nbsp;&nbsp;&nbsp;__aeabi_cdrcmple
<LI><a href="#[b0]">&gt;&gt;</a>&nbsp;&nbsp;&nbsp;__aeabi_cdcmple
<LI><a href="#[af]">&gt;&gt;</a>&nbsp;&nbsp;&nbsp;__aeabi_cdcmpeq
<LI><a href="#[ae]">&gt;&gt;</a>&nbsp;&nbsp;&nbsp;UpdateRtcTime
<LI><a href="#[ad]">&gt;&gt;</a>&nbsp;&nbsp;&nbsp;TIME_GetSec
<LI><a href="#[b5]">&gt;&gt;</a>&nbsp;&nbsp;&nbsp;TIME_FromSec
<LI><a href="#[ac]">&gt;&gt;</a>&nbsp;&nbsp;&nbsp;TIME_FromGps
<LI><a href="#[ab]">&gt;&gt;</a>&nbsp;&nbsp;&nbsp;GPS_GetInfo
<LI><a href="#[be]">&gt;&gt;</a>&nbsp;&nbsp;&nbsp;DB_SaveLog
<LI><a href="#[b4]">&gt;&gt;</a>&nbsp;&nbsp;&nbsp;DB_FloatToU32
<LI><a href="#[74]">&gt;&gt;</a>&nbsp;&nbsp;&nbsp;InitTimeout
<LI><a href="#[8c]">&gt;&gt;</a>&nbsp;&nbsp;&nbsp;DB_U32Save
<LI><a href="#[85]">&gt;&gt;</a>&nbsp;&nbsp;&nbsp;CheckTimeout
<LI><a href="#[b3]">&gt;&gt;</a>&nbsp;&nbsp;&nbsp;__aeabi_memcpy4
</UL>
<BR>[Called By]<UL><LI><a href="#[6f]">&gt;&gt;</a>&nbsp;&nbsp;&nbsp;GSM_GPRS_Task
</UL>

<P><STRONG><a name="[63]"></a>TrackerGetNewData</STRONG> (Thumb, 8 bytes, Stack size 0 bytes, tracker.o(.text))
<BR><BR>[Called By]<UL><LI><a href="#[6f]">&gt;&gt;</a>&nbsp;&nbsp;&nbsp;GSM_GPRS_Task
<LI><a href="#[61]">&gt;&gt;</a>&nbsp;&nbsp;&nbsp;SysSleep
</UL>

<P><STRONG><a name="[c8]"></a>TrackerCrc</STRONG> (Thumb, 26 bytes, Stack size 8 bytes, tracker.o(.text))
<BR><BR>[Stack]<UL><LI>Max Depth = 8<LI>Call Chain = TrackerCrc
</UL>
<BR>[Called By]<UL><LI><a href="#[bf]">&gt;&gt;</a>&nbsp;&nbsp;&nbsp;AddTrackerPacket
</UL>

<P><STRONG><a name="[bf]"></a>AddTrackerPacket</STRONG> (Thumb, 1690 bytes, Stack size 360 bytes, tracker.o(.text))
<BR><BR>[Stack]<UL><LI>Max Depth = 448<LI>Call Chain = AddTrackerPacket &rArr; __aeabi_drsub &rArr; __aeabi_dadd &rArr; _double_epilogue &rArr; _double_round
</UL>
<BR>[Calls]<UL><LI><a href="#[c2]">&gt;&gt;</a>&nbsp;&nbsp;&nbsp;__aeabi_ui2f
<LI><a href="#[b2]">&gt;&gt;</a>&nbsp;&nbsp;&nbsp;__aeabi_ui2d
<LI><a href="#[b9]">&gt;&gt;</a>&nbsp;&nbsp;&nbsp;__aeabi_fdiv
<LI><a href="#[bc]">&gt;&gt;</a>&nbsp;&nbsp;&nbsp;__aeabi_f2uiz
<LI><a href="#[c3]">&gt;&gt;</a>&nbsp;&nbsp;&nbsp;__aeabi_f2d
<LI><a href="#[c5]">&gt;&gt;</a>&nbsp;&nbsp;&nbsp;__aeabi_drsub
<LI><a href="#[c6]">&gt;&gt;</a>&nbsp;&nbsp;&nbsp;__aeabi_dmul
<LI><a href="#[c4]">&gt;&gt;</a>&nbsp;&nbsp;&nbsp;__aeabi_d2uiz
<LI><a href="#[af]">&gt;&gt;</a>&nbsp;&nbsp;&nbsp;__aeabi_cdcmpeq
<LI><a href="#[b5]">&gt;&gt;</a>&nbsp;&nbsp;&nbsp;TIME_FromSec
<LI><a href="#[c8]">&gt;&gt;</a>&nbsp;&nbsp;&nbsp;TrackerCrc
<LI><a href="#[c1]">&gt;&gt;</a>&nbsp;&nbsp;&nbsp;__2sprintf
<LI><a href="#[c7]">&gt;&gt;</a>&nbsp;&nbsp;&nbsp;strlen
<LI><a href="#[c0]">&gt;&gt;</a>&nbsp;&nbsp;&nbsp;strcat
</UL>
<BR>[Called By]<UL><LI><a href="#[108]">&gt;&gt;</a>&nbsp;&nbsp;&nbsp;REPORTER_Callback
</UL>

<P><STRONG><a name="[20a]"></a>PrintTrackerInfo</STRONG> (Thumb, 2 bytes, Stack size 0 bytes, tracker.o(.text), UNUSED)

<P><STRONG><a name="[6b]"></a>ADC_Task</STRONG> (Thumb, 514 bytes, Stack size 64 bytes, adc_task.o(.text))
<BR><BR>[Stack]<UL><LI>Max Depth = 152<LI>Call Chain = ADC_Task &rArr; __aeabi_dadd &rArr; _double_epilogue &rArr; _double_round
</UL>
<BR>[Calls]<UL><LI><a href="#[c9]">&gt;&gt;</a>&nbsp;&nbsp;&nbsp;__aeabi_i2f
<LI><a href="#[cb]">&gt;&gt;</a>&nbsp;&nbsp;&nbsp;__aeabi_ddiv
<LI><a href="#[ca]">&gt;&gt;</a>&nbsp;&nbsp;&nbsp;__aeabi_dadd
<LI><a href="#[c3]">&gt;&gt;</a>&nbsp;&nbsp;&nbsp;__aeabi_f2d
<LI><a href="#[c5]">&gt;&gt;</a>&nbsp;&nbsp;&nbsp;__aeabi_drsub
<LI><a href="#[c6]">&gt;&gt;</a>&nbsp;&nbsp;&nbsp;__aeabi_dmul
<LI><a href="#[b6]">&gt;&gt;</a>&nbsp;&nbsp;&nbsp;__aeabi_d2f
</UL>
<BR>[Called By]<UL><LI><a href="#[6f]">&gt;&gt;</a>&nbsp;&nbsp;&nbsp;GSM_GPRS_Task
<LI><a href="#[61]">&gt;&gt;</a>&nbsp;&nbsp;&nbsp;SysSleep
</UL>

<P><STRONG><a name="[cc]"></a>ADC_TaskDeInit</STRONG> (Thumb, 26 bytes, Stack size 8 bytes, adc_task.o(.text))
<BR><BR>[Stack]<UL><LI>Max Depth = 16<LI>Call Chain = ADC_TaskDeInit &rArr; ADC_DeInit
</UL>
<BR>[Calls]<UL><LI><a href="#[cd]">&gt;&gt;</a>&nbsp;&nbsp;&nbsp;RCC_AHBPeriphClockCmd
<LI><a href="#[ce]">&gt;&gt;</a>&nbsp;&nbsp;&nbsp;ADC_DeInit
</UL>
<BR>[Called By]<UL><LI><a href="#[52]">&gt;&gt;</a>&nbsp;&nbsp;&nbsp;ADC_TaskInit
</UL>

<P><STRONG><a name="[52]"></a>ADC_TaskInit</STRONG> (Thumb, 294 bytes, Stack size 72 bytes, adc_task.o(.text))
<BR><BR>[Stack]<UL><LI>Max Depth = 96<LI>Call Chain = ADC_TaskInit &rArr; GPIO_Init
</UL>
<BR>[Calls]<UL><LI><a href="#[d0]">&gt;&gt;</a>&nbsp;&nbsp;&nbsp;RCC_APB2PeriphClockCmd
<LI><a href="#[cd]">&gt;&gt;</a>&nbsp;&nbsp;&nbsp;RCC_AHBPeriphClockCmd
<LI><a href="#[cf]">&gt;&gt;</a>&nbsp;&nbsp;&nbsp;GPIO_Init
<LI><a href="#[d2]">&gt;&gt;</a>&nbsp;&nbsp;&nbsp;DMA_Init
<LI><a href="#[de]">&gt;&gt;</a>&nbsp;&nbsp;&nbsp;DMA_GetFlagStatus
<LI><a href="#[d1]">&gt;&gt;</a>&nbsp;&nbsp;&nbsp;DMA_DeInit
<LI><a href="#[d5]">&gt;&gt;</a>&nbsp;&nbsp;&nbsp;DMA_Cmd
<LI><a href="#[df]">&gt;&gt;</a>&nbsp;&nbsp;&nbsp;DMA_ClearFlag
<LI><a href="#[d8]">&gt;&gt;</a>&nbsp;&nbsp;&nbsp;ADC_TempSensorVrefintCmd
<LI><a href="#[db]">&gt;&gt;</a>&nbsp;&nbsp;&nbsp;ADC_StartCalibration
<LI><a href="#[dd]">&gt;&gt;</a>&nbsp;&nbsp;&nbsp;ADC_SoftwareStartConvCmd
<LI><a href="#[d9]">&gt;&gt;</a>&nbsp;&nbsp;&nbsp;ADC_ResetCalibration
<LI><a href="#[d4]">&gt;&gt;</a>&nbsp;&nbsp;&nbsp;ADC_RegularChannelConfig
<LI><a href="#[d3]">&gt;&gt;</a>&nbsp;&nbsp;&nbsp;ADC_Init
<LI><a href="#[da]">&gt;&gt;</a>&nbsp;&nbsp;&nbsp;ADC_GetResetCalibrationStatus
<LI><a href="#[dc]">&gt;&gt;</a>&nbsp;&nbsp;&nbsp;ADC_GetCalibrationStatus
<LI><a href="#[d6]">&gt;&gt;</a>&nbsp;&nbsp;&nbsp;ADC_DMACmd
<LI><a href="#[d7]">&gt;&gt;</a>&nbsp;&nbsp;&nbsp;ADC_Cmd
<LI><a href="#[cc]">&gt;&gt;</a>&nbsp;&nbsp;&nbsp;ADC_TaskDeInit
</UL>
<BR>[Called By]<UL><LI><a href="#[92]">&gt;&gt;</a>&nbsp;&nbsp;&nbsp;SysInit
<LI><a href="#[61]">&gt;&gt;</a>&nbsp;&nbsp;&nbsp;SysSleep
<LI><a href="#[4f]">&gt;&gt;</a>&nbsp;&nbsp;&nbsp;SysWakeUp
</UL>

<P><STRONG><a name="[90]"></a>SMS_TaskInit</STRONG> (Thumb, 40 bytes, Stack size 8 bytes, sms_task.o(.text))
<BR><BR>[Stack]<UL><LI>Max Depth = 12<LI>Call Chain = SMS_TaskInit &rArr; InitTimeout
</UL>
<BR>[Calls]<UL><LI><a href="#[74]">&gt;&gt;</a>&nbsp;&nbsp;&nbsp;InitTimeout
<LI><a href="#[e0]">&gt;&gt;</a>&nbsp;&nbsp;&nbsp;__aeabi_memclr4
</UL>
<BR>[Called By]<UL><LI><a href="#[8d]">&gt;&gt;</a>&nbsp;&nbsp;&nbsp;AppRun
</UL>

<P><STRONG><a name="[6a]"></a>RequestTableTask</STRONG> (Thumb, 496 bytes, Stack size 32 bytes, sms_task.o(.text))
<BR><BR>[Stack]<UL><LI>Max Depth = 96<LI>Call Chain = RequestTableTask &rArr; Sms_SendMsg &rArr; SmsAddMsg &rArr; list_add &rArr; list_remove
</UL>
<BR>[Calls]<UL><LI><a href="#[e3]">&gt;&gt;</a>&nbsp;&nbsp;&nbsp;unilen
<LI><a href="#[e2]">&gt;&gt;</a>&nbsp;&nbsp;&nbsp;Sms_SendMsg
<LI><a href="#[af]">&gt;&gt;</a>&nbsp;&nbsp;&nbsp;__aeabi_cdcmpeq
<LI><a href="#[a1]">&gt;&gt;</a>&nbsp;&nbsp;&nbsp;CFG_Save
<LI><a href="#[74]">&gt;&gt;</a>&nbsp;&nbsp;&nbsp;InitTimeout
<LI><a href="#[85]">&gt;&gt;</a>&nbsp;&nbsp;&nbsp;CheckTimeout
<LI><a href="#[c1]">&gt;&gt;</a>&nbsp;&nbsp;&nbsp;__2sprintf
<LI><a href="#[81]">&gt;&gt;</a>&nbsp;&nbsp;&nbsp;strcpy
<LI><a href="#[e1]">&gt;&gt;</a>&nbsp;&nbsp;&nbsp;strcmp
<LI><a href="#[c7]">&gt;&gt;</a>&nbsp;&nbsp;&nbsp;strlen
</UL>
<BR>[Called By]<UL><LI><a href="#[6f]">&gt;&gt;</a>&nbsp;&nbsp;&nbsp;GSM_GPRS_Task
<LI><a href="#[61]">&gt;&gt;</a>&nbsp;&nbsp;&nbsp;SysSleep
</UL>

<P><STRONG><a name="[e4]"></a>UniConfigParser</STRONG> (Thumb, 112 bytes, Stack size 64 bytes, sms_task.o(.text))
<BR><BR>[Stack]<UL><LI>Max Depth = 84<LI>Call Chain = UniConfigParser &rArr; utf8s_to_ucs2s
</UL>
<BR>[Calls]<UL><LI><a href="#[e5]">&gt;&gt;</a>&nbsp;&nbsp;&nbsp;utf8s_to_ucs2s
<LI><a href="#[e3]">&gt;&gt;</a>&nbsp;&nbsp;&nbsp;unilen
<LI><a href="#[e6]">&gt;&gt;</a>&nbsp;&nbsp;&nbsp;uni_srtsrt
<LI><a href="#[e7]">&gt;&gt;</a>&nbsp;&nbsp;&nbsp;big2litel_endian
<LI><a href="#[e0]">&gt;&gt;</a>&nbsp;&nbsp;&nbsp;__aeabi_memclr4
<LI><a href="#[a0]">&gt;&gt;</a>&nbsp;&nbsp;&nbsp;__aeabi_memcpy
</UL>
<BR>[Called By]<UL><LI><a href="#[108]">&gt;&gt;</a>&nbsp;&nbsp;&nbsp;REPORTER_Callback
</UL>

<P><STRONG><a name="[e8]"></a>CMD_CfgParse</STRONG> (Thumb, 1050 bytes, Stack size 88 bytes, sms_task.o(.text))
<BR><BR>[Stack]<UL><LI>Max Depth = 352<LI>Call Chain = CMD_CfgParse &rArr; __0sscanf &rArr; __vfscanf_char &rArr; __vfscanf &rArr; _scanf_real
</UL>
<BR>[Calls]<UL><LI><a href="#[e5]">&gt;&gt;</a>&nbsp;&nbsp;&nbsp;utf8s_to_ucs2s
<LI><a href="#[e3]">&gt;&gt;</a>&nbsp;&nbsp;&nbsp;unilen
<LI><a href="#[e7]">&gt;&gt;</a>&nbsp;&nbsp;&nbsp;big2litel_endian
<LI><a href="#[e2]">&gt;&gt;</a>&nbsp;&nbsp;&nbsp;Sms_SendMsg
<LI><a href="#[ed]">&gt;&gt;</a>&nbsp;&nbsp;&nbsp;DB_RingLogReset
<LI><a href="#[eb]">&gt;&gt;</a>&nbsp;&nbsp;&nbsp;ComparePhoneNumber
<LI><a href="#[a1]">&gt;&gt;</a>&nbsp;&nbsp;&nbsp;CFG_Save
<LI><a href="#[74]">&gt;&gt;</a>&nbsp;&nbsp;&nbsp;InitTimeout
<LI><a href="#[98]">&gt;&gt;</a>&nbsp;&nbsp;&nbsp;CFG_Load
<LI><a href="#[e9]">&gt;&gt;</a>&nbsp;&nbsp;&nbsp;__rt_ctype_table
<LI><a href="#[ec]">&gt;&gt;</a>&nbsp;&nbsp;&nbsp;__0sscanf
<LI><a href="#[c1]">&gt;&gt;</a>&nbsp;&nbsp;&nbsp;__2sprintf
<LI><a href="#[81]">&gt;&gt;</a>&nbsp;&nbsp;&nbsp;strcpy
<LI><a href="#[c7]">&gt;&gt;</a>&nbsp;&nbsp;&nbsp;strlen
<LI><a href="#[80]">&gt;&gt;</a>&nbsp;&nbsp;&nbsp;strstr
<LI><a href="#[a7]">&gt;&gt;</a>&nbsp;&nbsp;&nbsp;__aeabi_memset
<LI><a href="#[a0]">&gt;&gt;</a>&nbsp;&nbsp;&nbsp;__aeabi_memcpy
<LI><a href="#[ea]">&gt;&gt;</a>&nbsp;&nbsp;&nbsp;toupper
</UL>
<BR>[Called By]<UL><LI><a href="#[69]">&gt;&gt;</a>&nbsp;&nbsp;&nbsp;SMS_Manage
</UL>

<P><STRONG><a name="[69]"></a>SMS_Manage</STRONG> (Thumb, 328 bytes, Stack size 96 bytes, sms_task.o(.text))
<BR><BR>[Stack]<UL><LI>Max Depth = 448<LI>Call Chain = SMS_Manage &rArr; CMD_CfgParse &rArr; __0sscanf &rArr; __vfscanf_char &rArr; __vfscanf &rArr; _scanf_real
</UL>
<BR>[Calls]<UL><LI><a href="#[ef]">&gt;&gt;</a>&nbsp;&nbsp;&nbsp;RINGBUF_GetFill
<LI><a href="#[ee]">&gt;&gt;</a>&nbsp;&nbsp;&nbsp;COMM_Puts
<LI><a href="#[e8]">&gt;&gt;</a>&nbsp;&nbsp;&nbsp;CMD_CfgParse
<LI><a href="#[a1]">&gt;&gt;</a>&nbsp;&nbsp;&nbsp;CFG_Save
<LI><a href="#[9c]">&gt;&gt;</a>&nbsp;&nbsp;&nbsp;SysTick_DelayMs
<LI><a href="#[9b]">&gt;&gt;</a>&nbsp;&nbsp;&nbsp;RINGBUF_Get
<LI><a href="#[62]">&gt;&gt;</a>&nbsp;&nbsp;&nbsp;MODEM_SendCommand
<LI><a href="#[74]">&gt;&gt;</a>&nbsp;&nbsp;&nbsp;InitTimeout
<LI><a href="#[85]">&gt;&gt;</a>&nbsp;&nbsp;&nbsp;CheckTimeout
<LI><a href="#[c1]">&gt;&gt;</a>&nbsp;&nbsp;&nbsp;__2sprintf
<LI><a href="#[c7]">&gt;&gt;</a>&nbsp;&nbsp;&nbsp;strlen
</UL>
<BR>[Called By]<UL><LI><a href="#[6f]">&gt;&gt;</a>&nbsp;&nbsp;&nbsp;GSM_GPRS_Task
<LI><a href="#[61]">&gt;&gt;</a>&nbsp;&nbsp;&nbsp;SysSleep
</UL>

<P><STRONG><a name="[79]"></a>CallTask</STRONG> (Thumb, 168 bytes, Stack size 288 bytes, call_task.o(.text))
<BR><BR>[Stack]<UL><LI>Max Depth = 352<LI>Call Chain = CallTask &rArr; Sms_SendMsg &rArr; SmsAddMsg &rArr; list_add &rArr; list_remove
</UL>
<BR>[Calls]<UL><LI><a href="#[e5]">&gt;&gt;</a>&nbsp;&nbsp;&nbsp;utf8s_to_ucs2s
<LI><a href="#[e3]">&gt;&gt;</a>&nbsp;&nbsp;&nbsp;unilen
<LI><a href="#[e7]">&gt;&gt;</a>&nbsp;&nbsp;&nbsp;big2litel_endian
<LI><a href="#[e2]">&gt;&gt;</a>&nbsp;&nbsp;&nbsp;Sms_SendMsg
<LI><a href="#[eb]">&gt;&gt;</a>&nbsp;&nbsp;&nbsp;ComparePhoneNumber
<LI><a href="#[7c]">&gt;&gt;</a>&nbsp;&nbsp;&nbsp;VoiceCallTask_GetPhase
<LI><a href="#[c1]">&gt;&gt;</a>&nbsp;&nbsp;&nbsp;__2sprintf
</UL>
<BR>[Called By]<UL><LI><a href="#[6f]">&gt;&gt;</a>&nbsp;&nbsp;&nbsp;GSM_GPRS_Task
</UL>

<P><STRONG><a name="[20b]"></a>CALL_TaskInit</STRONG> (Thumb, 2 bytes, Stack size 0 bytes, call_task.o(.text), UNUSED)

<P><STRONG><a name="[8e]"></a>LoadFirmwareFile</STRONG> (Thumb, 156 bytes, Stack size 16 bytes, app_config_task.o(.text))
<BR><BR>[Stack]<UL><LI>Max Depth = 60<LI>Call Chain = LoadFirmwareFile &rArr; SST25_Read &rArr; SST25__Status &rArr; halSpiWriteByte
</UL>
<BR>[Calls]<UL><LI><a href="#[f0]">&gt;&gt;</a>&nbsp;&nbsp;&nbsp;SST25_Read
</UL>
<BR>[Called By]<UL><LI><a href="#[8d]">&gt;&gt;</a>&nbsp;&nbsp;&nbsp;AppRun
</UL>

<P><STRONG><a name="[f1]"></a>AppConfigTaskInit</STRONG> (Thumb, 26 bytes, Stack size 8 bytes, app_config_task.o(.text))
<BR><BR>[Stack]<UL><LI>Max Depth = 12<LI>Call Chain = AppConfigTaskInit &rArr; InitTimeout
</UL>
<BR>[Calls]<UL><LI><a href="#[f2]">&gt;&gt;</a>&nbsp;&nbsp;&nbsp;RINGBUF_Init
<LI><a href="#[74]">&gt;&gt;</a>&nbsp;&nbsp;&nbsp;InitTimeout
</UL>
<BR>[Called By]<UL><LI><a href="#[58]">&gt;&gt;</a>&nbsp;&nbsp;&nbsp;UartConfigTaskInit
</UL>

<P><STRONG><a name="[f3]"></a>DbgCfgPrintf</STRONG> (Thumb, 74 bytes, Stack size 32 bytes, app_config_task.o(.text))
<BR><BR>[Stack]<UL><LI>Max Depth = 56<LI>Call Chain = DbgCfgPrintf &rArr; __c89vsprintf
</UL>
<BR>[Calls]<UL><LI><a href="#[f5]">&gt;&gt;</a>&nbsp;&nbsp;&nbsp;RINGBUF_Put
<LI><a href="#[9b]">&gt;&gt;</a>&nbsp;&nbsp;&nbsp;RINGBUF_Get
<LI><a href="#[f4]">&gt;&gt;</a>&nbsp;&nbsp;&nbsp;__c89vsprintf
</UL>
<BR>[Called By]<UL><LI><a href="#[77]">&gt;&gt;</a>&nbsp;&nbsp;&nbsp;VoiceCall_Task
<LI><a href="#[76]">&gt;&gt;</a>&nbsp;&nbsp;&nbsp;Sms_Task
<LI><a href="#[8f]">&gt;&gt;</a>&nbsp;&nbsp;&nbsp;SmsTask_Init
<LI><a href="#[78]">&gt;&gt;</a>&nbsp;&nbsp;&nbsp;ModemCmd_Task
<LI><a href="#[10e]">&gt;&gt;</a>&nbsp;&nbsp;&nbsp;FIRMWARE_Callback
<LI><a href="#[10d]">&gt;&gt;</a>&nbsp;&nbsp;&nbsp;FIRMWARE_Manage
<LI><a href="#[108]">&gt;&gt;</a>&nbsp;&nbsp;&nbsp;REPORTER_Callback
<LI><a href="#[101]">&gt;&gt;</a>&nbsp;&nbsp;&nbsp;REPORTER_Manage
<LI><a href="#[198]">&gt;&gt;</a>&nbsp;&nbsp;&nbsp;SmsTask_Pause
<LI><a href="#[189]">&gt;&gt;</a>&nbsp;&nbsp;&nbsp;ModemCmdTask_SendCmd
<LI><a href="#[180]">&gt;&gt;</a>&nbsp;&nbsp;&nbsp;AT_CmdCallParserInit
<LI><a href="#[16d]">&gt;&gt;</a>&nbsp;&nbsp;&nbsp;PPP__In
<LI><a href="#[16e]">&gt;&gt;</a>&nbsp;&nbsp;&nbsp;PPP__Timer
<LI><a href="#[16b]">&gt;&gt;</a>&nbsp;&nbsp;&nbsp;PPP__ProcessPacket
<LI><a href="#[16a]">&gt;&gt;</a>&nbsp;&nbsp;&nbsp;PPP__CheckLCPOptions
<LI><a href="#[161]">&gt;&gt;</a>&nbsp;&nbsp;&nbsp;PPP__ManageState
<LI><a href="#[169]">&gt;&gt;</a>&nbsp;&nbsp;&nbsp;PPP__ThisLayerStarted
<LI><a href="#[168]">&gt;&gt;</a>&nbsp;&nbsp;&nbsp;PPP__ThisLayerFinished
<LI><a href="#[167]">&gt;&gt;</a>&nbsp;&nbsp;&nbsp;PPP__ThisLayerUp
<LI><a href="#[166]">&gt;&gt;</a>&nbsp;&nbsp;&nbsp;PPP__SendConfigAck
<LI><a href="#[165]">&gt;&gt;</a>&nbsp;&nbsp;&nbsp;PPP__SendConfigNackRej
<LI><a href="#[164]">&gt;&gt;</a>&nbsp;&nbsp;&nbsp;PPP__SendTermAck
<LI><a href="#[163]">&gt;&gt;</a>&nbsp;&nbsp;&nbsp;PPP__SendConfigReq
<LI><a href="#[162]">&gt;&gt;</a>&nbsp;&nbsp;&nbsp;PPP__SendCodeRej
<LI><a href="#[160]">&gt;&gt;</a>&nbsp;&nbsp;&nbsp;PPP__ThisLayerDown
<LI><a href="#[15f]">&gt;&gt;</a>&nbsp;&nbsp;&nbsp;PPP__SendTermReq
<LI><a href="#[15e]">&gt;&gt;</a>&nbsp;&nbsp;&nbsp;PPP__SendEchoReply
</UL>

<P><STRONG><a name="[f7]"></a>CfgCalcCheckSum</STRONG> (Thumb, 26 bytes, Stack size 8 bytes, app_config_task.o(.text))
<BR><BR>[Stack]<UL><LI>Max Depth = 8<LI>Call Chain = CfgCalcCheckSum
</UL>
<BR>[Called By]<UL><LI><a href="#[f6]">&gt;&gt;</a>&nbsp;&nbsp;&nbsp;CfgProcessData
<LI><a href="#[10e]">&gt;&gt;</a>&nbsp;&nbsp;&nbsp;FIRMWARE_Callback
<LI><a href="#[10d]">&gt;&gt;</a>&nbsp;&nbsp;&nbsp;FIRMWARE_Manage
</UL>

<P><STRONG><a name="[f6]"></a>CfgProcessData</STRONG> (Thumb, 2210 bytes, Stack size 72 bytes, app_config_task.o(.text))
<BR><BR>[Stack]<UL><LI>Max Depth = 156<LI>Call Chain = CfgProcessData &rArr; SST25_Write &rArr; _SST25_Write &rArr; SST25__WriteEnable &rArr; SST25__Status &rArr; halSpiWriteByte
</UL>
<BR>[Calls]<UL><LI><a href="#[f9]">&gt;&gt;</a>&nbsp;&nbsp;&nbsp;SST25_Write
<LI><a href="#[f0]">&gt;&gt;</a>&nbsp;&nbsp;&nbsp;SST25_Read
<LI><a href="#[f8]">&gt;&gt;</a>&nbsp;&nbsp;&nbsp;SST25_Erase
<LI><a href="#[f7]">&gt;&gt;</a>&nbsp;&nbsp;&nbsp;CfgCalcCheckSum
<LI><a href="#[fa]">&gt;&gt;</a>&nbsp;&nbsp;&nbsp;NVIC_SystemReset
<LI><a href="#[a1]">&gt;&gt;</a>&nbsp;&nbsp;&nbsp;CFG_Save
<LI><a href="#[9b]">&gt;&gt;</a>&nbsp;&nbsp;&nbsp;RINGBUF_Get
<LI><a href="#[74]">&gt;&gt;</a>&nbsp;&nbsp;&nbsp;InitTimeout
<LI><a href="#[81]">&gt;&gt;</a>&nbsp;&nbsp;&nbsp;strcpy
<LI><a href="#[a7]">&gt;&gt;</a>&nbsp;&nbsp;&nbsp;__aeabi_memset
</UL>
<BR>[Called By]<UL><LI><a href="#[7e]">&gt;&gt;</a>&nbsp;&nbsp;&nbsp;FIRMWARE_Task
</UL>

<P><STRONG><a name="[10a]"></a>CfgParserPacket</STRONG> (Thumb, 170 bytes, Stack size 8 bytes, app_config_task.o(.text))
<BR><BR>[Stack]<UL><LI>Max Depth = 8<LI>Call Chain = CfgParserPacket
</UL>
<BR>[Called By]<UL><LI><a href="#[7e]">&gt;&gt;</a>&nbsp;&nbsp;&nbsp;FIRMWARE_Task
</UL>

<P><STRONG><a name="[58]"></a>UartConfigTaskInit</STRONG> (Thumb, 32 bytes, Stack size 8 bytes, uart_config_task.o(.text))
<BR><BR>[Stack]<UL><LI>Max Depth = 20<LI>Call Chain = UartConfigTaskInit &rArr; AppConfigTaskInit &rArr; InitTimeout
</UL>
<BR>[Calls]<UL><LI><a href="#[f1]">&gt;&gt;</a>&nbsp;&nbsp;&nbsp;AppConfigTaskInit
<LI><a href="#[74]">&gt;&gt;</a>&nbsp;&nbsp;&nbsp;InitTimeout
</UL>
<BR>[Called By]<UL><LI><a href="#[92]">&gt;&gt;</a>&nbsp;&nbsp;&nbsp;SysInit
<LI><a href="#[4f]">&gt;&gt;</a>&nbsp;&nbsp;&nbsp;SysWakeUp
</UL>

<P><STRONG><a name="[7f]"></a>UartConfigTask</STRONG> (Thumb, 2 bytes, Stack size 0 bytes, uart_config_task.o(.text))
<BR><BR>[Called By]<UL><LI><a href="#[6f]">&gt;&gt;</a>&nbsp;&nbsp;&nbsp;GSM_GPRS_Task
</UL>

<P><STRONG><a name="[fb]"></a>CfgUARTSendData</STRONG> (Thumb, 66 bytes, Stack size 16 bytes, uart_config_task.o(.text), UNUSED)
<BR><BR>[Calls]<UL><LI><a href="#[fc]">&gt;&gt;</a>&nbsp;&nbsp;&nbsp;USART3_PutChar
</UL>

<P><STRONG><a name="[96]"></a>DB_FlashMemInit</STRONG> (Thumb, 338 bytes, Stack size 24 bytes, database_app.o(.text))
<BR><BR>[Stack]<UL><LI>Max Depth = 228<LI>Call Chain = DB_FlashMemInit &rArr; DB_InitLog &rArr; DB_LoadEndLog &rArr; SST25_Read &rArr; SST25__Status &rArr; halSpiWriteByte
</UL>
<BR>[Calls]<UL><LI><a href="#[fd]">&gt;&gt;</a>&nbsp;&nbsp;&nbsp;DB_U32Load
<LI><a href="#[c3]">&gt;&gt;</a>&nbsp;&nbsp;&nbsp;__aeabi_f2d
<LI><a href="#[b7]">&gt;&gt;</a>&nbsp;&nbsp;&nbsp;__aeabi_cfcmple
<LI><a href="#[b1]">&gt;&gt;</a>&nbsp;&nbsp;&nbsp;__aeabi_cdrcmple
<LI><a href="#[b0]">&gt;&gt;</a>&nbsp;&nbsp;&nbsp;__aeabi_cdcmple
<LI><a href="#[a8]">&gt;&gt;</a>&nbsp;&nbsp;&nbsp;DB_InitLog
</UL>
<BR>[Called By]<UL><LI><a href="#[92]">&gt;&gt;</a>&nbsp;&nbsp;&nbsp;SysInit
</UL>

<P><STRONG><a name="[91]"></a>AlarmTaskInit</STRONG> (Thumb, 22 bytes, Stack size 8 bytes, alarm_task.o(.text))
<BR><BR>[Stack]<UL><LI>Max Depth = 12<LI>Call Chain = AlarmTaskInit &rArr; InitTimeout
</UL>
<BR>[Calls]<UL><LI><a href="#[74]">&gt;&gt;</a>&nbsp;&nbsp;&nbsp;InitTimeout
<LI><a href="#[e0]">&gt;&gt;</a>&nbsp;&nbsp;&nbsp;__aeabi_memclr4
</UL>
<BR>[Called By]<UL><LI><a href="#[8d]">&gt;&gt;</a>&nbsp;&nbsp;&nbsp;AppRun
</UL>

<P><STRONG><a name="[66]"></a>AlarmTask</STRONG> (Thumb, 300 bytes, Stack size 192 bytes, alarm_task.o(.text))
<BR><BR>[Stack]<UL><LI>Max Depth = 256<LI>Call Chain = AlarmTask &rArr; Sms_SendMsg &rArr; SmsAddMsg &rArr; list_add &rArr; list_remove
</UL>
<BR>[Calls]<UL><LI><a href="#[e5]">&gt;&gt;</a>&nbsp;&nbsp;&nbsp;utf8s_to_ucs2s
<LI><a href="#[e3]">&gt;&gt;</a>&nbsp;&nbsp;&nbsp;unilen
<LI><a href="#[e7]">&gt;&gt;</a>&nbsp;&nbsp;&nbsp;big2litel_endian
<LI><a href="#[e2]">&gt;&gt;</a>&nbsp;&nbsp;&nbsp;Sms_SendMsg
<LI><a href="#[7b]">&gt;&gt;</a>&nbsp;&nbsp;&nbsp;SmsCheckMessage_IsEmpty
<LI><a href="#[74]">&gt;&gt;</a>&nbsp;&nbsp;&nbsp;InitTimeout
<LI><a href="#[85]">&gt;&gt;</a>&nbsp;&nbsp;&nbsp;CheckTimeout
<LI><a href="#[c1]">&gt;&gt;</a>&nbsp;&nbsp;&nbsp;__2sprintf
</UL>
<BR>[Called By]<UL><LI><a href="#[6f]">&gt;&gt;</a>&nbsp;&nbsp;&nbsp;GSM_GPRS_Task
<LI><a href="#[61]">&gt;&gt;</a>&nbsp;&nbsp;&nbsp;SysSleep
</UL>

<P><STRONG><a name="[fe]"></a>LedSetStatus</STRONG> (Thumb, 18 bytes, Stack size 12 bytes, led.o(.text))
<BR><BR>[Stack]<UL><LI>Max Depth = 12<LI>Call Chain = LedSetStatus
</UL>
<BR>[Called By]<UL><LI><a href="#[97]">&gt;&gt;</a>&nbsp;&nbsp;&nbsp;LedInit
<LI><a href="#[108]">&gt;&gt;</a>&nbsp;&nbsp;&nbsp;REPORTER_Callback
<LI><a href="#[101]">&gt;&gt;</a>&nbsp;&nbsp;&nbsp;REPORTER_Manage
<LI><a href="#[17d]">&gt;&gt;</a>&nbsp;&nbsp;&nbsp;MODEM_PowerOn
</UL>

<P><STRONG><a name="[97]"></a>LedInit</STRONG> (Thumb, 46 bytes, Stack size 8 bytes, led.o(.text))
<BR><BR>[Stack]<UL><LI>Max Depth = 20<LI>Call Chain = LedInit &rArr; LedSetStatus
</UL>
<BR>[Calls]<UL><LI><a href="#[fe]">&gt;&gt;</a>&nbsp;&nbsp;&nbsp;LedSetStatus
</UL>
<BR>[Called By]<UL><LI><a href="#[92]">&gt;&gt;</a>&nbsp;&nbsp;&nbsp;SysInit
</UL>

<P><STRONG><a name="[ff]"></a>LedCtr</STRONG> (Thumb, 64 bytes, Stack size 0 bytes, led.o(.text))
<BR><BR>[Called By]<UL><LI><a href="#[9d]">&gt;&gt;</a>&nbsp;&nbsp;&nbsp;CtrLed
</UL>

<P><STRONG><a name="[9d]"></a>CtrLed</STRONG> (Thumb, 82 bytes, Stack size 8 bytes, led.o(.text))
<BR><BR>[Stack]<UL><LI>Max Depth = 8<LI>Call Chain = CtrLed
</UL>
<BR>[Calls]<UL><LI><a href="#[ff]">&gt;&gt;</a>&nbsp;&nbsp;&nbsp;LedCtr
</UL>
<BR>[Called By]<UL><LI><a href="#[26]">&gt;&gt;</a>&nbsp;&nbsp;&nbsp;TIM2_IRQHandler
</UL>

<P><STRONG><a name="[100]"></a>REPORTER_Init</STRONG> (Thumb, 26 bytes, Stack size 8 bytes, reporter.o(.text))
<BR><BR>[Stack]<UL><LI>Max Depth = 12<LI>Call Chain = REPORTER_Init &rArr; InitTimeout
</UL>
<BR>[Calls]<UL><LI><a href="#[74]">&gt;&gt;</a>&nbsp;&nbsp;&nbsp;InitTimeout
</UL>
<BR>[Called By]<UL><LI><a href="#[101]">&gt;&gt;</a>&nbsp;&nbsp;&nbsp;REPORTER_Manage
</UL>

<P><STRONG><a name="[107]"></a>REPORTER_Reset</STRONG> (Thumb, 12 bytes, Stack size 0 bytes, reporter.o(.text))
<BR><BR>[Called By]<UL><LI><a href="#[101]">&gt;&gt;</a>&nbsp;&nbsp;&nbsp;REPORTER_Manage
</UL>

<P><STRONG><a name="[101]"></a>REPORTER_Manage</STRONG> (Thumb, 460 bytes, Stack size 32 bytes, reporter.o(.text))
<BR><BR>[Stack]<UL><LI>Max Depth = 296<LI>Call Chain = REPORTER_Manage &rArr; __0sscanf &rArr; __vfscanf_char &rArr; __vfscanf &rArr; _scanf_real
</UL>
<BR>[Calls]<UL><LI><a href="#[f3]">&gt;&gt;</a>&nbsp;&nbsp;&nbsp;DbgCfgPrintf
<LI><a href="#[74]">&gt;&gt;</a>&nbsp;&nbsp;&nbsp;InitTimeout
<LI><a href="#[85]">&gt;&gt;</a>&nbsp;&nbsp;&nbsp;CheckTimeout
<LI><a href="#[98]">&gt;&gt;</a>&nbsp;&nbsp;&nbsp;CFG_Load
<LI><a href="#[104]">&gt;&gt;</a>&nbsp;&nbsp;&nbsp;uip_htons
<LI><a href="#[105]">&gt;&gt;</a>&nbsp;&nbsp;&nbsp;uip_connect
<LI><a href="#[106]">&gt;&gt;</a>&nbsp;&nbsp;&nbsp;SysTick_Get
<LI><a href="#[103]">&gt;&gt;</a>&nbsp;&nbsp;&nbsp;RESOLVER_Lookup
<LI><a href="#[102]">&gt;&gt;</a>&nbsp;&nbsp;&nbsp;Domain_IpCheck
<LI><a href="#[107]">&gt;&gt;</a>&nbsp;&nbsp;&nbsp;REPORTER_Reset
<LI><a href="#[100]">&gt;&gt;</a>&nbsp;&nbsp;&nbsp;REPORTER_Init
<LI><a href="#[fe]">&gt;&gt;</a>&nbsp;&nbsp;&nbsp;LedSetStatus
<LI><a href="#[ec]">&gt;&gt;</a>&nbsp;&nbsp;&nbsp;__0sscanf
</UL>
<BR>[Called By]<UL><LI><a href="#[7d]">&gt;&gt;</a>&nbsp;&nbsp;&nbsp;vTcpIpTask
</UL>

<P><STRONG><a name="[108]"></a>REPORTER_Callback</STRONG> (Thumb, 944 bytes, Stack size 24 bytes, reporter.o(.text))
<BR><BR>[Stack]<UL><LI>Max Depth = 472<LI>Call Chain = REPORTER_Callback &rArr; AddTrackerPacket &rArr; __aeabi_drsub &rArr; __aeabi_dadd &rArr; _double_epilogue &rArr; _double_round
</UL>
<BR>[Calls]<UL><LI><a href="#[f3]">&gt;&gt;</a>&nbsp;&nbsp;&nbsp;DbgCfgPrintf
<LI><a href="#[e4]">&gt;&gt;</a>&nbsp;&nbsp;&nbsp;UniConfigParser
<LI><a href="#[bf]">&gt;&gt;</a>&nbsp;&nbsp;&nbsp;AddTrackerPacket
<LI><a href="#[74]">&gt;&gt;</a>&nbsp;&nbsp;&nbsp;InitTimeout
<LI><a href="#[8b]">&gt;&gt;</a>&nbsp;&nbsp;&nbsp;GetDataFromLog
<LI><a href="#[85]">&gt;&gt;</a>&nbsp;&nbsp;&nbsp;CheckTimeout
<LI><a href="#[109]">&gt;&gt;</a>&nbsp;&nbsp;&nbsp;uip_send
<LI><a href="#[106]">&gt;&gt;</a>&nbsp;&nbsp;&nbsp;SysTick_Get
<LI><a href="#[fe]">&gt;&gt;</a>&nbsp;&nbsp;&nbsp;LedSetStatus
<LI><a href="#[c1]">&gt;&gt;</a>&nbsp;&nbsp;&nbsp;__2sprintf
<LI><a href="#[a2]">&gt;&gt;</a>&nbsp;&nbsp;&nbsp;memcmp
<LI><a href="#[a0]">&gt;&gt;</a>&nbsp;&nbsp;&nbsp;__aeabi_memcpy
</UL>
<BR>[Called By]<UL><LI><a href="#[116]">&gt;&gt;</a>&nbsp;&nbsp;&nbsp;UIP_TCPCallback
</UL>

<P><STRONG><a name="[84]"></a>FirmwareTask_IsBusy</STRONG> (Thumb, 28 bytes, Stack size 8 bytes, firmware_task.o(.text))
<BR><BR>[Stack]<UL><LI>Max Depth = 16<LI>Call Chain = FirmwareTask_IsBusy &rArr; CheckTimeout
</UL>
<BR>[Calls]<UL><LI><a href="#[85]">&gt;&gt;</a>&nbsp;&nbsp;&nbsp;CheckTimeout
</UL>
<BR>[Called By]<UL><LI><a href="#[6f]">&gt;&gt;</a>&nbsp;&nbsp;&nbsp;GSM_GPRS_Task
</UL>

<P><STRONG><a name="[7e]"></a>FIRMWARE_Task</STRONG> (Thumb, 192 bytes, Stack size 16 bytes, firmware_task.o(.text))
<BR><BR>[Stack]<UL><LI>Max Depth = 172<LI>Call Chain = FIRMWARE_Task &rArr; CfgProcessData &rArr; SST25_Write &rArr; _SST25_Write &rArr; SST25__WriteEnable &rArr; SST25__Status &rArr; halSpiWriteByte
</UL>
<BR>[Calls]<UL><LI><a href="#[10a]">&gt;&gt;</a>&nbsp;&nbsp;&nbsp;CfgParserPacket
<LI><a href="#[f6]">&gt;&gt;</a>&nbsp;&nbsp;&nbsp;CfgProcessData
</UL>
<BR>[Called By]<UL><LI><a href="#[6f]">&gt;&gt;</a>&nbsp;&nbsp;&nbsp;GSM_GPRS_Task
</UL>

<P><STRONG><a name="[10b]"></a>FIRMWARE_Init</STRONG> (Thumb, 36 bytes, Stack size 8 bytes, firmware_task.o(.text))
<BR><BR>[Stack]<UL><LI>Max Depth = 12<LI>Call Chain = FIRMWARE_Init &rArr; InitTimeout
</UL>
<BR>[Calls]<UL><LI><a href="#[74]">&gt;&gt;</a>&nbsp;&nbsp;&nbsp;InitTimeout
</UL>
<BR>[Called By]<UL><LI><a href="#[10d]">&gt;&gt;</a>&nbsp;&nbsp;&nbsp;FIRMWARE_Manage
</UL>

<P><STRONG><a name="[10c]"></a>FIRMWARE_Reset</STRONG> (Thumb, 34 bytes, Stack size 8 bytes, firmware_task.o(.text))
<BR><BR>[Stack]<UL><LI>Max Depth = 12<LI>Call Chain = FIRMWARE_Reset &rArr; InitTimeout
</UL>
<BR>[Calls]<UL><LI><a href="#[74]">&gt;&gt;</a>&nbsp;&nbsp;&nbsp;InitTimeout
</UL>
<BR>[Called By]<UL><LI><a href="#[7d]">&gt;&gt;</a>&nbsp;&nbsp;&nbsp;vTcpIpTask
<LI><a href="#[10e]">&gt;&gt;</a>&nbsp;&nbsp;&nbsp;FIRMWARE_Callback
<LI><a href="#[10d]">&gt;&gt;</a>&nbsp;&nbsp;&nbsp;FIRMWARE_Manage
</UL>

<P><STRONG><a name="[10d]"></a>FIRMWARE_Manage</STRONG> (Thumb, 510 bytes, Stack size 32 bytes, firmware_task.o(.text))
<BR><BR>[Stack]<UL><LI>Max Depth = 296<LI>Call Chain = FIRMWARE_Manage &rArr; __0sscanf &rArr; __vfscanf_char &rArr; __vfscanf &rArr; _scanf_real
</UL>
<BR>[Calls]<UL><LI><a href="#[f7]">&gt;&gt;</a>&nbsp;&nbsp;&nbsp;CfgCalcCheckSum
<LI><a href="#[f3]">&gt;&gt;</a>&nbsp;&nbsp;&nbsp;DbgCfgPrintf
<LI><a href="#[74]">&gt;&gt;</a>&nbsp;&nbsp;&nbsp;InitTimeout
<LI><a href="#[85]">&gt;&gt;</a>&nbsp;&nbsp;&nbsp;CheckTimeout
<LI><a href="#[98]">&gt;&gt;</a>&nbsp;&nbsp;&nbsp;CFG_Load
<LI><a href="#[10c]">&gt;&gt;</a>&nbsp;&nbsp;&nbsp;FIRMWARE_Reset
<LI><a href="#[10b]">&gt;&gt;</a>&nbsp;&nbsp;&nbsp;FIRMWARE_Init
<LI><a href="#[104]">&gt;&gt;</a>&nbsp;&nbsp;&nbsp;uip_htons
<LI><a href="#[105]">&gt;&gt;</a>&nbsp;&nbsp;&nbsp;uip_connect
<LI><a href="#[106]">&gt;&gt;</a>&nbsp;&nbsp;&nbsp;SysTick_Get
<LI><a href="#[103]">&gt;&gt;</a>&nbsp;&nbsp;&nbsp;RESOLVER_Lookup
<LI><a href="#[102]">&gt;&gt;</a>&nbsp;&nbsp;&nbsp;Domain_IpCheck
<LI><a href="#[ec]">&gt;&gt;</a>&nbsp;&nbsp;&nbsp;__0sscanf
<LI><a href="#[b3]">&gt;&gt;</a>&nbsp;&nbsp;&nbsp;__aeabi_memcpy4
<LI><a href="#[a0]">&gt;&gt;</a>&nbsp;&nbsp;&nbsp;__aeabi_memcpy
</UL>
<BR>[Called By]<UL><LI><a href="#[7d]">&gt;&gt;</a>&nbsp;&nbsp;&nbsp;vTcpIpTask
</UL>

<P><STRONG><a name="[10e]"></a>FIRMWARE_Callback</STRONG> (Thumb, 980 bytes, Stack size 8 bytes, firmware_task.o(.text))
<BR><BR>[Stack]<UL><LI>Max Depth = 64<LI>Call Chain = FIRMWARE_Callback &rArr; DbgCfgPrintf &rArr; __c89vsprintf
</UL>
<BR>[Calls]<UL><LI><a href="#[f7]">&gt;&gt;</a>&nbsp;&nbsp;&nbsp;CfgCalcCheckSum
<LI><a href="#[f3]">&gt;&gt;</a>&nbsp;&nbsp;&nbsp;DbgCfgPrintf
<LI><a href="#[74]">&gt;&gt;</a>&nbsp;&nbsp;&nbsp;InitTimeout
<LI><a href="#[85]">&gt;&gt;</a>&nbsp;&nbsp;&nbsp;CheckTimeout
<LI><a href="#[10c]">&gt;&gt;</a>&nbsp;&nbsp;&nbsp;FIRMWARE_Reset
<LI><a href="#[109]">&gt;&gt;</a>&nbsp;&nbsp;&nbsp;uip_send
<LI><a href="#[106]">&gt;&gt;</a>&nbsp;&nbsp;&nbsp;SysTick_Get
<LI><a href="#[b3]">&gt;&gt;</a>&nbsp;&nbsp;&nbsp;__aeabi_memcpy4
<LI><a href="#[a0]">&gt;&gt;</a>&nbsp;&nbsp;&nbsp;__aeabi_memcpy
</UL>
<BR>[Called By]<UL><LI><a href="#[116]">&gt;&gt;</a>&nbsp;&nbsp;&nbsp;UIP_TCPCallback
</UL>

<P><STRONG><a name="[73]"></a>vTcpIpTaskInit</STRONG> (Thumb, 36 bytes, Stack size 8 bytes, tcp_ip_task.o(.text))
<BR><BR>[Stack]<UL><LI>Max Depth = 24<LI>Call Chain = vTcpIpTaskInit &rArr; PPP_SetAuthentication
</UL>
<BR>[Calls]<UL><LI><a href="#[74]">&gt;&gt;</a>&nbsp;&nbsp;&nbsp;InitTimeout
<LI><a href="#[111]">&gt;&gt;</a>&nbsp;&nbsp;&nbsp;PPP_SetAuthentication
<LI><a href="#[110]">&gt;&gt;</a>&nbsp;&nbsp;&nbsp;PPP_Init
<LI><a href="#[10f]">&gt;&gt;</a>&nbsp;&nbsp;&nbsp;MODEM_SetApn
</UL>
<BR>[Called By]<UL><LI><a href="#[7a]">&gt;&gt;</a>&nbsp;&nbsp;&nbsp;GsmCommon_Task
<LI><a href="#[6f]">&gt;&gt;</a>&nbsp;&nbsp;&nbsp;GSM_GPRS_Task
</UL>

<P><STRONG><a name="[7d]"></a>vTcpIpTask</STRONG> (Thumb, 124 bytes, Stack size 8 bytes, tcp_ip_task.o(.text))
<BR><BR>[Stack]<UL><LI>Max Depth = 520<LI>Call Chain = vTcpIpTask &rArr; PPP_ManageLink &rArr; UIP_Periodic &rArr; uip_process &rArr; UIP_TCPCallback &rArr; REPORTER_Callback &rArr; AddTrackerPacket &rArr; __aeabi_drsub &rArr; __aeabi_dadd &rArr; _double_epilogue &rArr; _double_round
</UL>
<BR>[Calls]<UL><LI><a href="#[74]">&gt;&gt;</a>&nbsp;&nbsp;&nbsp;InitTimeout
<LI><a href="#[85]">&gt;&gt;</a>&nbsp;&nbsp;&nbsp;CheckTimeout
<LI><a href="#[114]">&gt;&gt;</a>&nbsp;&nbsp;&nbsp;RESOLVER_Reset
<LI><a href="#[115]">&gt;&gt;</a>&nbsp;&nbsp;&nbsp;RESOLVER_Manage
<LI><a href="#[112]">&gt;&gt;</a>&nbsp;&nbsp;&nbsp;PPP_ManageLink
<LI><a href="#[113]">&gt;&gt;</a>&nbsp;&nbsp;&nbsp;PPP_IsLinked
<LI><a href="#[110]">&gt;&gt;</a>&nbsp;&nbsp;&nbsp;PPP_Init
<LI><a href="#[10d]">&gt;&gt;</a>&nbsp;&nbsp;&nbsp;FIRMWARE_Manage
<LI><a href="#[10c]">&gt;&gt;</a>&nbsp;&nbsp;&nbsp;FIRMWARE_Reset
<LI><a href="#[101]">&gt;&gt;</a>&nbsp;&nbsp;&nbsp;REPORTER_Manage
</UL>
<BR>[Called By]<UL><LI><a href="#[6f]">&gt;&gt;</a>&nbsp;&nbsp;&nbsp;GSM_GPRS_Task
</UL>

<P><STRONG><a name="[116]"></a>UIP_TCPCallback</STRONG> (Thumb, 12 bytes, Stack size 8 bytes, tcp_ip_task.o(.text))
<BR><BR>[Stack]<UL><LI>Max Depth = 480<LI>Call Chain = UIP_TCPCallback &rArr; REPORTER_Callback &rArr; AddTrackerPacket &rArr; __aeabi_drsub &rArr; __aeabi_dadd &rArr; _double_epilogue &rArr; _double_round
</UL>
<BR>[Calls]<UL><LI><a href="#[10e]">&gt;&gt;</a>&nbsp;&nbsp;&nbsp;FIRMWARE_Callback
<LI><a href="#[108]">&gt;&gt;</a>&nbsp;&nbsp;&nbsp;REPORTER_Callback
</UL>
<BR>[Called By]<UL><LI><a href="#[158]">&gt;&gt;</a>&nbsp;&nbsp;&nbsp;uip_process
</UL>

<P><STRONG><a name="[117]"></a>UIP_UDPCallback</STRONG> (Thumb, 8 bytes, Stack size 8 bytes, tcp_ip_task.o(.text))
<BR><BR>[Stack]<UL><LI>Max Depth = 56<LI>Call Chain = UIP_UDPCallback &rArr; resolv_appcall &rArr; newdata
</UL>
<BR>[Calls]<UL><LI><a href="#[118]">&gt;&gt;</a>&nbsp;&nbsp;&nbsp;resolv_appcall
</UL>
<BR>[Called By]<UL><LI><a href="#[158]">&gt;&gt;</a>&nbsp;&nbsp;&nbsp;uip_process
</UL>

<P><STRONG><a name="[6d]"></a>AccelerometerTaskInit</STRONG> (Thumb, 8 bytes, Stack size 8 bytes, accelerometer_task.o(.text))
<BR><BR>[Stack]<UL><LI>Max Depth = 68<LI>Call Chain = AccelerometerTaskInit &rArr; MMA7660_Init &rArr; MMA7660_ReadStatus &rArr; MMA7660_Read &rArr; I2C_ReadByte
</UL>
<BR>[Calls]<UL><LI><a href="#[119]">&gt;&gt;</a>&nbsp;&nbsp;&nbsp;MMA7660_Init
</UL>
<BR>[Called By]<UL><LI><a href="#[9e]">&gt;&gt;</a>&nbsp;&nbsp;&nbsp;Accelerometer_Task_MMA7660
<LI><a href="#[92]">&gt;&gt;</a>&nbsp;&nbsp;&nbsp;SysInit
<LI><a href="#[61]">&gt;&gt;</a>&nbsp;&nbsp;&nbsp;SysSleep
</UL>

<P><STRONG><a name="[9e]"></a>Accelerometer_Task_MMA7660</STRONG> (Thumb, 442 bytes, Stack size 24 bytes, accelerometer_task.o(.text))
<BR><BR>[Stack]<UL><LI>Max Depth = 92<LI>Call Chain = Accelerometer_Task_MMA7660 &rArr; AccelerometerTaskInit &rArr; MMA7660_Init &rArr; MMA7660_ReadStatus &rArr; MMA7660_Read &rArr; I2C_ReadByte
</UL>
<BR>[Calls]<UL><LI><a href="#[6e]">&gt;&gt;</a>&nbsp;&nbsp;&nbsp;MMA7660_ReadStatus
<LI><a href="#[6c]">&gt;&gt;</a>&nbsp;&nbsp;&nbsp;MMA7660_Read
<LI><a href="#[6d]">&gt;&gt;</a>&nbsp;&nbsp;&nbsp;AccelerometerTaskInit
</UL>
<BR>[Called By]<UL><LI><a href="#[26]">&gt;&gt;</a>&nbsp;&nbsp;&nbsp;TIM2_IRQHandler
</UL>

<P><STRONG><a name="[0]"></a>Reset_Handler</STRONG> (Thumb, 4 bytes, Stack size 0 bytes, startup_stm32f10x_md.o(.text))
<BR>[Address Reference Count : 1]<UL><LI> startup_stm32f10x_md.o(RESET)
</UL>
<P><STRONG><a name="[1]"></a>NMI_Handler</STRONG> (Thumb, 2 bytes, Stack size 0 bytes, startup_stm32f10x_md.o(.text))
<BR><BR>[Calls]<UL><LI><a href="#[1]">&gt;&gt;</a>&nbsp;&nbsp;&nbsp;NMI_Handler
</UL>
<BR>[Called By]<UL><LI><a href="#[1]">&gt;&gt;</a>&nbsp;&nbsp;&nbsp;NMI_Handler
</UL>
<BR>[Address Reference Count : 1]<UL><LI> startup_stm32f10x_md.o(RESET)
</UL>
<P><STRONG><a name="[3]"></a>MemManage_Handler</STRONG> (Thumb, 2 bytes, Stack size 0 bytes, startup_stm32f10x_md.o(.text))
<BR><BR>[Calls]<UL><LI><a href="#[3]">&gt;&gt;</a>&nbsp;&nbsp;&nbsp;MemManage_Handler
</UL>
<BR>[Called By]<UL><LI><a href="#[3]">&gt;&gt;</a>&nbsp;&nbsp;&nbsp;MemManage_Handler
</UL>
<BR>[Address Reference Count : 1]<UL><LI> startup_stm32f10x_md.o(RESET)
</UL>
<P><STRONG><a name="[4]"></a>BusFault_Handler</STRONG> (Thumb, 2 bytes, Stack size 0 bytes, startup_stm32f10x_md.o(.text))
<BR><BR>[Calls]<UL><LI><a href="#[4]">&gt;&gt;</a>&nbsp;&nbsp;&nbsp;BusFault_Handler
</UL>
<BR>[Called By]<UL><LI><a href="#[4]">&gt;&gt;</a>&nbsp;&nbsp;&nbsp;BusFault_Handler
</UL>
<BR>[Address Reference Count : 1]<UL><LI> startup_stm32f10x_md.o(RESET)
</UL>
<P><STRONG><a name="[5]"></a>UsageFault_Handler</STRONG> (Thumb, 2 bytes, Stack size 0 bytes, startup_stm32f10x_md.o(.text))
<BR><BR>[Calls]<UL><LI><a href="#[5]">&gt;&gt;</a>&nbsp;&nbsp;&nbsp;UsageFault_Handler
</UL>
<BR>[Called By]<UL><LI><a href="#[5]">&gt;&gt;</a>&nbsp;&nbsp;&nbsp;UsageFault_Handler
</UL>
<BR>[Address Reference Count : 1]<UL><LI> startup_stm32f10x_md.o(RESET)
</UL>
<P><STRONG><a name="[6]"></a>SVC_Handler</STRONG> (Thumb, 2 bytes, Stack size 0 bytes, startup_stm32f10x_md.o(.text))
<BR><BR>[Calls]<UL><LI><a href="#[6]">&gt;&gt;</a>&nbsp;&nbsp;&nbsp;SVC_Handler
</UL>
<BR>[Called By]<UL><LI><a href="#[6]">&gt;&gt;</a>&nbsp;&nbsp;&nbsp;SVC_Handler
</UL>
<BR>[Address Reference Count : 1]<UL><LI> startup_stm32f10x_md.o(RESET)
</UL>
<P><STRONG><a name="[7]"></a>DebugMon_Handler</STRONG> (Thumb, 2 bytes, Stack size 0 bytes, startup_stm32f10x_md.o(.text))
<BR><BR>[Calls]<UL><LI><a href="#[7]">&gt;&gt;</a>&nbsp;&nbsp;&nbsp;DebugMon_Handler
</UL>
<BR>[Called By]<UL><LI><a href="#[7]">&gt;&gt;</a>&nbsp;&nbsp;&nbsp;DebugMon_Handler
</UL>
<BR>[Address Reference Count : 1]<UL><LI> startup_stm32f10x_md.o(RESET)
</UL>
<P><STRONG><a name="[8]"></a>PendSV_Handler</STRONG> (Thumb, 2 bytes, Stack size 0 bytes, startup_stm32f10x_md.o(.text))
<BR><BR>[Calls]<UL><LI><a href="#[8]">&gt;&gt;</a>&nbsp;&nbsp;&nbsp;PendSV_Handler
</UL>
<BR>[Called By]<UL><LI><a href="#[8]">&gt;&gt;</a>&nbsp;&nbsp;&nbsp;PendSV_Handler
</UL>
<BR>[Address Reference Count : 1]<UL><LI> startup_stm32f10x_md.o(RESET)
</UL>
<P><STRONG><a name="[1c]"></a>ADC1_2_IRQHandler</STRONG> (Thumb, 0 bytes, Stack size 0 bytes, startup_stm32f10x_md.o(.text))
<BR><BR>[Calls]<UL><LI><a href="#[1c]">&gt;&gt;</a>&nbsp;&nbsp;&nbsp;ADC1_2_IRQHandler
</UL>
<BR>[Called By]<UL><LI><a href="#[1c]">&gt;&gt;</a>&nbsp;&nbsp;&nbsp;ADC1_2_IRQHandler
</UL>
<BR>[Address Reference Count : 1]<UL><LI> startup_stm32f10x_md.o(RESET)
</UL>
<P><STRONG><a name="[1f]"></a>CAN1_RX1_IRQHandler</STRONG> (Thumb, 0 bytes, Stack size 0 bytes, startup_stm32f10x_md.o(.text))
<BR>[Address Reference Count : 1]<UL><LI> startup_stm32f10x_md.o(RESET)
</UL>
<P><STRONG><a name="[20]"></a>CAN1_SCE_IRQHandler</STRONG> (Thumb, 0 bytes, Stack size 0 bytes, startup_stm32f10x_md.o(.text))
<BR>[Address Reference Count : 1]<UL><LI> startup_stm32f10x_md.o(RESET)
</UL>
<P><STRONG><a name="[15]"></a>DMA1_Channel1_IRQHandler</STRONG> (Thumb, 0 bytes, Stack size 0 bytes, startup_stm32f10x_md.o(.text))
<BR>[Address Reference Count : 1]<UL><LI> startup_stm32f10x_md.o(RESET)
</UL>
<P><STRONG><a name="[16]"></a>DMA1_Channel2_IRQHandler</STRONG> (Thumb, 0 bytes, Stack size 0 bytes, startup_stm32f10x_md.o(.text))
<BR>[Address Reference Count : 1]<UL><LI> startup_stm32f10x_md.o(RESET)
</UL>
<P><STRONG><a name="[17]"></a>DMA1_Channel3_IRQHandler</STRONG> (Thumb, 0 bytes, Stack size 0 bytes, startup_stm32f10x_md.o(.text))
<BR>[Address Reference Count : 1]<UL><LI> startup_stm32f10x_md.o(RESET)
</UL>
<P><STRONG><a name="[18]"></a>DMA1_Channel4_IRQHandler</STRONG> (Thumb, 0 bytes, Stack size 0 bytes, startup_stm32f10x_md.o(.text))
<BR>[Address Reference Count : 1]<UL><LI> startup_stm32f10x_md.o(RESET)
</UL>
<P><STRONG><a name="[19]"></a>DMA1_Channel5_IRQHandler</STRONG> (Thumb, 0 bytes, Stack size 0 bytes, startup_stm32f10x_md.o(.text))
<BR>[Address Reference Count : 1]<UL><LI> startup_stm32f10x_md.o(RESET)
</UL>
<P><STRONG><a name="[1a]"></a>DMA1_Channel6_IRQHandler</STRONG> (Thumb, 0 bytes, Stack size 0 bytes, startup_stm32f10x_md.o(.text))
<BR>[Address Reference Count : 1]<UL><LI> startup_stm32f10x_md.o(RESET)
</UL>
<P><STRONG><a name="[1b]"></a>DMA1_Channel7_IRQHandler</STRONG> (Thumb, 0 bytes, Stack size 0 bytes, startup_stm32f10x_md.o(.text))
<BR>[Address Reference Count : 1]<UL><LI> startup_stm32f10x_md.o(RESET)
</UL>
<P><STRONG><a name="[10]"></a>EXTI0_IRQHandler</STRONG> (Thumb, 0 bytes, Stack size 0 bytes, startup_stm32f10x_md.o(.text))
<BR>[Address Reference Count : 1]<UL><LI> startup_stm32f10x_md.o(RESET)
</UL>
<P><STRONG><a name="[11]"></a>EXTI1_IRQHandler</STRONG> (Thumb, 0 bytes, Stack size 0 bytes, startup_stm32f10x_md.o(.text))
<BR>[Address Reference Count : 1]<UL><LI> startup_stm32f10x_md.o(RESET)
</UL>
<P><STRONG><a name="[12]"></a>EXTI2_IRQHandler</STRONG> (Thumb, 0 bytes, Stack size 0 bytes, startup_stm32f10x_md.o(.text))
<BR>[Address Reference Count : 1]<UL><LI> startup_stm32f10x_md.o(RESET)
</UL>
<P><STRONG><a name="[21]"></a>EXTI9_5_IRQHandler</STRONG> (Thumb, 0 bytes, Stack size 0 bytes, startup_stm32f10x_md.o(.text))
<BR>[Address Reference Count : 1]<UL><LI> startup_stm32f10x_md.o(RESET)
</UL>
<P><STRONG><a name="[e]"></a>FLASH_IRQHandler</STRONG> (Thumb, 0 bytes, Stack size 0 bytes, startup_stm32f10x_md.o(.text))
<BR>[Address Reference Count : 1]<UL><LI> startup_stm32f10x_md.o(RESET)
</UL>
<P><STRONG><a name="[2a]"></a>I2C1_ER_IRQHandler</STRONG> (Thumb, 0 bytes, Stack size 0 bytes, startup_stm32f10x_md.o(.text))
<BR>[Address Reference Count : 1]<UL><LI> startup_stm32f10x_md.o(RESET)
</UL>
<P><STRONG><a name="[29]"></a>I2C1_EV_IRQHandler</STRONG> (Thumb, 0 bytes, Stack size 0 bytes, startup_stm32f10x_md.o(.text))
<BR>[Address Reference Count : 1]<UL><LI> startup_stm32f10x_md.o(RESET)
</UL>
<P><STRONG><a name="[2c]"></a>I2C2_ER_IRQHandler</STRONG> (Thumb, 0 bytes, Stack size 0 bytes, startup_stm32f10x_md.o(.text))
<BR>[Address Reference Count : 1]<UL><LI> startup_stm32f10x_md.o(RESET)
</UL>
<P><STRONG><a name="[2b]"></a>I2C2_EV_IRQHandler</STRONG> (Thumb, 0 bytes, Stack size 0 bytes, startup_stm32f10x_md.o(.text))
<BR>[Address Reference Count : 1]<UL><LI> startup_stm32f10x_md.o(RESET)
</UL>
<P><STRONG><a name="[b]"></a>PVD_IRQHandler</STRONG> (Thumb, 0 bytes, Stack size 0 bytes, startup_stm32f10x_md.o(.text))
<BR>[Address Reference Count : 1]<UL><LI> startup_stm32f10x_md.o(RESET)
</UL>
<P><STRONG><a name="[f]"></a>RCC_IRQHandler</STRONG> (Thumb, 0 bytes, Stack size 0 bytes, startup_stm32f10x_md.o(.text))
<BR>[Address Reference Count : 1]<UL><LI> startup_stm32f10x_md.o(RESET)
</UL>
<P><STRONG><a name="[2d]"></a>SPI1_IRQHandler</STRONG> (Thumb, 0 bytes, Stack size 0 bytes, startup_stm32f10x_md.o(.text))
<BR>[Address Reference Count : 1]<UL><LI> startup_stm32f10x_md.o(RESET)
</UL>
<P><STRONG><a name="[2e]"></a>SPI2_IRQHandler</STRONG> (Thumb, 0 bytes, Stack size 0 bytes, startup_stm32f10x_md.o(.text))
<BR>[Address Reference Count : 1]<UL><LI> startup_stm32f10x_md.o(RESET)
</UL>
<P><STRONG><a name="[c]"></a>TAMPER_IRQHandler</STRONG> (Thumb, 0 bytes, Stack size 0 bytes, startup_stm32f10x_md.o(.text))
<BR>[Address Reference Count : 1]<UL><LI> startup_stm32f10x_md.o(RESET)
</UL>
<P><STRONG><a name="[22]"></a>TIM1_BRK_IRQHandler</STRONG> (Thumb, 0 bytes, Stack size 0 bytes, startup_stm32f10x_md.o(.text))
<BR>[Address Reference Count : 1]<UL><LI> startup_stm32f10x_md.o(RESET)
</UL>
<P><STRONG><a name="[25]"></a>TIM1_CC_IRQHandler</STRONG> (Thumb, 0 bytes, Stack size 0 bytes, startup_stm32f10x_md.o(.text))
<BR>[Address Reference Count : 1]<UL><LI> startup_stm32f10x_md.o(RESET)
</UL>
<P><STRONG><a name="[24]"></a>TIM1_TRG_COM_IRQHandler</STRONG> (Thumb, 0 bytes, Stack size 0 bytes, startup_stm32f10x_md.o(.text))
<BR>[Address Reference Count : 1]<UL><LI> startup_stm32f10x_md.o(RESET)
</UL>
<P><STRONG><a name="[23]"></a>TIM1_UP_IRQHandler</STRONG> (Thumb, 0 bytes, Stack size 0 bytes, startup_stm32f10x_md.o(.text))
<BR>[Address Reference Count : 1]<UL><LI> startup_stm32f10x_md.o(RESET)
</UL>
<P><STRONG><a name="[27]"></a>TIM3_IRQHandler</STRONG> (Thumb, 0 bytes, Stack size 0 bytes, startup_stm32f10x_md.o(.text))
<BR>[Address Reference Count : 1]<UL><LI> startup_stm32f10x_md.o(RESET)
</UL>
<P><STRONG><a name="[28]"></a>TIM4_IRQHandler</STRONG> (Thumb, 0 bytes, Stack size 0 bytes, startup_stm32f10x_md.o(.text))
<BR>[Address Reference Count : 1]<UL><LI> startup_stm32f10x_md.o(RESET)
</UL>
<P><STRONG><a name="[1d]"></a>USB_HP_CAN1_TX_IRQHandler</STRONG> (Thumb, 0 bytes, Stack size 0 bytes, startup_stm32f10x_md.o(.text))
<BR>[Address Reference Count : 1]<UL><LI> startup_stm32f10x_md.o(RESET)
</UL>
<P><STRONG><a name="[1e]"></a>USB_LP_CAN1_RX0_IRQHandler</STRONG> (Thumb, 0 bytes, Stack size 0 bytes, startup_stm32f10x_md.o(.text))
<BR>[Address Reference Count : 1]<UL><LI> startup_stm32f10x_md.o(RESET)
</UL>
<P><STRONG><a name="[a]"></a>WWDG_IRQHandler</STRONG> (Thumb, 0 bytes, Stack size 0 bytes, startup_stm32f10x_md.o(.text))
<BR>[Address Reference Count : 1]<UL><LI> startup_stm32f10x_md.o(RESET)
</UL>
<P><STRONG><a name="[50]"></a>SystemInit</STRONG> (Thumb, 76 bytes, Stack size 8 bytes, system_stm32f10x.o(.text))
<BR><BR>[Stack]<UL><LI>Max Depth = 28<LI>Call Chain = SystemInit &rArr; SetSysClock &rArr; SetSysClockTo48
</UL>
<BR>[Calls]<UL><LI><a href="#[11a]">&gt;&gt;</a>&nbsp;&nbsp;&nbsp;SetSysClock
</UL>
<BR>[Called By]<UL><LI><a href="#[92]">&gt;&gt;</a>&nbsp;&nbsp;&nbsp;SysInit
<LI><a href="#[61]">&gt;&gt;</a>&nbsp;&nbsp;&nbsp;SysSleep
<LI><a href="#[4f]">&gt;&gt;</a>&nbsp;&nbsp;&nbsp;SysWakeUp
</UL>

<P><STRONG><a name="[20c]"></a>SystemCoreClockUpdate</STRONG> (Thumb, 142 bytes, Stack size 8 bytes, system_stm32f10x.o(.text), UNUSED)

<P><STRONG><a name="[51]"></a>TICK_Init</STRONG> (Thumb, 74 bytes, Stack size 12 bytes, tick.o(.text))
<BR><BR>[Stack]<UL><LI>Max Depth = 12<LI>Call Chain = TICK_Init
</UL>
<BR>[Called By]<UL><LI><a href="#[92]">&gt;&gt;</a>&nbsp;&nbsp;&nbsp;SysInit
<LI><a href="#[61]">&gt;&gt;</a>&nbsp;&nbsp;&nbsp;SysSleep
<LI><a href="#[4f]">&gt;&gt;</a>&nbsp;&nbsp;&nbsp;SysWakeUp
</UL>

<P><STRONG><a name="[5e]"></a>TICK_DeInit</STRONG> (Thumb, 10 bytes, Stack size 0 bytes, tick.o(.text))
<BR><BR>[Called By]<UL><LI><a href="#[5d]">&gt;&gt;</a>&nbsp;&nbsp;&nbsp;SysDeInit
</UL>

<P><STRONG><a name="[9]"></a>SysTick_Handler</STRONG> (Thumb, 8 bytes, Stack size 8 bytes, tick.o(.text))
<BR><BR>[Stack]<UL><LI>Max Depth = 8<LI>Call Chain = SysTick_Handler
</UL>
<BR>[Calls]<UL><LI><a href="#[11c]">&gt;&gt;</a>&nbsp;&nbsp;&nbsp;SysTick_Task
</UL>
<BR>[Address Reference Count : 1]<UL><LI> startup_stm32f10x_md.o(RESET)
</UL>
<P><STRONG><a name="[20d]"></a>FLASH_SetLatency</STRONG> (Thumb, 18 bytes, Stack size 0 bytes, stm32f10x_flash.o(.text), UNUSED)

<P><STRONG><a name="[20e]"></a>FLASH_HalfCycleAccessCmd</STRONG> (Thumb, 22 bytes, Stack size 0 bytes, stm32f10x_flash.o(.text), UNUSED)

<P><STRONG><a name="[20f]"></a>FLASH_PrefetchBufferCmd</STRONG> (Thumb, 22 bytes, Stack size 0 bytes, stm32f10x_flash.o(.text), UNUSED)

<P><STRONG><a name="[a3]"></a>FLASH_Unlock</STRONG> (Thumb, 12 bytes, Stack size 0 bytes, stm32f10x_flash.o(.text))
<BR><BR>[Called By]<UL><LI><a href="#[a1]">&gt;&gt;</a>&nbsp;&nbsp;&nbsp;CFG_Save
</UL>

<P><STRONG><a name="[210]"></a>FLASH_UnlockBank1</STRONG> (Thumb, 12 bytes, Stack size 0 bytes, stm32f10x_flash.o(.text), UNUSED)

<P><STRONG><a name="[a5]"></a>FLASH_Lock</STRONG> (Thumb, 14 bytes, Stack size 0 bytes, stm32f10x_flash.o(.text))
<BR><BR>[Called By]<UL><LI><a href="#[a1]">&gt;&gt;</a>&nbsp;&nbsp;&nbsp;CFG_Save
</UL>

<P><STRONG><a name="[211]"></a>FLASH_LockBank1</STRONG> (Thumb, 14 bytes, Stack size 0 bytes, stm32f10x_flash.o(.text), UNUSED)

<P><STRONG><a name="[11e]"></a>FLASH_GetBank1Status</STRONG> (Thumb, 48 bytes, Stack size 0 bytes, stm32f10x_flash.o(.text))
<BR><BR>[Called By]<UL><LI><a href="#[120]">&gt;&gt;</a>&nbsp;&nbsp;&nbsp;FLASH_WaitForLastBank1Operation
<LI><a href="#[11d]">&gt;&gt;</a>&nbsp;&nbsp;&nbsp;FLASH_WaitForLastOperation
</UL>

<P><STRONG><a name="[11d]"></a>FLASH_WaitForLastOperation</STRONG> (Thumb, 38 bytes, Stack size 4 bytes, stm32f10x_flash.o(.text))
<BR><BR>[Stack]<UL><LI>Max Depth = 4<LI>Call Chain = FLASH_WaitForLastOperation
</UL>
<BR>[Calls]<UL><LI><a href="#[11e]">&gt;&gt;</a>&nbsp;&nbsp;&nbsp;FLASH_GetBank1Status
</UL>
<BR>[Called By]<UL><LI><a href="#[a6]">&gt;&gt;</a>&nbsp;&nbsp;&nbsp;FLASH_ProgramWord
<LI><a href="#[a4]">&gt;&gt;</a>&nbsp;&nbsp;&nbsp;FLASH_ErasePage
<LI><a href="#[128]">&gt;&gt;</a>&nbsp;&nbsp;&nbsp;FLASH_UserOptionByteConfig
<LI><a href="#[127]">&gt;&gt;</a>&nbsp;&nbsp;&nbsp;FLASH_ReadOutProtection
<LI><a href="#[126]">&gt;&gt;</a>&nbsp;&nbsp;&nbsp;FLASH_EnableWriteProtection
<LI><a href="#[125]">&gt;&gt;</a>&nbsp;&nbsp;&nbsp;FLASH_ProgramOptionByteData
<LI><a href="#[124]">&gt;&gt;</a>&nbsp;&nbsp;&nbsp;FLASH_ProgramHalfWord
<LI><a href="#[122]">&gt;&gt;</a>&nbsp;&nbsp;&nbsp;FLASH_EraseOptionBytes
<LI><a href="#[11f]">&gt;&gt;</a>&nbsp;&nbsp;&nbsp;FLASH_EraseAllPages
</UL>

<P><STRONG><a name="[a4]"></a>FLASH_ErasePage</STRONG> (Thumb, 72 bytes, Stack size 12 bytes, stm32f10x_flash.o(.text))
<BR><BR>[Stack]<UL><LI>Max Depth = 16<LI>Call Chain = FLASH_ErasePage &rArr; FLASH_WaitForLastOperation
</UL>
<BR>[Calls]<UL><LI><a href="#[11d]">&gt;&gt;</a>&nbsp;&nbsp;&nbsp;FLASH_WaitForLastOperation
</UL>
<BR>[Called By]<UL><LI><a href="#[a1]">&gt;&gt;</a>&nbsp;&nbsp;&nbsp;CFG_Save
</UL>

<P><STRONG><a name="[11f]"></a>FLASH_EraseAllPages</STRONG> (Thumb, 68 bytes, Stack size 8 bytes, stm32f10x_flash.o(.text), UNUSED)
<BR><BR>[Calls]<UL><LI><a href="#[11d]">&gt;&gt;</a>&nbsp;&nbsp;&nbsp;FLASH_WaitForLastOperation
</UL>

<P><STRONG><a name="[120]"></a>FLASH_WaitForLastBank1Operation</STRONG> (Thumb, 38 bytes, Stack size 4 bytes, stm32f10x_flash.o(.text), UNUSED)
<BR><BR>[Calls]<UL><LI><a href="#[11e]">&gt;&gt;</a>&nbsp;&nbsp;&nbsp;FLASH_GetBank1Status
</UL>
<BR>[Called By]<UL><LI><a href="#[121]">&gt;&gt;</a>&nbsp;&nbsp;&nbsp;FLASH_EraseAllBank1Pages
</UL>

<P><STRONG><a name="[121]"></a>FLASH_EraseAllBank1Pages</STRONG> (Thumb, 68 bytes, Stack size 8 bytes, stm32f10x_flash.o(.text), UNUSED)
<BR><BR>[Calls]<UL><LI><a href="#[120]">&gt;&gt;</a>&nbsp;&nbsp;&nbsp;FLASH_WaitForLastBank1Operation
</UL>

<P><STRONG><a name="[123]"></a>FLASH_GetReadOutProtectionStatus</STRONG> (Thumb, 20 bytes, Stack size 0 bytes, stm32f10x_flash.o(.text), UNUSED)
<BR><BR>[Called By]<UL><LI><a href="#[122]">&gt;&gt;</a>&nbsp;&nbsp;&nbsp;FLASH_EraseOptionBytes
</UL>

<P><STRONG><a name="[122]"></a>FLASH_EraseOptionBytes</STRONG> (Thumb, 150 bytes, Stack size 12 bytes, stm32f10x_flash.o(.text), UNUSED)
<BR><BR>[Calls]<UL><LI><a href="#[123]">&gt;&gt;</a>&nbsp;&nbsp;&nbsp;FLASH_GetReadOutProtectionStatus
<LI><a href="#[11d]">&gt;&gt;</a>&nbsp;&nbsp;&nbsp;FLASH_WaitForLastOperation
</UL>

<P><STRONG><a name="[a6]"></a>FLASH_ProgramWord</STRONG> (Thumb, 102 bytes, Stack size 20 bytes, stm32f10x_flash.o(.text))
<BR><BR>[Stack]<UL><LI>Max Depth = 24<LI>Call Chain = FLASH_ProgramWord &rArr; FLASH_WaitForLastOperation
</UL>
<BR>[Calls]<UL><LI><a href="#[11d]">&gt;&gt;</a>&nbsp;&nbsp;&nbsp;FLASH_WaitForLastOperation
</UL>
<BR>[Called By]<UL><LI><a href="#[a1]">&gt;&gt;</a>&nbsp;&nbsp;&nbsp;CFG_Save
</UL>

<P><STRONG><a name="[124]"></a>FLASH_ProgramHalfWord</STRONG> (Thumb, 60 bytes, Stack size 16 bytes, stm32f10x_flash.o(.text), UNUSED)
<BR><BR>[Calls]<UL><LI><a href="#[11d]">&gt;&gt;</a>&nbsp;&nbsp;&nbsp;FLASH_WaitForLastOperation
</UL>

<P><STRONG><a name="[125]"></a>FLASH_ProgramOptionByteData</STRONG> (Thumb, 72 bytes, Stack size 16 bytes, stm32f10x_flash.o(.text), UNUSED)
<BR><BR>[Calls]<UL><LI><a href="#[11d]">&gt;&gt;</a>&nbsp;&nbsp;&nbsp;FLASH_WaitForLastOperation
</UL>

<P><STRONG><a name="[126]"></a>FLASH_EnableWriteProtection</STRONG> (Thumb, 200 bytes, Stack size 28 bytes, stm32f10x_flash.o(.text), UNUSED)
<BR><BR>[Calls]<UL><LI><a href="#[11d]">&gt;&gt;</a>&nbsp;&nbsp;&nbsp;FLASH_WaitForLastOperation
</UL>

<P><STRONG><a name="[127]"></a>FLASH_ReadOutProtection</STRONG> (Thumb, 156 bytes, Stack size 12 bytes, stm32f10x_flash.o(.text), UNUSED)
<BR><BR>[Calls]<UL><LI><a href="#[11d]">&gt;&gt;</a>&nbsp;&nbsp;&nbsp;FLASH_WaitForLastOperation
</UL>

<P><STRONG><a name="[128]"></a>FLASH_UserOptionByteConfig</STRONG> (Thumb, 88 bytes, Stack size 20 bytes, stm32f10x_flash.o(.text), UNUSED)
<BR><BR>[Calls]<UL><LI><a href="#[11d]">&gt;&gt;</a>&nbsp;&nbsp;&nbsp;FLASH_WaitForLastOperation
</UL>

<P><STRONG><a name="[212]"></a>FLASH_GetUserOptionByte</STRONG> (Thumb, 8 bytes, Stack size 0 bytes, stm32f10x_flash.o(.text), UNUSED)

<P><STRONG><a name="[213]"></a>FLASH_GetWriteProtectionOptionByte</STRONG> (Thumb, 6 bytes, Stack size 0 bytes, stm32f10x_flash.o(.text), UNUSED)

<P><STRONG><a name="[214]"></a>FLASH_GetPrefetchBufferStatus</STRONG> (Thumb, 20 bytes, Stack size 0 bytes, stm32f10x_flash.o(.text), UNUSED)

<P><STRONG><a name="[215]"></a>FLASH_ITConfig</STRONG> (Thumb, 26 bytes, Stack size 0 bytes, stm32f10x_flash.o(.text), UNUSED)

<P><STRONG><a name="[216]"></a>FLASH_GetFlagStatus</STRONG> (Thumb, 42 bytes, Stack size 0 bytes, stm32f10x_flash.o(.text), UNUSED)

<P><STRONG><a name="[217]"></a>FLASH_ClearFlag</STRONG> (Thumb, 6 bytes, Stack size 0 bytes, stm32f10x_flash.o(.text), UNUSED)

[...]
<BR><BR>[Stack]<UL><LI>Max Depth = 112<LI>Call Chain = floor &rArr; __aeabi_dadd &rArr; _double_epilogue &rArr; _double_round
</UL>
<BR>[Calls]<UL><LI><a href="#[ca]">&gt;&gt;</a>&nbsp;&nbsp;&nbsp;__aeabi_dadd
<LI><a href="#[c5]">&gt;&gt;</a>&nbsp;&nbsp;&nbsp;__aeabi_drsub
<LI><a href="#[b1]">&gt;&gt;</a>&nbsp;&nbsp;&nbsp;__aeabi_cdrcmple
</UL>
<BR>[Called By]<UL><LI><a href="#[1b5]">&gt;&gt;</a>&nbsp;&nbsp;&nbsp;formatLatLng
</UL>

<P><STRONG><a name="[1bc]"></a>strtod</STRONG> (Thumb, 28 bytes, Stack size 16 bytes, strtod.o(i.strtod))
<BR><BR>[Stack]<UL><LI>Max Depth = 216<LI>Call Chain = strtod &rArr; __strtod_int &rArr; _local_sscanf &rArr; _scanf_real
</UL>
<BR>[Calls]<UL><LI><a href="#[1f6]">&gt;&gt;</a>&nbsp;&nbsp;&nbsp;__strtod_int
</UL>
<BR>[Called By]<UL><LI><a href="#[1bb]">&gt;&gt;</a>&nbsp;&nbsp;&nbsp;nmea_atof
</UL>
<P>
<H3>
Local Symbols
</H3>
<P><STRONG><a name="[fa]"></a>NVIC_SystemReset</STRONG> (Thumb, 26 bytes, Stack size 0 bytes, app_config_task.o(.text))
<BR><BR>[Called By]<UL><LI><a href="#[f6]">&gt;&gt;</a>&nbsp;&nbsp;&nbsp;CfgProcessData
</UL>

<P><STRONG><a name="[11b]"></a>SetSysClockTo48</STRONG> (Thumb, 212 bytes, Stack size 12 bytes, system_stm32f10x.o(.text))
<BR><BR>[Stack]<UL><LI>Max Depth = 12<LI>Call Chain = SetSysClockTo48
</UL>
<BR>[Called By]<UL><LI><a href="#[11a]">&gt;&gt;</a>&nbsp;&nbsp;&nbsp;SetSysClock
</UL>

<P><STRONG><a name="[11a]"></a>SetSysClock</STRONG> (Thumb, 8 bytes, Stack size 8 bytes, system_stm32f10x.o(.text))
<BR><BR>[Stack]<UL><LI>Max Depth = 20<LI>Call Chain = SetSysClock &rArr; SetSysClockTo48
</UL>
<BR>[Calls]<UL><LI><a href="#[11b]">&gt;&gt;</a>&nbsp;&nbsp;&nbsp;SetSysClockTo48
</UL>
<BR>[Called By]<UL><LI><a href="#[50]">&gt;&gt;</a>&nbsp;&nbsp;&nbsp;SystemInit
</UL>

<P><STRONG><a name="[136]"></a>NVIC_SystemReset</STRONG> (Thumb, 26 bytes, Stack size 0 bytes, rtc.o(.text))
<BR><BR>[Called By]<UL><LI><a href="#[33]">&gt;&gt;</a>&nbsp;&nbsp;&nbsp;RTCAlarm_IRQHandler
</UL>

<P><STRONG><a name="[13a]"></a>NVIC_SetPriority</STRONG> (Thumb, 32 bytes, Stack size 8 bytes, exti.o(.text))
<BR><BR>[Stack]<UL><LI>Max Depth = 8<LI>Call Chain = NVIC_SetPriority
</UL>
<BR>[Called By]<UL><LI><a href="#[94]">&gt;&gt;</a>&nbsp;&nbsp;&nbsp;EXTI_Init
</UL>

<P><STRONG><a name="[13b]"></a>NVIC_EnableIRQ</STRONG> (Thumb, 24 bytes, Stack size 0 bytes, exti.o(.text))
<BR><BR>[Called By]<UL><LI><a href="#[94]">&gt;&gt;</a>&nbsp;&nbsp;&nbsp;EXTI_Init
</UL>

<P><STRONG><a name="[14a]"></a>parse_name</STRONG> (Thumb, 30 bytes, Stack size 0 bytes, resolv.o(.text))
<BR><BR>[Called By]<UL><LI><a href="#[149]">&gt;&gt;</a>&nbsp;&nbsp;&nbsp;newdata
</UL>

<P><STRONG><a name="[147]"></a>check_entries</STRONG> (Thumb, 264 bytes, Stack size 24 bytes, resolv.o(.text))
<BR><BR>[Stack]<UL><LI>Max Depth = 40<LI>Call Chain = check_entries &rArr; uip_send
</UL>
<BR>[Calls]<UL><LI><a href="#[148]">&gt;&gt;</a>&nbsp;&nbsp;&nbsp;resolv_found
<LI><a href="#[109]">&gt;&gt;</a>&nbsp;&nbsp;&nbsp;uip_send
<LI><a href="#[104]">&gt;&gt;</a>&nbsp;&nbsp;&nbsp;uip_htons
</UL>
<BR>[Called By]<UL><LI><a href="#[118]">&gt;&gt;</a>&nbsp;&nbsp;&nbsp;resolv_appcall
</UL>

<P><STRONG><a name="[149]"></a>newdata</STRONG> (Thumb, 230 bytes, Stack size 40 bytes, resolv.o(.text))
<BR><BR>[Stack]<UL><LI>Max Depth = 40<LI>Call Chain = newdata
</UL>
<BR>[Calls]<UL><LI><a href="#[14a]">&gt;&gt;</a>&nbsp;&nbsp;&nbsp;parse_name
<LI><a href="#[148]">&gt;&gt;</a>&nbsp;&nbsp;&nbsp;resolv_found
<LI><a href="#[104]">&gt;&gt;</a>&nbsp;&nbsp;&nbsp;uip_htons
<LI><a href="#[a0]">&gt;&gt;</a>&nbsp;&nbsp;&nbsp;__aeabi_memcpy
</UL>
<BR>[Called By]<UL><LI><a href="#[118]">&gt;&gt;</a>&nbsp;&nbsp;&nbsp;resolv_appcall
</UL>

<P><STRONG><a name="[151]"></a>chksum</STRONG> (Thumb, 70 bytes, Stack size 20 bytes, uip.o(.text))
<BR><BR>[Stack]<UL><LI>Max Depth = 20<LI>Call Chain = chksum
</UL>
<BR>[Called By]<UL><LI><a href="#[153]">&gt;&gt;</a>&nbsp;&nbsp;&nbsp;upper_layer_chksum
<LI><a href="#[152]">&gt;&gt;</a>&nbsp;&nbsp;&nbsp;uip_ipchksum
<LI><a href="#[150]">&gt;&gt;</a>&nbsp;&nbsp;&nbsp;uip_chksum
</UL>

<P><STRONG><a name="[153]"></a>upper_layer_chksum</STRONG> (Thumb, 68 bytes, Stack size 16 bytes, uip.o(.text))
<BR><BR>[Stack]<UL><LI>Max Depth = 36<LI>Call Chain = upper_layer_chksum &rArr; chksum
</UL>
<BR>[Calls]<UL><LI><a href="#[151]">&gt;&gt;</a>&nbsp;&nbsp;&nbsp;chksum
<LI><a href="#[104]">&gt;&gt;</a>&nbsp;&nbsp;&nbsp;uip_htons
</UL>
<BR>[Called By]<UL><LI><a href="#[155]">&gt;&gt;</a>&nbsp;&nbsp;&nbsp;uip_udpchksum
<LI><a href="#[154]">&gt;&gt;</a>&nbsp;&nbsp;&nbsp;uip_tcpchksum
</UL>

<P><STRONG><a name="[156]"></a>uip_add_rcv_nxt</STRONG> (Thumb, 58 bytes, Stack size 8 bytes, uip.o(.text))
<BR><BR>[Stack]<UL><LI>Max Depth = 8<LI>Call Chain = uip_add_rcv_nxt
</UL>
<BR>[Calls]<UL><LI><a href="#[157]">&gt;&gt;</a>&nbsp;&nbsp;&nbsp;uip_add32
</UL>
<BR>[Called By]<UL><LI><a href="#[158]">&gt;&gt;</a>&nbsp;&nbsp;&nbsp;uip_process
</UL>

<P><STRONG><a name="[15e]"></a>PPP__SendEchoReply</STRONG> (Thumb, 40 bytes, Stack size 8 bytes, ppp.o(.text))
<BR><BR>[Stack]<UL><LI>Max Depth = 64<LI>Call Chain = PPP__SendEchoReply &rArr; DbgCfgPrintf &rArr; __c89vsprintf
</UL>
<BR>[Calls]<UL><LI><a href="#[f3]">&gt;&gt;</a>&nbsp;&nbsp;&nbsp;DbgCfgPrintf
<LI><a href="#[15b]">&gt;&gt;</a>&nbsp;&nbsp;&nbsp;PPP_Send
<LI><a href="#[a0]">&gt;&gt;</a>&nbsp;&nbsp;&nbsp;__aeabi_memcpy
</UL>
<BR>[Called By]<UL><LI><a href="#[161]">&gt;&gt;</a>&nbsp;&nbsp;&nbsp;PPP__ManageState
</UL>

<P><STRONG><a name="[15f]"></a>PPP__SendTermReq</STRONG> (Thumb, 24 bytes, Stack size 8 bytes, ppp.o(.text))
<BR><BR>[Stack]<UL><LI>Max Depth = 64<LI>Call Chain = PPP__SendTermReq &rArr; DbgCfgPrintf &rArr; __c89vsprintf
</UL>
<BR>[Calls]<UL><LI><a href="#[f3]">&gt;&gt;</a>&nbsp;&nbsp;&nbsp;DbgCfgPrintf
<LI><a href="#[106]">&gt;&gt;</a>&nbsp;&nbsp;&nbsp;SysTick_Get
</UL>
<BR>[Called By]<UL><LI><a href="#[161]">&gt;&gt;</a>&nbsp;&nbsp;&nbsp;PPP__ManageState
</UL>

<P><STRONG><a name="[160]"></a>PPP__ThisLayerDown</STRONG> (Thumb, 84 bytes, Stack size 8 bytes, ppp.o(.text))
<BR><BR>[Stack]<UL><LI>Max Depth = 64 + In Cycle
<LI>Call Chain = PPP__ThisLayerDown &rArr;  PPP__ManageState (Cycle)
</UL>
<BR>[Calls]<UL><LI><a href="#[f3]">&gt;&gt;</a>&nbsp;&nbsp;&nbsp;DbgCfgPrintf
<LI><a href="#[161]">&gt;&gt;</a>&nbsp;&nbsp;&nbsp;PPP__ManageState
</UL>
<BR>[Called By]<UL><LI><a href="#[112]">&gt;&gt;</a>&nbsp;&nbsp;&nbsp;PPP_ManageLink
<LI><a href="#[176]">&gt;&gt;</a>&nbsp;&nbsp;&nbsp;PPP_ReInit
<LI><a href="#[161]">&gt;&gt;</a>&nbsp;&nbsp;&nbsp;PPP__ManageState
</UL>

<P><STRONG><a name="[162]"></a>PPP__SendCodeRej</STRONG> (Thumb, 10 bytes, Stack size 8 bytes, ppp.o(.text))
<BR><BR>[Stack]<UL><LI>Max Depth = 64<LI>Call Chain = PPP__SendCodeRej &rArr; DbgCfgPrintf &rArr; __c89vsprintf
</UL>
<BR>[Calls]<UL><LI><a href="#[f3]">&gt;&gt;</a>&nbsp;&nbsp;&nbsp;DbgCfgPrintf
</UL>
<BR>[Called By]<UL><LI><a href="#[161]">&gt;&gt;</a>&nbsp;&nbsp;&nbsp;PPP__ManageState
</UL>

<P><STRONG><a name="[163]"></a>PPP__SendConfigReq</STRONG> (Thumb, 376 bytes, Stack size 16 bytes, ppp.o(.text))
<BR><BR>[Stack]<UL><LI>Max Depth = 72<LI>Call Chain = PPP__SendConfigReq &rArr; DbgCfgPrintf &rArr; __c89vsprintf
</UL>
<BR>[Calls]<UL><LI><a href="#[f3]">&gt;&gt;</a>&nbsp;&nbsp;&nbsp;DbgCfgPrintf
<LI><a href="#[106]">&gt;&gt;</a>&nbsp;&nbsp;&nbsp;SysTick_Get
<LI><a href="#[15b]">&gt;&gt;</a>&nbsp;&nbsp;&nbsp;PPP_Send
<LI><a href="#[c7]">&gt;&gt;</a>&nbsp;&nbsp;&nbsp;strlen
<LI><a href="#[a0]">&gt;&gt;</a>&nbsp;&nbsp;&nbsp;__aeabi_memcpy
</UL>
<BR>[Called By]<UL><LI><a href="#[161]">&gt;&gt;</a>&nbsp;&nbsp;&nbsp;PPP__ManageState
</UL>

<P><STRONG><a name="[164]"></a>PPP__SendTermAck</STRONG> (Thumb, 40 bytes, Stack size 8 bytes, ppp.o(.text))
<BR><BR>[Stack]<UL><LI>Max Depth = 64<LI>Call Chain = PPP__SendTermAck &rArr; DbgCfgPrintf &rArr; __c89vsprintf
</UL>
<BR>[Calls]<UL><LI><a href="#[f3]">&gt;&gt;</a>&nbsp;&nbsp;&nbsp;DbgCfgPrintf
<LI><a href="#[15b]">&gt;&gt;</a>&nbsp;&nbsp;&nbsp;PPP_Send
<LI><a href="#[a0]">&gt;&gt;</a>&nbsp;&nbsp;&nbsp;__aeabi_memcpy
</UL>
<BR>[Called By]<UL><LI><a href="#[161]">&gt;&gt;</a>&nbsp;&nbsp;&nbsp;PPP__ManageState
</UL>

<P><STRONG><a name="[165]"></a>PPP__SendConfigNackRej</STRONG> (Thumb, 22 bytes, Stack size 8 bytes, ppp.o(.text))
<BR><BR>[Stack]<UL><LI>Max Depth = 64<LI>Call Chain = PPP__SendConfigNackRej &rArr; DbgCfgPrintf &rArr; __c89vsprintf
</UL>
<BR>[Calls]<UL><LI><a href="#[f3]">&gt;&gt;</a>&nbsp;&nbsp;&nbsp;DbgCfgPrintf
<LI><a href="#[15b]">&gt;&gt;</a>&nbsp;&nbsp;&nbsp;PPP_Send
</UL>
<BR>[Called By]<UL><LI><a href="#[161]">&gt;&gt;</a>&nbsp;&nbsp;&nbsp;PPP__ManageState
</UL>

<P><STRONG><a name="[166]"></a>PPP__SendConfigAck</STRONG> (Thumb, 40 bytes, Stack size 8 bytes, ppp.o(.text))
<BR><BR>[Stack]<UL><LI>Max Depth = 64<LI>Call Chain = PPP__SendConfigAck &rArr; DbgCfgPrintf &rArr; __c89vsprintf
</UL>
<BR>[Calls]<UL><LI><a href="#[f3]">&gt;&gt;</a>&nbsp;&nbsp;&nbsp;DbgCfgPrintf
<LI><a href="#[15b]">&gt;&gt;</a>&nbsp;&nbsp;&nbsp;PPP_Send
<LI><a href="#[a0]">&gt;&gt;</a>&nbsp;&nbsp;&nbsp;__aeabi_memcpy
</UL>
<BR>[Called By]<UL><LI><a href="#[161]">&gt;&gt;</a>&nbsp;&nbsp;&nbsp;PPP__ManageState
</UL>

<P><STRONG><a name="[167]"></a>PPP__ThisLayerUp</STRONG> (Thumb, 894 bytes, Stack size 24 bytes, ppp.o(.text))
<BR><BR>[Stack]<UL><LI>Max Depth = 80 + In Cycle
<LI>Call Chain = PPP__ThisLayerUp &rArr;  PPP__ManageState (Cycle)
</UL>
<BR>[Calls]<UL><LI><a href="#[f3]">&gt;&gt;</a>&nbsp;&nbsp;&nbsp;DbgCfgPrintf
<LI><a href="#[161]">&gt;&gt;</a>&nbsp;&nbsp;&nbsp;PPP__ManageState
<LI><a href="#[159]">&gt;&gt;</a>&nbsp;&nbsp;&nbsp;UIP_SetHostAddr
</UL>
<BR>[Called By]<UL><LI><a href="#[161]">&gt;&gt;</a>&nbsp;&nbsp;&nbsp;PPP__ManageState
</UL>

<P><STRONG><a name="[168]"></a>PPP__ThisLayerFinished</STRONG> (Thumb, 84 bytes, Stack size 8 bytes, ppp.o(.text))
<BR><BR>[Stack]<UL><LI>Max Depth = 64 + In Cycle
<LI>Call Chain = PPP__ThisLayerFinished &rArr;  PPP__ManageState (Cycle)
</UL>
<BR>[Calls]<UL><LI><a href="#[f3]">&gt;&gt;</a>&nbsp;&nbsp;&nbsp;DbgCfgPrintf
<LI><a href="#[161]">&gt;&gt;</a>&nbsp;&nbsp;&nbsp;PPP__ManageState
</UL>
<BR>[Called By]<UL><LI><a href="#[161]">&gt;&gt;</a>&nbsp;&nbsp;&nbsp;PPP__ManageState
</UL>

<P><STRONG><a name="[169]"></a>PPP__ThisLayerStarted</STRONG> (Thumb, 46 bytes, Stack size 8 bytes, ppp.o(.text))
<BR><BR>[Stack]<UL><LI>Max Depth = 64<LI>Call Chain = PPP__ThisLayerStarted &rArr; DbgCfgPrintf &rArr; __c89vsprintf
</UL>
<BR>[Calls]<UL><LI><a href="#[f3]">&gt;&gt;</a>&nbsp;&nbsp;&nbsp;DbgCfgPrintf
</UL>
<BR>[Called By]<UL><LI><a href="#[161]">&gt;&gt;</a>&nbsp;&nbsp;&nbsp;PPP__ManageState
</UL>

<P><STRONG><a name="[161]"></a>PPP__ManageState</STRONG> (Thumb, 1616 bytes, Stack size 16 bytes, ppp.o(.text))
<BR><BR>[Stack]<UL><LI>Max Depth = 96<LI>Call Chain = PPP__ManageState &rArr; PPP__ThisLayerUp &rArr;  PPP__ManageState (Cycle)
</UL>
<BR>[Calls]<UL><LI><a href="#[f3]">&gt;&gt;</a>&nbsp;&nbsp;&nbsp;DbgCfgPrintf
<LI><a href="#[106]">&gt;&gt;</a>&nbsp;&nbsp;&nbsp;SysTick_Get
<LI><a href="#[169]">&gt;&gt;</a>&nbsp;&nbsp;&nbsp;PPP__ThisLayerStarted
<LI><a href="#[168]">&gt;&gt;</a>&nbsp;&nbsp;&nbsp;PPP__ThisLayerFinished
<LI><a href="#[167]">&gt;&gt;</a>&nbsp;&nbsp;&nbsp;PPP__ThisLayerUp
<LI><a href="#[166]">&gt;&gt;</a>&nbsp;&nbsp;&nbsp;PPP__SendConfigAck
<LI><a href="#[165]">&gt;&gt;</a>&nbsp;&nbsp;&nbsp;PPP__SendConfigNackRej
<LI><a href="#[164]">&gt;&gt;</a>&nbsp;&nbsp;&nbsp;PPP__SendTermAck
<LI><a href="#[163]">&gt;&gt;</a>&nbsp;&nbsp;&nbsp;PPP__SendConfigReq
<LI><a href="#[162]">&gt;&gt;</a>&nbsp;&nbsp;&nbsp;PPP__SendCodeRej
<LI><a href="#[160]">&gt;&gt;</a>&nbsp;&nbsp;&nbsp;PPP__ThisLayerDown
<LI><a href="#[15f]">&gt;&gt;</a>&nbsp;&nbsp;&nbsp;PPP__SendTermReq
<LI><a href="#[15e]">&gt;&gt;</a>&nbsp;&nbsp;&nbsp;PPP__SendEchoReply
</UL>
<BR>[Called By]<UL><LI><a href="#[16f]">&gt;&gt;</a>&nbsp;&nbsp;&nbsp;PPP__Open
<LI><a href="#[16e]">&gt;&gt;</a>&nbsp;&nbsp;&nbsp;PPP__Timer
<LI><a href="#[16b]">&gt;&gt;</a>&nbsp;&nbsp;&nbsp;PPP__ProcessPacket
<LI><a href="#[168]">&gt;&gt;</a>&nbsp;&nbsp;&nbsp;PPP__ThisLayerFinished
<LI><a href="#[167]">&gt;&gt;</a>&nbsp;&nbsp;&nbsp;PPP__ThisLayerUp
<LI><a href="#[160]">&gt;&gt;</a>&nbsp;&nbsp;&nbsp;PPP__ThisLayerDown
</UL>

<P><STRONG><a name="[16a]"></a>PPP__CheckLCPOptions</STRONG> (Thumb, 356 bytes, Stack size 24 bytes, ppp.o(.text))
<BR><BR>[Stack]<UL><LI>Max Depth = 80<LI>Call Chain = PPP__CheckLCPOptions &rArr; DbgCfgPrintf &rArr; __c89vsprintf
</UL>
<BR>[Calls]<UL><LI><a href="#[f3]">&gt;&gt;</a>&nbsp;&nbsp;&nbsp;DbgCfgPrintf
<LI><a href="#[a0]">&gt;&gt;</a>&nbsp;&nbsp;&nbsp;__aeabi_memcpy
</UL>
<BR>[Called By]<UL><LI><a href="#[16b]">&gt;&gt;</a>&nbsp;&nbsp;&nbsp;PPP__ProcessPacket
</UL>

<P><STRONG><a name="[16b]"></a>PPP__ProcessPacket</STRONG> (Thumb, 850 bytes, Stack size 8 bytes, ppp.o(.text))
<BR><BR>[Stack]<UL><LI>Max Depth = 104<LI>Call Chain = PPP__ProcessPacket &rArr; PPP__ManageState &rArr; PPP__ThisLayerUp &rArr;  PPP__ManageState (Cycle)
</UL>
<BR>[Calls]<UL><LI><a href="#[f3]">&gt;&gt;</a>&nbsp;&nbsp;&nbsp;DbgCfgPrintf
<LI><a href="#[16a]">&gt;&gt;</a>&nbsp;&nbsp;&nbsp;PPP__CheckLCPOptions
<LI><a href="#[161]">&gt;&gt;</a>&nbsp;&nbsp;&nbsp;PPP__ManageState
<LI><a href="#[16c]">&gt;&gt;</a>&nbsp;&nbsp;&nbsp;UIP_Input
<LI><a href="#[a0]">&gt;&gt;</a>&nbsp;&nbsp;&nbsp;__aeabi_memcpy
</UL>
<BR>[Called By]<UL><LI><a href="#[16d]">&gt;&gt;</a>&nbsp;&nbsp;&nbsp;PPP__In
</UL>

<P><STRONG><a name="[16e]"></a>PPP__Timer</STRONG> (Thumb, 174 bytes, Stack size 8 bytes, ppp.o(.text))
<BR><BR>[Stack]<UL><LI>Max Depth = 104<LI>Call Chain = PPP__Timer &rArr; PPP__ManageState &rArr; PPP__ThisLayerUp &rArr;  PPP__ManageState (Cycle)
</UL>
<BR>[Calls]<UL><LI><a href="#[f3]">&gt;&gt;</a>&nbsp;&nbsp;&nbsp;DbgCfgPrintf
<LI><a href="#[106]">&gt;&gt;</a>&nbsp;&nbsp;&nbsp;SysTick_Get
<LI><a href="#[161]">&gt;&gt;</a>&nbsp;&nbsp;&nbsp;PPP__ManageState
</UL>
<BR>[Called By]<UL><LI><a href="#[112]">&gt;&gt;</a>&nbsp;&nbsp;&nbsp;PPP_ManageLink
</UL>

<P><STRONG><a name="[16f]"></a>PPP__Open</STRONG> (Thumb, 82 bytes, Stack size 8 bytes, ppp.o(.text))
<BR><BR>[Stack]<UL><LI>Max Depth = 104<LI>Call Chain = PPP__Open &rArr; PPP__ManageState &rArr; PPP__ThisLayerUp &rArr;  PPP__ManageState (Cycle)
</UL>
<BR>[Calls]<UL><LI><a href="#[161]">&gt;&gt;</a>&nbsp;&nbsp;&nbsp;PPP__ManageState
</UL>
<BR>[Called By]<UL><LI><a href="#[112]">&gt;&gt;</a>&nbsp;&nbsp;&nbsp;PPP_ManageLink
</UL>

<P><STRONG><a name="[1b0]"></a>SwapDecimalNibble</STRONG> (Thumb, 40 bytes, Stack size 8 bytes, pdu.o(.text), UNUSED)
<BR><BR>[Called By]<UL><LI><a href="#[1ae]">&gt;&gt;</a>&nbsp;&nbsp;&nbsp;pdu_decode
</UL>

<P><STRONG><a name="[1ad]"></a>EncodePDUMessage</STRONG> (Thumb, 146 bytes, Stack size 24 bytes, pdu.o(.text))
<BR><BR>[Stack]<UL><LI>Max Depth = 24<LI>Call Chain = EncodePDUMessage
</UL>
<BR>[Called By]<UL><LI><a href="#[19b]">&gt;&gt;</a>&nbsp;&nbsp;&nbsp;pdu_encode
</UL>

<P><STRONG><a name="[1b1]"></a>DecodePDUMessage</STRONG> (Thumb, 146 bytes, Stack size 24 bytes, pdu.o(.text), UNUSED)
<BR><BR>[Called By]<UL><LI><a href="#[1ae]">&gt;&gt;</a>&nbsp;&nbsp;&nbsp;pdu_decode
</UL>

<P><STRONG><a name="[1ac]"></a>EncodePhoneNumber</STRONG> (Thumb, 122 bytes, Stack size 32 bytes, pdu.o(.text))
<BR><BR>[Stack]<UL><LI>Max Depth = 32<LI>Call Chain = EncodePhoneNumber
</UL>
<BR>[Calls]<UL><LI><a href="#[c7]">&gt;&gt;</a>&nbsp;&nbsp;&nbsp;strlen
</UL>
<BR>[Called By]<UL><LI><a href="#[19b]">&gt;&gt;</a>&nbsp;&nbsp;&nbsp;pdu_encode
<LI><a href="#[19a]">&gt;&gt;</a>&nbsp;&nbsp;&nbsp;pdu16_encode
</UL>

<P><STRONG><a name="[1af]"></a>DecodePhoneNumber</STRONG> (Thumb, 74 bytes, Stack size 16 bytes, pdu.o(.text), UNUSED)
<BR><BR>[Called By]<UL><LI><a href="#[1ae]">&gt;&gt;</a>&nbsp;&nbsp;&nbsp;pdu_decode
</UL>

<P><STRONG><a name="[1d0]"></a>SST25__Status</STRONG> (Thumb, 64 bytes, Stack size 8 bytes, sst25.o(.text))
<BR><BR>[Stack]<UL><LI>Max Depth = 20<LI>Call Chain = SST25__Status &rArr; halSpiWriteByte
</UL>
<BR>[Calls]<UL><LI><a href="#[1d1]">&gt;&gt;</a>&nbsp;&nbsp;&nbsp;halSpiWriteByte
</UL>
<BR>[Called By]<UL><LI><a href="#[f0]">&gt;&gt;</a>&nbsp;&nbsp;&nbsp;SST25_Read
<LI><a href="#[1d3]">&gt;&gt;</a>&nbsp;&nbsp;&nbsp;_SST25_Write
<LI><a href="#[1d2]">&gt;&gt;</a>&nbsp;&nbsp;&nbsp;SST25__WriteEnable
</UL>

<P><STRONG><a name="[1d2]"></a>SST25__WriteEnable</STRONG> (Thumb, 100 bytes, Stack size 16 bytes, sst25.o(.text))
<BR><BR>[Stack]<UL><LI>Max Depth = 36<LI>Call Chain = SST25__WriteEnable &rArr; SST25__Status &rArr; halSpiWriteByte
</UL>
<BR>[Calls]<UL><LI><a href="#[1d1]">&gt;&gt;</a>&nbsp;&nbsp;&nbsp;halSpiWriteByte
<LI><a href="#[1d0]">&gt;&gt;</a>&nbsp;&nbsp;&nbsp;SST25__Status
</UL>
<BR>[Called By]<UL><LI><a href="#[f8]">&gt;&gt;</a>&nbsp;&nbsp;&nbsp;SST25_Erase
<LI><a href="#[1d3]">&gt;&gt;</a>&nbsp;&nbsp;&nbsp;_SST25_Write
</UL>

<P><STRONG><a name="[1fd]"></a>_fp_digits</STRONG> (Thumb, 326 bytes, Stack size 56 bytes, printfa.o(i._fp_digits), UNUSED)
<BR><BR>[Calls]<UL><LI><a href="#[cb]">&gt;&gt;</a>&nbsp;&nbsp;&nbsp;__aeabi_ddiv
<LI><a href="#[ca]">&gt;&gt;</a>&nbsp;&nbsp;&nbsp;__aeabi_dadd
<LI><a href="#[c6]">&gt;&gt;</a>&nbsp;&nbsp;&nbsp;__aeabi_dmul
<LI><a href="#[b1]">&gt;&gt;</a>&nbsp;&nbsp;&nbsp;__aeabi_cdrcmple
<LI><a href="#[1f2]">&gt;&gt;</a>&nbsp;&nbsp;&nbsp;__aeabi_uldivmod
<LI><a href="#[1f7]">&gt;&gt;</a>&nbsp;&nbsp;&nbsp;__aeabi_d2ulz
</UL>
<BR>[Called By]<UL><LI><a href="#[1fb]">&gt;&gt;</a>&nbsp;&nbsp;&nbsp;_printf_core
</UL>

<P><STRONG><a name="[1fb]"></a>_printf_core</STRONG> (Thumb, 1762 bytes, Stack size 136 bytes, printfa.o(i._printf_core), UNUSED)
<BR><BR>[Calls]<UL><LI><a href="#[1f2]">&gt;&gt;</a>&nbsp;&nbsp;&nbsp;__aeabi_uldivmod
<LI><a href="#[200]">&gt;&gt;</a>&nbsp;&nbsp;&nbsp;__aeabi_uidivmod
<LI><a href="#[1fe]">&gt;&gt;</a>&nbsp;&nbsp;&nbsp;_printf_pre_padding
<LI><a href="#[1ff]">&gt;&gt;</a>&nbsp;&nbsp;&nbsp;_printf_post_padding
<LI><a href="#[1fd]">&gt;&gt;</a>&nbsp;&nbsp;&nbsp;_fp_digits
</UL>
<BR>[Called By]<UL><LI><a href="#[1fc]">&gt;&gt;</a>&nbsp;&nbsp;&nbsp;__0vsprintf
<LI><a href="#[1fa]">&gt;&gt;</a>&nbsp;&nbsp;&nbsp;__0sprintf
</UL>

<P><STRONG><a name="[1ff]"></a>_printf_post_padding</STRONG> (Thumb, 38 bytes, Stack size 24 bytes, printfa.o(i._printf_post_padding), UNUSED)
<BR><BR>[Called By]<UL><LI><a href="#[1fb]">&gt;&gt;</a>&nbsp;&nbsp;&nbsp;_printf_core
</UL>

<P><STRONG><a name="[1fe]"></a>_printf_pre_padding</STRONG> (Thumb, 48 bytes, Stack size 24 bytes, printfa.o(i._printf_pre_padding), UNUSED)
<BR><BR>[Called By]<UL><LI><a href="#[1fb]">&gt;&gt;</a>&nbsp;&nbsp;&nbsp;_printf_core
</UL>

<P><STRONG><a name="[3b]"></a>_sputc</STRONG> (Thumb, 10 bytes, Stack size 0 bytes, printfa.o(i._sputc))
<BR><BR>[Called By]<UL><LI><a href="#[1fc]">&gt;&gt;</a>&nbsp;&nbsp;&nbsp;__0vsprintf
<LI><a href="#[1fa]">&gt;&gt;</a>&nbsp;&nbsp;&nbsp;__0sprintf
</UL>
<BR>[Address Reference Count : 2]<UL><LI> printfa.o(i.__0sprintf)
<LI> printfa.o(i.__0vsprintf)
</UL>
<P><STRONG><a name="[1e2]"></a>_fp_value</STRONG> (Thumb, 256 bytes, Stack size 56 bytes, scanf_fp.o(.text), UNUSED)
<BR><BR>[Calls]<UL><LI><a href="#[cb]">&gt;&gt;</a>&nbsp;&nbsp;&nbsp;__aeabi_ddiv
<LI><a href="#[c6]">&gt;&gt;</a>&nbsp;&nbsp;&nbsp;__aeabi_dmul
<LI><a href="#[1e3]">&gt;&gt;</a>&nbsp;&nbsp;&nbsp;__aeabi_ul2d
</UL>
<BR>[Called By]<UL><LI><a href="#[1e4]">&gt;&gt;</a>&nbsp;&nbsp;&nbsp;_scanf_really_real
</UL>

<P><STRONG><a name="[39]"></a>_scanf_char_input</STRONG> (Thumb, 12 bytes, Stack size 0 bytes, scanf_char.o(.text))
<BR>[Address Reference Count : 1]<UL><LI> scanf_char.o(.text)
</UL>
<P><STRONG><a name="[1f4]"></a>_local_sscanf</STRONG> (Thumb, 54 bytes, Stack size 56 bytes, strtod.o(.text))
<BR><BR>[Stack]<UL><LI>Max Depth = 160<LI>Call Chain = _local_sscanf &rArr; _scanf_real
</UL>
<BR>[Calls]<UL><LI><a href="#[1f5]">&gt;&gt;</a>&nbsp;&nbsp;&nbsp;_scanf_real
</UL>
<BR>[Called By]<UL><LI><a href="#[1f6]">&gt;&gt;</a>&nbsp;&nbsp;&nbsp;__strtod_int
</UL>
<P>
<H3>
Undefined Global Symbols
</H3><HR></body></html>
