<html>
<body>
<pre>
<h1>µVision Build Log</h1>
<h2>Project:</h2>
E:\AMPM\GIT\ampm_motobike_tracker\firmware_bgs2\gt1025\build\keil\bt1.uvproj
Project File Date:  02/29/2016

<h2>Output:</h2>
Build Project 'bt1' - Target 'GT1025_DEBUG'
linking...
Program Size: Code=74696 RO-data=1868 RW-data=1076 ZI-data=13844  
FromELF: creating hex file...
After Build - User command #1: fromelf --bin --output .\debug\output\gt1025_V0.bin .\debug\gt1025_V0.axf
".\debug\gt1025_V0.axf" - 0 Error(s), 0 Warning(s).
</pre>
</body>
</html>
bug\tick.o ignored.
Program Size: Code=74696 RO-data=1868 RW-data=1076 ZI-data=13844  
Finished: 0 information, 1 warning and 0 error messages.
FromELF: creating hex file...
After Build - User command #1: fromelf --bin --output .\debug\output\gt1025_V0.bin .\debug\gt1025_V0.axf
".\debug\gt1025_V0.axf" - 0 Error(s), 1 Warning(s).
