<html>
<body>
<pre>
<h1>µVision Build Log</h1>
<h2>Project:</h2>
E:\AMPM\SVN\GT502W\trunk\firmware\firmware_bgs2\gt1025\build\keil\bt1.uvproj
Project File Date:  02/29/2016

<h2>Output:</h2>
Build Project 'bt1' - Target 'GT1025_DEBUG'
compiling main.c...
E:\AMPM\SVN\GT502W\trunk\firmware\firmware_bgs2\gt1025\src\main.c(111): warning:  #111-D: statement is unreachable
        return 0;
..\..\src\main.c: 1 warning, 0 errors
compiling system_config.c...
compiling hw_config.c...
compiling tracker.c...
compiling adc_task.c...
E:\AMPM\SVN\GT502W\trunk\firmware\firmware_bgs2\gt1025\src\adc_task.c(55): warning:  #177-D: variable "time" was declared but never referenced
        static uint32_t time =  0,i;
E:\AMPM\SVN\GT502W\trunk\firmware\firmware_bgs2\gt1025\src\adc_task.c(56): warning:  #177-D: variable "f1" was declared but never referenced
        float f1;
..\..\src\adc_task.c: 2 warnings, 0 errors
compiling sms_task.c...
E:\AMPM\SVN\GT502W\trunk\firmware\firmware_bgs2\gt1025\src\sms_task.c(186): warning:  #177-D: variable "len" was declared but never referenced
        uint8_t smsLen = 0,len = 0;
E:\AMPM\SVN\GT502W\trunk\firmware\firmware_bgs2\gt1025\src\sms_task.c(319): warning:  #550-D: variable "res" was set but never used
        uint16_t smsLoc,i,res;
..\..\src\sms_task.c: 2 warnings, 0 errors
compiling call_task.c...
compiling app_config_task.c...
E:\AMPM\SVN\GT502W\trunk\firmware\firmware_bgs2\gt1025\src\app_config_task.c(41): warning:  #177-D: variable "i" was declared but never referenced
        int32_t i;
..\..\src\app_config_task.c: 1 warning, 0 errors
compiling uart_config_task.c...
E:\AMPM\SVN\GT502W\trunk\firmware\firmware_bgs2\gt1025\src\uart_config_task.c(38): warning:  #177-D: variable "c" was declared but never referenced
        uint8_t c;
E:\AMPM\SVN\GT502W\trunk\firmware\firmware_bgs2\gt1025\src\uart_config_task.c(39): warning:  #177-D: variable "u32Temp" was declared but never referenced
        uint32_t u32Temp;
..\..\src\uart_config_task.c: 2 warnings, 0 errors
compiling database_app.c...
compiling alarm_task.c...
compiling led.c...
compiling reporter.c...
E:\AMPM\SVN\GT502W\trunk\firmware\firmware_bgs2\gt1025\src\reporter.c(173): warning:  #177-D: variable "i" was declared but never referenced
        uint32_t i;
E:\AMPM\SVN\GT502W\trunk\firmware\firmware_bgs2\gt1025\src\reporter.c(174): warning:  #177-D: variable "len1" was declared but never referenced
        uint16_t len1;
..\..\src\reporter.c: 2 warnings, 0 errors
compiling firmware_task.c...
E:\AMPM\SVN\GT502W\trunk\firmware\firmware_bgs2\gt1025\src\firmware_task.c(164): warning:  #177-D: variable "i" was declared but never referenced
        uint8_t i;
E:\AMPM\SVN\GT502W\trunk\firmware\firmware_bgs2\gt1025\src\firmware_task.c(264): warning:  #177-D: variable "i" was declared but never referenced
        uint32_t i;
..\..\src\firmware_task.c: 2 warnings, 0 errors
compiling tcp_ip_task.c...
compiling accelerometer_task.c...
assembling startup_stm32f10x_md.s...
compiling core_cm3.c...
compiling system_stm32f10x.c...
compiling tick.c...
compiling stm32f10x_flash.c...
compiling stm32f10x_iwdg.c...
compiling uart1.c...
compiling uart2.c...
compiling uart3.c...
compiling i2c.c...
E:\AMPM\SVN\GT502W\trunk\firmware\firmware_bgs2\gt1025\driver\ampm\stm32\i2c.c(82): warning:  #550-D: variable "res" was set but never used
        uint8_t res,i;
E:\AMPM\SVN\GT502W\trunk\firmware\firmware_bgs2\gt1025\driver\ampm\stm32\i2c.c(146): warning:  #550-D: variable "temp" was set but never used
        uint32_t I2C_timeOut = I2C_TIMEOUT,temp;
E:\AMPM\SVN\GT502W\trunk\firmware\firmware_bgs2\gt1025\driver\ampm\stm32\i2c.c(223): warning:  #550-D: variable "temp" was set but never used
        uint32_t I2C_timeOut = I2C_TIMEOUT,temp;
..\..\driver\ampm\stm32\i2c.c: 3 warnings, 0 errors
compiling spi.c...
E:\AMPM\SVN\GT502W\trunk\firmware\firmware_bgs2\gt1025\driver\ampm\stm32\spi.c(120): warning:  #550-D: variable "rc" was set but never used
        unsigned char rc;
..\..\driver\ampm\stm32\spi.c: 1 warning, 0 errors
compiling low_power_mode.c...
compiling rtc.c...
E:\AMPM\SVN\GT502W\trunk\firmware\firmware_bgs2\gt1025\driver\ampm\stm32\rtc.c(159): warning:  #177-D: variable "u32T" was declared but never referenced
        uint32_t u32T;
E:\AMPM\SVN\GT502W\trunk\firmware\firmware_bgs2\gt1025\driver\ampm\stm32\rtc.c(300): warning:  #177-D: variable "u32T" was declared but never referenced
        uint32_t u32T,AlarmValue = CounterValue + RTC_FREQUENCY;
..\..\driver\ampm\stm32\rtc.c: 2 warnings, 0 errors
compiling exti.c...
compiling stm32f10x_gpio.c...
compiling stm32f10x_dma.c...
compiling stm32f10x_dac.c...
compiling stm32f10x_adc.c...
compiling stm32f10x_rcc.c...
compiling resolver.c...
compiling resolv.c...
E:\AMPM\SVN\GT502W\trunk\firmware\firmware_bgs2\gt1025\ampm_lib\uip\resolv.c(239): warning:  #550-D: variable "nquestions" was set but never used
    static u8_t nquestions, nanswers;
..\..\ampm_lib\uip\resolv.c: 1 warning, 0 errors
compiling timer.c...
compiling uip.c...
compiling uip_ppp.c...
compiling fcs.c...
compiling ppp.c...
compiling xtea.c...
compiling m_time.c...
compiling sys_time.c...
E:\AMPM\SVN\GT502W\trunk\firmware\firmware_bgs2\gt1025\ampm_lib\lib\sys_time.c(150): warning:  #177-D: variable "gt" was declared but never referenced
          struct tm *gt;
..\..\ampm_lib\lib\sys_time.c: 1 warning, 0 errors
compiling gsm_hwr.c...
compiling at_cmd_call_parser.c...
compiling at_cmd_common_parser.c...
compiling at_cmd_sms_parser.c...
E:\AMPM\SVN\GT502W\trunk\firmware\firmware_bgs2\gt1025\ampm_lib\gsm\at_cmd_sms_parser.c(188): warning:  #111-D: statement is unreachable
        return 0xff;
E:\AMPM\SVN\GT502W\trunk\firmware\firmware_bgs2\gt1025\ampm_lib\gsm\at_cmd_sms_parser.c(297): warning:  #186-D: pointless comparison of unsigned integer with zero
                                                                if(pdu_len < 0) //"error encoding to PDU"
..\..\ampm_lib\gsm\at_cmd_sms_parser.c: 2 warnings, 0 errors
compiling at_command_parser.c...
compiling at_gsm_task.c...
compiling at_send_cmd_task.c...
compiling modem.c...
compiling pdu.c...
compiling comm.c...
E:\AMPM\SVN\GT502W\trunk\firmware\firmware_bgs2\gt1025\ampm_lib\common\comm.c(41): warning:  #940-D: missing return statement at end of non-void function "COMM_ModemSetOffline"
  }
..\..\ampm_lib\common\comm.c: 1 warning, 0 errors
compiling gps.c...
compiling db.c...
E:\AMPM\SVN\GT502W\trunk\firmware\firmware_bgs2\gt1025\ampm_lib\db\db.c(370): warning:  #111-D: statement is unreachable
        flashInUse = 0;
..\..\ampm_lib\db\db.c: 1 warning, 0 errors
compiling sst25.c...
compiling mma7660.c...
linking...
Program Size: Code=74696 RO-data=1868 RW-data=1076 ZI-data=13844  
FromELF: creating hex file...
After Build - User command #1: fromelf --bin --output .\debug\output\gt1025_V0.bin .\debug\gt1025_V0.axf
".\debug\gt1025_V0.axf" - 0 Error(s), 24 Warning(s).
</pre>
</body>
</html>
