<html>
<body>
<pre>
<h1>µVision Build Log</h1>
<h2>Project:</h2>
D:\AMPM\HOCTAP\trunk\lap_trinh\bt1\build\keil\bt1.uvproj
Project File Date:  01/13/2014

<h2>Output:</h2>
Build target 'HELLO'
compiling main.c...
..\..\src\main.c(16): warning:  #111-D: statement is unreachable
assembling startup_stm32f10x_md.s...
compiling core_cm3.c...
compiling system_stm32f10x.c...
compiling calc.c...
compiling dbg.c...
linking...
Program Size: Code=4416 RO-data=268 RW-data=36 ZI-data=1028  
FromELF: creating hex file...
".\flash\bt1.axf" - 0 Errors, 1 Warning(s).
