ARM Linker, 5.03 [Build 76] [MDK-ARM Standard]

==============================================================================

Section Cross References

    main.o(.text) refers to system_stm32f10x.o(.text) for SystemInit
    main.o(.text) refers to tick.o(.text) for TICK_Init
    main.o(.text) refers to adc_task.o(.text) for ADC_TaskInit
    main.o(.text) refers to hw_config.o(.text) for GPS_Enable
    main.o(.text) refers to sst25.o(.text) for SST25_Init
    main.o(.text) refers to uart1.o(.text) for USART1_Init
    main.o(.text) refers to gps.o(.text) for GPSInit
    main.o(.text) refers to uart2.o(.text) for USART2_Init
    main.o(.text) refers to uart_config_task.o(.text) for UartConfigTaskInit
    main.o(.text) refers to rtc.o(.text) for RTC_GetCounter
    main.o(.text) refers to gsm_hwr.o(.text) for MODEM_Wakeup
    main.o(.text) refers to modem.o(.text) for MODEM_SendCommand
    main.o(.text) refers to tracker.o(.text) for TrackerGetNewData
    main.o(.text) refers to at_cmd_sms_parser.o(.text) for SmsTask_IsNoMsg
    main.o(.text) refers to alarm_task.o(.text) for AlarmTask
    main.o(.text) refers to at_cmd_call_parser.o(.text) for RING_Process
    main.o(.text) refers to sms_task.o(.text) for SMS_Manage
    main.o(.text) refers to mma7660.o(.text) for MMA7660_Read
    main.o(.text) refers to accelerometer_task.o(.text) for AccelerometerTaskInit
    main.o(.text) refers to at_gsm_task.o(.text) for GsmTask_Init
    main.o(.text) refers to tcp_ip_task.o(.text) for vTcpIpTaskInit
    main.o(.text) refers to sys_tick.o(.text) for InitTimeout
    main.o(.text) refers to at_send_cmd_task.o(.text) for ModemCmd_Task
    main.o(.text) refers to call_task.o(.text) for CallTask
    main.o(.text) refers to at_cmd_common_parser.o(.text) for GsmCommon_Task
    main.o(.text) refers to firmware_task.o(.text) for FIRMWARE_Task
    main.o(.text) refers to strstr.o(.text) for strstr
    main.o(.text) refers to strcpy.o(.text) for strcpy
    main.o(.text) refers to system_stm32f10x.o(.data) for SystemCoreClock
    main.o(.text) refers to main.o(.data) for sysStatus
    main.o(.text) refers to modem.o(.data) for modemError
    main.o(.text) refers to rtc.o(.data) for watchdogFeed
    main.o(.text) refers to sys_time.o(.data) for rtcTimeSec
    main.o(.text) refers to system_config.o(.bss) for sysCfg
    main.o(.text) refers to alarm_task.o(.data) for alarmFlag
    main.o(.text) refers to at_cmd_call_parser.o(.bss) for atCmdCallParser
    main.o(.text) refers to adc_task.o(.data) for ADC_Updated
    main.o(.text) refers to mma7660.o(.data) for acclError
    main.o(.text) refers to main.o(.bss) for tAppTimeout
    main.o(.text) refers to at_send_cmd_task.o(.data) for modemIsBusy
    main.o(.text) refers to at_cmd_common_parser.o(.data) for flagGotIMEI
    main.o(.text) refers to at_cmd_common_parser.o(.bss) for gsmIMEIBuf
    main.o(.text) refers to at_cmd_sms_parser.o(.data) for smsNewMessageFlag
    main.o(.text) refers to tracker.o(.data) for logSendPt
    main.o(.text) refers to sms_task.o(.data) for gotAddrFlag
    main.o(.text) refers to comm.o(.text) for COMM_ModemIsOnline
    main.o(.text) refers to db.o(.text) for DB_U32Save
    main.o(.text) refers to app_config_task.o(.text) for LoadFirmwareFile
    main.o(.text) refers to exti.o(.text) for EXTI_Init
    main.o(.text) refers to database_app.o(.text) for DB_FlashMemInit
    main.o(.text) refers to led.o(.text) for LedInit
    main.o(.text) refers to system_config.o(.text) for CFG_Load
    main.o(.text) refers to ringbuf.o(.text) for RINGBUF_Get
    main.o(.text) refers to tcp_ip_task.o(.bss) for tDataIsSending
    main.o(.text) refers to app_config_task.o(.data) for logSource
    main.o(.text) refers to hw_config.o(.bss) for ioStatus
    main.o(.text) refers to database_app.o(.bss) for powerOfTimeDelay
    main.o(.text) refers to accelerometer_task.o(.data) for accelerometerAlarmCnt
    main.o(.text) refers to uart1.o(.bss) for USART1_RxRingBuff
    main.o(.text) refers to uart3.o(.bss) for USART3_RxRingBuff
    system_config.o(.text) refers to memcpya.o(.text) for __aeabi_memcpy
    system_config.o(.text) refers to memcmp.o(.text) for memcmp
    system_config.o(.text) refers to stm32f10x_flash.o(.text) for FLASH_Unlock
    system_config.o(.text) refers to rtc.o(.text) for RTC_GetCounter
    system_config.o(.text) refers to memseta.o(.text) for __aeabi_memset
    system_config.o(.text) refers to strcpy.o(.text) for strcpy
    system_config.o(.text) refers to system_config.o(.bss) for sysCfg
    hw_config.o(.text) refers to hw_config.o(.bss) for ioStatus
    tracker.o(.text) refers to db.o(.text) for DB_InitLog
    tracker.o(.text) refers to gps.o(.text) for GPS_GetInfo
    tracker.o(.text) refers to sys_time.o(.text) for TIME_FromGps
    tracker.o(.text) refers to cdcmple.o(.text) for __aeabi_cdcmpeq
    tracker.o(.text) refers to cdrcmple.o(.text) for __aeabi_cdrcmple
    tracker.o(.text) refers to dfltui.o(.text) for __aeabi_ui2d
[...]
    TIME_GetSec                              0x0800d485   Thumb Code   128  sys_time.o(.text)
    SysTimeSetup                             0x0800d505   Thumb Code    42  sys_time.o(.text)
    UpdateRtcTime                            0x0800d52f   Thumb Code    48  sys_time.o(.text)
    TIME_FromGsm                             0x0800d55f   Thumb Code   194  sys_time.o(.text)
    TIME_FromGps                             0x0800d621   Thumb Code   118  sys_time.o(.text)
    TIME_FromSec                             0x0800d697   Thumb Code    78  sys_time.o(.text)
    TIME_AddSec                              0x0800d6e5   Thumb Code    40  sys_time.o(.text)
    Delay                                    0x0800d721   Thumb Code    12  gsm_hwr.o(.text)
    MODEM_PowerOn                            0x0800d72d   Thumb Code   218  gsm_hwr.o(.text)
    MODEM_Sleep                              0x0800d807   Thumb Code     2  gsm_hwr.o(.text)
    MODEM_Wakeup                             0x0800d809   Thumb Code     2  gsm_hwr.o(.text)
    MODEM_UartInit                           0x0800d80b   Thumb Code    16  gsm_hwr.o(.text)
    AT_CmdCallParserInit                     0x0800d82d   Thumb Code    10  at_cmd_call_parser.o(.text)
    VoiceCallTask_Init                       0x0800d837   Thumb Code    24  at_cmd_call_parser.o(.text)
    VoiceCallTask_StartCall                  0x0800d84f   Thumb Code    70  at_cmd_call_parser.o(.text)
    VoiceCallTask_AnswerCall                 0x0800d895   Thumb Code    34  at_cmd_call_parser.o(.text)
    VoiceCallTask_EndCall                    0x0800d8b7   Thumb Code    10  at_cmd_call_parser.o(.text)
    VoiceCallTask_GetCallerPhoneNo           0x0800d8c1   Thumb Code     4  at_cmd_call_parser.o(.text)
    VoiceCallTask_IsModemBusy                0x0800d8c5   Thumb Code    40  at_cmd_call_parser.o(.text)
    VoiceCallTask_GetPhase                   0x0800d8ed   Thumb Code     6  at_cmd_call_parser.o(.text)
    VoiceCallTask_ClearEndCallStatus         0x0800d8f3   Thumb Code    40  at_cmd_call_parser.o(.text)
    VoiceCallTask_ClearCallAction            0x0800d91b   Thumb Code     8  at_cmd_call_parser.o(.text)
    VoiceCall_Task                           0x0800d923   Thumb Code  2730  at_cmd_call_parser.o(.text)
    Modem_IsRinging                          0x0800e3cd   Thumb Code    26  at_cmd_call_parser.o(.text)
    RING_ProcessReset                        0x0800e3e7   Thumb Code    22  at_cmd_call_parser.o(.text)
    RING_Process                             0x0800e3fd   Thumb Code   168  at_cmd_call_parser.o(.text)
    CallOutProcess                           0x0800e4a5   Thumb Code   116  at_cmd_call_parser.o(.text)
    CallCancel                               0x0800e519   Thumb Code    24  at_cmd_call_parser.o(.text)
    CallErrorReport                          0x0800e531   Thumb Code   140  at_cmd_call_parser.o(.text)
    CallNoAnswer                             0x0800e5bd   Thumb Code    12  at_cmd_call_parser.o(.text)
    CallBusy                                 0x0800e5c9   Thumb Code    12  at_cmd_call_parser.o(.text)
    GetCallerNumber                          0x0800e5d5   Thumb Code    82  at_cmd_call_parser.o(.text)
    RingCallProcess                          0x0800e627   Thumb Code    18  at_cmd_call_parser.o(.text)
    ComparePhoneNumber                       0x0800e639   Thumb Code   292  at_cmd_call_parser.o(.text)
    GetBatteryStatus                         0x0800e75d   Thumb Code   100  at_cmd_common_parser.o(.text)
    GSM_GetIMEI                              0x0800e7c1   Thumb Code    42  at_cmd_common_parser.o(.text)
    GSM_GetSimCID                            0x0800e7eb   Thumb Code    38  at_cmd_common_parser.o(.text)
    GsmGetUTCTime                            0x0800e811   Thumb Code   610  at_cmd_common_parser.o(.text)
    GsmGetTime                               0x0800ea73   Thumb Code   554  at_cmd_common_parser.o(.text)
    GsmCommonTask_IsIdle                     0x0800ec9d   Thumb Code    14  at_cmd_common_parser.o(.text)
    ATO_Func                                 0x0800ecab   Thumb Code    10  at_cmd_common_parser.o(.text)
    GsmCommon_Task                           0x0800ecb5   Thumb Code  1422  at_cmd_common_parser.o(.text)
    SmsTask_Init                             0x0800f289   Thumb Code    28  at_cmd_sms_parser.o(.text)
    SmsCheckMessage_IsEmpty                  0x0800f2a5   Thumb Code    52  at_cmd_sms_parser.o(.text)
    SmsAddMsg                                0x0800f2d9   Thumb Code    16  at_cmd_sms_parser.o(.text)
    SmsCheckList_IsEmpty                     0x0800f2e9   Thumb Code    16  at_cmd_sms_parser.o(.text)
    SmsTask_SendSms                          0x0800f2f9   Thumb Code    14  at_cmd_sms_parser.o(.text)
    SmsTask_IsIdle                           0x0800f307   Thumb Code    22  at_cmd_sms_parser.o(.text)
    SmsTask_IsModemBusy                      0x0800f31d   Thumb Code    32  at_cmd_sms_parser.o(.text)
    SmsTask_GetPhase                         0x0800f33d   Thumb Code     6  at_cmd_sms_parser.o(.text)
    SmsTask_CancelAll                        0x0800f343   Thumb Code    34  at_cmd_sms_parser.o(.text)
    SmsTask_IsCanceled                       0x0800f365   Thumb Code    26  at_cmd_sms_parser.o(.text)
    SmsTask_IsNoMsg                          0x0800f37f   Thumb Code    52  at_cmd_sms_parser.o(.text)
    SmsTask_Stop                             0x0800f3b3   Thumb Code    22  at_cmd_sms_parser.o(.text)
    SmsTask_Pause                            0x0800f3c9   Thumb Code    16  at_cmd_sms_parser.o(.text)
    Sms_SendMsg                              0x0800f3d9   Thumb Code    54  at_cmd_sms_parser.o(.text)
    GetServiceCenterNumber                   0x0800f40f   Thumb Code    84  at_cmd_sms_parser.o(.text)
    Sms_Task                                 0x0800f463   Thumb Code  1608  at_cmd_sms_parser.o(.text)
    AT_CmdSmsParserInit                      0x0800faab   Thumb Code    14  at_cmd_sms_parser.o(.text)
    SMS_NewMessage                           0x0800fab9   Thumb Code    12  at_cmd_sms_parser.o(.text)
    SMS_ReadMsg                              0x0800fac5   Thumb Code   582  at_cmd_sms_parser.o(.text)
    SMS_URC_Incomming                        0x0800fd0b   Thumb Code   128  at_cmd_sms_parser.o(.text)
    SMS_Process                              0x0800fd8b   Thumb Code   128  at_cmd_sms_parser.o(.text)
    AT_CmdProcessInit                        0x0800fe29   Thumb Code    26  at_command_parser.o(.text)
    AT_ComnandParser                         0x0800fe43   Thumb Code    40  at_command_parser.o(.text)
    GsmTask_InitApn                          0x0800fe7d   Thumb Code    14  at_gsm_task.o(.text)
    GsmTask_Init                             0x0800fe8b   Thumb Code    52  at_gsm_task.o(.text)
    GsmTask_SetPhase                         0x0800febf   Thumb Code     6  at_gsm_task.o(.text)
    GsmTask_GetPhase                         0x0800fec5   Thumb Code     6  at_gsm_task.o(.text)
    Gsm_Task                                 0x0800fecb   Thumb Code   528  at_gsm_task.o(.text)
    ModeBusy_IsLongTime                      0x0801018d   Thumb Code    40  at_send_cmd_task.o(.text)
    ModemCmdAdd                              0x080101b5   Thumb Code    16  at_send_cmd_task.o(.text)
    ModemCmdCheckList_IsEmpty                0x080101c5   Thumb Code    16  at_send_cmd_task.o(.text)
    ModemCmdTask_SetCriticalCmd              0x080101d5   Thumb Code    14  at_send_cmd_task.o(.text)
    ModemCmdTask_IsIdle                      0x080101e3   Thumb Code    24  at_send_cmd_task.o(.text)
    ModemCmdTask_SendCmd                     0x080101fb   Thumb Code   200  at_send_cmd_task.o(.text)
    ModemCmdTask_GetPhase                    0x080102c3   Thumb Code     6  at_send_cmd_task.o(.text)
    ModemCmdTask_Reset                       0x080102c9   Thumb Code     8  at_send_cmd_task.o(.text)
    ModemCmdTask_SetWait                     0x080102d1   Thumb Code    60  at_send_cmd_task.o(.text)
    ModemCmd_Task                            0x0801030d   Thumb Code   560  at_send_cmd_task.o(.text)
    ModemCmdTask_Cancel                      0x0801053d   Thumb Code   164  at_send_cmd_task.o(.text)
    MODEM_GoToCmdMode                        0x080105e1   Thumb Code    14  modem.o(.text)
    MODEM_GoToDataMode                       0x080105ef   Thumb Code    14  modem.o(.text)
    MODEM_IsOfline                           0x080105fd   Thumb Code    14  modem.o(.text)
    MODEM_SetApn                             0x0801060b   Thumb Code     6  modem.o(.text)
    MODEM_FlushBuffer                        0x08010611   Thumb Code    20  modem.o(.text)
    MODEM_SendCommand                        0x08010625   Thumb Code   158  modem.o(.text)
    MODEM_TurnOn                             0x080106c3   Thumb Code    60  modem.o(.text)
    MODEM_PowerOff                           0x080106ff   Thumb Code    44  modem.o(.text)
    MODEM_CheckResponse                      0x0801072b   Thumb Code    64  modem.o(.text)
    MODEM_GetCSQ                             0x0801076b   Thumb Code   274  modem.o(.text)
    VoiceSetup                               0x0801087d   Thumb Code     4  modem.o(.text)
    MODEM_CarrierDetected                    0x08010881   Thumb Code     4  modem.o(.text)
    pdu_encode                               0x08010b05   Thumb Code   232  pdu.o(.text)
    pdu16_encode                             0x08010bed   Thumb Code   216  pdu.o(.text)
    pdu_decode                               0x08010cc5   Thumb Code   308  pdu.o(.text)
    COMM_Putc                                0x08010df9   Thumb Code    12  comm.o(.text)
    COMM_Puts                                0x08010e05   Thumb Code    12  comm.o(.text)
    COMM_CarrierDetected                     0x08010e11   Thumb Code     8  comm.o(.text)
    COMM_ModemIsOnline                       0x08010e19   Thumb Code     6  comm.o(.text)
    COMM_ModemSetOffline                     0x08010e1f   Thumb Code     8  comm.o(.text)
    COMM_GoToCmdMode                         0x08010e27   Thumb Code     8  comm.o(.text)
    COMM_pppIsOpened                         0x08010e2f   Thumb Code     6  comm.o(.text)
    COMM_pppSetOpened                        0x08010e35   Thumb Code     8  comm.o(.text)
    COMM_pppClrOpened                        0x08010e3d   Thumb Code     8  comm.o(.text)
    GPS_PulseProcess                         0x08010e4d   Thumb Code    38  gps.o(.text)
    GPS_SetPulse                             0x08010e73   Thumb Code     8  gps.o(.text)
    GPRMC_Process                            0x08010e7b   Thumb Code   176  gps.o(.text)
    GPGGA_Process                            0x08010f2b   Thumb Code   176  gps.o(.text)
    GPGSA_Process                            0x08010fdb   Thumb Code   176  gps.o(.text)
    GPGSV_Process                            0x0801108b   Thumb Code   176  gps.o(.text)
    GPS_ComnandParser                        0x0801113b   Thumb Code   368  gps.o(.text)
    neamFormatLatLng                         0x080112ab   Thumb Code    84  gps.o(.text)
    formatLatLng                             0x080112ff   Thumb Code    84  gps.o(.text)
    GpsGetInfo                               0x08011353   Thumb Code    64  gps.o(.text)
    nmea_zero_INFO                           0x08011393   Thumb Code    24  gps.o(.text)
    GPSInit                                  0x080113ab   Thumb Code    10  gps.o(.text)
    nmea_GPGSV2info                          0x080113b5   Thumb Code   200  gps.o(.text)
    nmea_atoi                                0x0801147d   Thumb Code    50  gps.o(.text)
    nmea_atof                                0x080114af   Thumb Code    54  gps.o(.text)
    nmea_scanf                               0x080114e5   Thumb Code   558  gps.o(.text)
    nmea_parse_GPGSV                         0x08011713   Thumb Code   160  gps.o(.text)
    nmea_GPGSA2info                          0x080117b3   Thumb Code   122  gps.o(.text)
    nmea_parse_GPGSA                         0x0801182d   Thumb Code   114  gps.o(.text)
    nmea_GPGGA2info                          0x0801189f   Thumb Code   160  gps.o(.text)
    _nmea_parse_time                         0x0801193f   Thumb Code   126  gps.o(.text)
    nmea_parse_GPGGA                         0x080119bd   Thumb Code   128  gps.o(.text)
    nmea_GPRMC2info                          0x08011a3d   Thumb Code   204  gps.o(.text)
    nmea_parse_GPRMC                         0x08011b09   Thumb Code   392  gps.o(.text)
    GPS_GetInfo                              0x08011c91   Thumb Code   168  gps.o(.text)
    nmea_calc_crc                            0x08011d39   Thumb Code    24  gps.o(.text)
    DbCalcCheckSum                           0x08011d89   Thumb Code    26  db.o(.text)
    DB_ParaCheckErr                          0x08011da3   Thumb Code    28  db.o(.text)
    DB_LoadEndLog                            0x08011dbf   Thumb Code   100  db.o(.text)
    DB_InitLog                               0x08011e23   Thumb Code   166  db.o(.text)
    DB_FloatToU32                            0x08011ec9   Thumb Code    24  db.o(.text)
    DB_U32ToFloat                            0x08011ee1   Thumb Code     8  db.o(.text)
    DB_U32Load                               0x08011ee9   Thumb Code    98  db.o(.text)
    DB_U32Save                               0x08011f4b   Thumb Code   154  db.o(.text)
    DB_RingLogSave                           0x08011fe5   Thumb Code   210  db.o(.text)
    DB_RingLogReset                          0x080120b7   Thumb Code    38  db.o(.text)
    DB_RingLogNext                           0x080120dd   Thumb Code    60  db.o(.text)
    DB_LogFill                               0x08012119   Thumb Code    42  db.o(.text)
    DB_LoadLog                               0x08012143   Thumb Code    74  db.o(.text)
    DB_LoadNextLog                           0x0801218d   Thumb Code   134  db.o(.text)
    DB_SaveLog                               0x08012213   Thumb Code   288  db.o(.text)
    SST25_Init                               0x0801233d   Thumb Code    12  sst25.o(.text)
    SST25_DeInit                             0x08012349   Thumb Code    10  sst25.o(.text)
    SST25_Erase                              0x080123f7   Thumb Code   158  sst25.o(.text)
    _SST25_Write                             0x08012495   Thumb Code   152  sst25.o(.text)
    SST25_Write                              0x0801252d   Thumb Code    82  sst25.o(.text)
    SST25_Read                               0x0801257f   Thumb Code   142  sst25.o(.text)
    MMA7660_Write                            0x08012621   Thumb Code    26  mma7660.o(.text)
    MMA7660_Read                             0x0801263b   Thumb Code    30  mma7660.o(.text)
    MMA7660_ReadStatus                       0x08012659   Thumb Code    10  mma7660.o(.text)
    MMA7660_Init                             0x08012663   Thumb Code   218  mma7660.o(.text)
    InitFindData                             0x08012745   Thumb Code    24  data_cmp.o(.text)
    FindData                                 0x0801275d   Thumb Code    60  data_cmp.o(.text)
    list_init                                0x08012799   Thumb Code     6  list.o(.text)
    list_head                                0x0801279f   Thumb Code     6  list.o(.text)
    list_copy                                0x080127a5   Thumb Code     6  list.o(.text)
    list_tail                                0x080127ab   Thumb Code    26  list.o(.text)
    list_remove                              0x080127c5   Thumb Code    52  list.o(.text)
    list_add                                 0x080127f9   Thumb Code    36  list.o(.text)
    list_push                                0x0801281d   Thumb Code    22  list.o(.text)
    list_chop                                0x08012833   Thumb Code    48  list.o(.text)
    list_pop                                 0x08012863   Thumb Code    16  list.o(.text)
    list_length                              0x08012873   Thumb Code    18  list.o(.text)
    list_insert                              0x08012885   Thumb Code    28  list.o(.text)
    list_item_next                           0x080128a1   Thumb Code    12  list.o(.text)
    RINGBUF_Init                             0x080128ad   Thumb Code    30  ringbuf.o(.text)
    RINGBUF_Put                              0x080128cb   Thumb Code    42  ringbuf.o(.text)
    RINGBUF_Get                              0x080128f5   Thumb Code    46  ringbuf.o(.text)
    RINGBUF_GetFill                          0x08012923   Thumb Code    30  ringbuf.o(.text)
    StrParserInit                            0x08012941   Thumb Code    44  sparser.o(.text)
    StrParserCtl                             0x0801296d   Thumb Code    50  sparser.o(.text)
    StrComnandParser                         0x0801299f   Thumb Code   232  sparser.o(.text)
    SysTick_Init                             0x08012a8d   Thumb Code     2  sys_tick.o(.text)
    SysTick_DeInit                           0x08012a8f   Thumb Code     2  sys_tick.o(.text)
    SysTick_Task                             0x08012a91   Thumb Code    58  sys_tick.o(.text)
    SysTick_Get                              0x08012acb   Thumb Code     6  sys_tick.o(.text)
    SysTick_Get64                            0x08012ad1   Thumb Code     8  sys_tick.o(.text)
    SysTick_DelayMs                          0x08012ad9   Thumb Code    24  sys_tick.o(.text)
    InitTimeout                              0x08012af1   Thumb Code    22  sys_tick.o(.text)
    CheckTimeout                             0x08012b07   Thumb Code    70  sys_tick.o(.text)
    TimerDelayms                             0x08012b4d   Thumb Code    48  sys_tick.o(.text)
    unilen                                   0x08012b89   Thumb Code    32  encoding.o(.text)
    big2litel_endian                         0x08012ba9   Thumb Code    36  encoding.o(.text)
    utf8_to_ucs2                             0x08012bcd   Thumb Code   126  encoding.o(.text)
    utf8s_to_ucs2s                           0x08012c4b   Thumb Code    54  encoding.o(.text)
    ucs2_to_utf8                             0x08012c81   Thumb Code   182  encoding.o(.text)
    uni_srtsrt                               0x08012d37   Thumb Code    48  encoding.o(.text)
    __rt_ctype_table                         0x08012d6d   Thumb Code     4  ctype_o.o(.text)
    isspace                                  0x08012d75   Thumb Code    18  isspace_o.o(.text)
    toupper                                  0x08012d87   Thumb Code    12  toupper.o(.text)
    __aeabi_memcpy                           0x08012d93   Thumb Code    36  memcpya.o(.text)
    __aeabi_memcpy4                          0x08012d93   Thumb Code     0  memcpya.o(.text)
    __aeabi_memcpy8                          0x08012d93   Thumb Code     0  memcpya.o(.text)
    __aeabi_memset                           0x08012db7   Thumb Code    14  memseta.o(.text)
    __aeabi_memset4                          0x08012db7   Thumb Code     0  memseta.o(.text)
    __aeabi_memset8                          0x08012db7   Thumb Code     0  memseta.o(.text)
    __aeabi_memclr                           0x08012dc5   Thumb Code     4  memseta.o(.text)
    __aeabi_memclr4                          0x08012dc5   Thumb Code     0  memseta.o(.text)
    __aeabi_memclr8                          0x08012dc5   Thumb Code     0  memseta.o(.text)
    _memset$wrapper                          0x08012dc9   Thumb Code    18  memseta.o(.text)
    strcat                                   0x08012ddb   Thumb Code    24  strcat.o(.text)
    strstr                                   0x08012df3   Thumb Code    36  strstr.o(.text)
    strncpy                                  0x08012e17   Thumb Code    24  strncpy.o(.text)
    strlen                                   0x08012e2f   Thumb Code    14  strlen.o(.text)
    strcmp                                   0x08012e3d   Thumb Code    28  strcmp.o(.text)
    memchr                                   0x08012e59   Thumb Code    20  memchr.o(.text)
    memcmp                                   0x08012e6d   Thumb Code    26  memcmp.o(.text)
    strcpy                                   0x08012e87   Thumb Code    18  strcpy.o(.text)
    __0sscanf                                0x08012e99   Thumb Code    48  __0sscanf.o(.text)
    _scanf_int                               0x08012ed1   Thumb Code   336  _scanf_int.o(.text)
    _scanf_string                            0x08013021   Thumb Code   218  _scanf_str.o(.text)
    _scanf_real                              0x080131fd   Thumb Code     0  scanf_fp.o(.text)
    _scanf_really_real                       0x080131fd   Thumb Code   560  scanf_fp.o(.text)
    strtol                                   0x08013439   Thumb Code   112  strtol.o(.text)
    __aeabi_fadd                             0x080134a9   Thumb Code   164  fadd.o(.text)
    __aeabi_fsub                             0x0801354d   Thumb Code     6  fadd.o(.text)
    __aeabi_frsub                            0x08013553   Thumb Code     6  fadd.o(.text)
    __aeabi_fmul                             0x08013559   Thumb Code   108  fmul.o(.text)
    __aeabi_fdiv                             0x080135c5   Thumb Code   128  fdiv.o(.text)
    __aeabi_dadd                             0x08013645   Thumb Code   322  dadd.o(.text)
    __aeabi_dsub                             0x08013787   Thumb Code     6  dadd.o(.text)
    __aeabi_drsub                            0x0801378d   Thumb Code     6  dadd.o(.text)
    __aeabi_dmul                             0x08013793   Thumb Code   228  dmul.o(.text)
    __aeabi_ddiv                             0x08013877   Thumb Code   222  ddiv.o(.text)
    __aeabi_i2f                              0x08013955   Thumb Code    18  fflti.o(.text)
    __aeabi_ui2f                             0x08013967   Thumb Code    10  ffltui.o(.text)
    __aeabi_ui2d                             0x08013971   Thumb Code    26  dfltui.o(.text)
    __aeabi_f2uiz                            0x0801398b   Thumb Code    40  ffixui.o(.text)
    __aeabi_d2uiz                            0x080139b3   Thumb Code    50  dfixui.o(.text)
    __aeabi_f2d                              0x080139e5   Thumb Code    38  f2d.o(.text)
    __aeabi_cdcmpeq                          0x08013a0d   Thumb Code     0  cdcmple.o(.text)
    __aeabi_cdcmple                          0x08013a0d   Thumb Code    38  cdcmple.o(.text)
    __aeabi_cdrcmple                         0x08013a35   Thumb Code    38  cdrcmple.o(.text)
    __aeabi_d2f                              0x08013a5d   Thumb Code    56  d2f.o(.text)
    __aeabi_cfcmpeq                          0x08013a95   Thumb Code     0  cfcmple.o(.text)
    __aeabi_cfcmple                          0x08013a95   Thumb Code    20  cfcmple.o(.text)
    __aeabi_cfrcmple                         0x08013aa9   Thumb Code    20  cfrcmple.o(.text)
    __aeabi_uidiv                            0x08013abd   Thumb Code     0  uidiv.o(.text)
    __aeabi_uidivmod                         0x08013abd   Thumb Code    44  uidiv.o(.text)
    __aeabi_uldivmod                         0x08013ae9   Thumb Code    98  uldiv.o(.text)
    __aeabi_llsl                             0x08013b4b   Thumb Code    30  llshl.o(.text)
    _ll_shift_l                              0x08013b4b   Thumb Code     0  llshl.o(.text)
    __aeabi_llsr                             0x08013b69   Thumb Code    32  llushr.o(.text)
    _ll_ushift_r                             0x08013b69   Thumb Code     0  llushr.o(.text)
    __aeabi_lasr                             0x08013b89   Thumb Code    36  llsshr.o(.text)
    _ll_sshift_r                             0x08013b89   Thumb Code     0  llsshr.o(.text)
    _chval                                   0x08013bad   Thumb Code    28  _chval.o(.text)
    __vfscanf_char                           0x08013bd5   Thumb Code    20  scanf_char.o(.text)
    _sgetc                                   0x08013bf1   Thumb Code    30  _sgetc.o(.text)
    _sbackspace                              0x08013c0f   Thumb Code    34  _sgetc.o(.text)
    _strtoul                                 0x08013c31   Thumb Code   158  _strtoul.o(.text)
    __strtod_int                             0x08013d07   Thumb Code    88  strtod.o(.text)
    __I$use$fp                               0x08013d6d   Thumb Code     0  iusefp.o(.text)
    _float_round                             0x08013d6d   Thumb Code    18  fepilogue.o(.text)
    _float_epilogue                          0x08013d7f   Thumb Code    90  fepilogue.o(.text)
    _double_round                            0x08013dd9   Thumb Code    26  depilogue.o(.text)
    _double_epilogue                         0x08013df3   Thumb Code   164  depilogue.o(.text)
    __aeabi_ul2d                             0x08013e97   Thumb Code    24  dfltul.o(.text)
    __aeabi_d2ulz                            0x08013eaf   Thumb Code    48  dfixul.o(.text)
    __scatterload                            0x08013ee1   Thumb Code    28  init.o(.text)
    __scatterload_rt2                        0x08013ee1   Thumb Code     0  init.o(.text)
    __vfscanf                                0x08013f05   Thumb Code   806  _scanf.o(.text)
    __decompress                             0x08014231   Thumb Code     0  __dczerorl2.o(.text)
    __decompress1                            0x08014231   Thumb Code    92  __dczerorl2.o(.text)
    __0sprintf                               0x0801428d   Thumb Code    34  printfa.o(i.__0sprintf)
    __1sprintf                               0x0801428d   Thumb Code     0  printfa.o(i.__0sprintf)
    __2sprintf                               0x0801428d   Thumb Code     0  printfa.o(i.__0sprintf)
    __c89sprintf                             0x0801428d   Thumb Code     0  printfa.o(i.__0sprintf)
    sprintf                                  0x0801428d   Thumb Code     0  printfa.o(i.__0sprintf)
    __0vsprintf                              0x080142b5   Thumb Code    30  printfa.o(i.__0vsprintf)
    __1vsprintf                              0x080142b5   Thumb Code     0  printfa.o(i.__0vsprintf)
    __2vsprintf                              0x080142b5   Thumb Code     0  printfa.o(i.__0vsprintf)
    __c89vsprintf                            0x080142b5   Thumb Code     0  printfa.o(i.__0vsprintf)
    vsprintf                                 0x080142b5   Thumb Code     0  printfa.o(i.__0vsprintf)
    __aeabi_errno_addr                       0x080142d9   Thumb Code     4  errno.o(i.__aeabi_errno_addr)
    __rt_errno_addr                          0x080142d9   Thumb Code     0  errno.o(i.__aeabi_errno_addr)
    __scatterload_copy                       0x080142e1   Thumb Code    14  handlers.o(i.__scatterload_copy)
    __scatterload_null                       0x080142ef   Thumb Code     2  handlers.o(i.__scatterload_null)
    __scatterload_zeroinit                   0x080142f1   Thumb Code    14  handlers.o(i.__scatterload_zeroinit)
    _is_digit                                0x0801445d   Thumb Code    14  scanf_fp.o(i._is_digit)
    floor                                    0x08014bbd   Thumb Code   204  floor.o(i.floor)
    strtod                                   0x08014c99   Thumb Code    28  strtod.o(i.strtod)
    smsReplyOk                               0x08014cb4   Data          14  sms_task.o(.constdata)
    addrString                               0x08014cc2   Data           7  sms_task.o(.constdata)
    smsCallReportLocation                    0x08014cc9   Data          23  call_task.o(.constdata)
    smsgSensorAlarmWarning                   0x08014ce0   Data          20  alarm_task.o(.constdata)
    watchdogCntValueMax                      0x08014cf4   Data           4  rtc.o(.constdata)
    uip_broadcast_addr                       0x08014cf8   Data           4  uip.o(.constdata)
    uip_all_zeroes_addr                      0x08014cfc   Data           4  uip.o(.constdata)
    fcstab                                   0x08014d00   Data         512  fcs.o(.constdata)
    _ytab                                    0x08014f00   Data          96  m_time.o(.constdata)
    callPickUpBuf                            0x08014f60   Data           6  at_cmd_call_parser.o(.constdata)
    terminateStr                             0x08014fd8   Data           7  at_command_parser.o(.constdata)
    atGsmCmdStart                            0x08014fe0   Data         280  at_gsm_task.o(.constdata)
    __ctype_table                            0x08015148   Data         129  ctype_o.o(.constdata)
    Region$$Table$$Base                      0x080152f4   Number         0  anon$$obj.o(Region$$Table)
    Region$$Table$$Limit                     0x08015314   Number         0  anon$$obj.o(Region$$Table)
    mainBuf                                  0x20000000   Data         256  main.o(.data)
    sleepCnt                                 0x20000100   Data           2  main.o(.data)
    reportInterVal                           0x20000104   Data           4  main.o(.data)
    smsTimeCheck                             0x20000108   Data           4  main.o(.data)
    sendStatus                               0x2000010c   Data           1  main.o(.data)
    statusSentFlag                           0x2000010d   Data           1  main.o(.data)
    intervalReportWakeFlag                   0x2000010e   Data           1  main.o(.data)
    sysStatus                                0x2000010f   Data           1  main.o(.data)
    timer2Cnt                                0x20000110   Data           4  main.o(.data)
    sysUploadConfig                          0x20000114   Data           1  system_config.o(.data)
    sysResetMcuFlag                          0x20000115   Data           1  system_config.o(.data)
    trackerTaskRun                           0x20000118   Data           1  tracker.o(.data)
    an1Voltage                               0x2000011c   Data           4  tracker.o(.data)
    trackerTaskCnt                           0x20000120   Data           4  tracker.o(.data)
    adcChannel8Value                         0x20000124   Data           4  tracker.o(.data)
    newUpdateGps                             0x20000128   Data           1  tracker.o(.data)
    logSendPt                                0x2000012c   Data           4  tracker.o(.data)
    mileage                                  0x20000130   Data           4  tracker.o(.data)
    trackerSaveLog                           0x20000134   Data           1  tracker.o(.data)
    ADC1_10_Value                            0x20000138   Data           4  adc_task.o(.data)
    ADC1_11_Value                            0x2000013c   Data           4  adc_task.o(.data)
    ADC1_Temperature                         0x20000140   Data           4  adc_task.o(.data)
    temperature                              0x20000144   Data           4  adc_task.o(.data)
    ADC_CntValue                             0x20000148   Data           1  adc_task.o(.data)
    ADC_Updated                              0x20000149   Data           1  adc_task.o(.data)
    askAddrCnt                               0x20000154   Data           1  sms_task.o(.data)
    getAddrFlag                              0x20000155   Data           1  sms_task.o(.data)
    gotAddrFlag                              0x20000156   Data           1  sms_task.o(.data)
    addrSendToUserFlag                       0x20000157   Data           1  sms_task.o(.data)
    systemReset                              0x20000158   Data           1  sms_task.o(.data)
    firmwareSendFileOffSetFlag               0x20000160   Data           4  app_config_task.o(.data)
    firmwareSaveFileOffsetCnt                0x20000164   Data           4  app_config_task.o(.data)
    firmwareStatus                           0x20000168   Data           4  app_config_task.o(.data)
    logSource                                0x2000016c   Data           1  app_config_task.o(.data)
    firmwareFileCrc                          0x20000170   Data           4  app_config_task.o(.data)
    firmwareFileSize                         0x20000174   Data           4  app_config_task.o(.data)
    firmwareFileOffSet                       0x20000178   Data           4  app_config_task.o(.data)
    firmwareFileOffSetOld                    0x2000017c   Data           4  app_config_task.o(.data)
    alarmFlag                                0x20000180   Data           4  alarm_task.o(.data)
    gSensorAlarmTimes                        0x20000184   Data           1  alarm_task.o(.data)
    accOffTime                               0x20000185   Data           1  alarm_task.o(.data)
    rpState                                  0x200001a4   Data           1  reporter.o(.data)
    rexmitCnt                                0x200001a6   Data           2  reporter.o(.data)
    timedOutCnt                              0x200001a8   Data           2  reporter.o(.data)
    rpLen                                    0x200001aa   Data           2  reporter.o(.data)
    loginLen                                 0x200001ac   Data           2  reporter.o(.data)
    loggedIn                                 0x200001ae   Data           1  reporter.o(.data)
    askCmd                                   0x200001b0   Data           4  reporter.o(.data)
    rpTaskLen                                0x200001b4   Data           4  reporter.o(.data)
    tcpIpTryCnt                              0x200001b8   Data           1  reporter.o(.data)
    callBackCnt                              0x200001bc   Data           4  reporter.o(.data)
    reportCnt                                0x200001c0   Data           4  reporter.o(.data)
    rpSwitchServer                           0x200001c4   Data           4  reporter.o(.data)
    sentDataCnt                              0x200001c8   Data           4  reporter.o(.data)
    recvDataCnt                              0x200001cc   Data           4  reporter.o(.data)
    rpServerIpAddr                           0x200001d0   Data           4  reporter.o(.data)
    rpServerIp                               0x200001d4   Data           4  reporter.o(.data)
    rpConn                                   0x200001d8   Data           4  reporter.o(.data)
    rpTick                                   0x200001dc   Data           4  reporter.o(.data)
    fwState                                  0x200001e0   Data           1  firmware_task.o(.data)
    fwTimedOutCnt                            0x200001e4   Data           2  firmware_task.o(.data)
    fwLen                                    0x200001e6   Data           2  firmware_task.o(.data)
    fwLoggedIn                               0x200001e8   Data           1  firmware_task.o(.data)
    fwCallBackCnt                            0x200001ec   Data           4  firmware_task.o(.data)
    fFlagSendData                            0x200001f0   Data           1  firmware_task.o(.data)
    fDataLength                              0x200001f2   Data           2  firmware_task.o(.data)
    fwSwitchServer                           0x200001f4   Data           4  firmware_task.o(.data)
    fwServerIpAddr                           0x200001f8   Data           4  firmware_task.o(.data)
    fwServerIp                               0x200001fc   Data           4  firmware_task.o(.data)
    fwConn                                   0x20000200   Data           4  firmware_task.o(.data)
    fwTick                                   0x20000204   Data           4  firmware_task.o(.data)
    fCnt                                     0x20000208   Data           4  firmware_task.o(.data)
    accelerometerAlarmCnt                    0x2000020c   Data           1  accelerometer_task.o(.data)
    accelSampleCnt                           0x20000210   Data           4  accelerometer_task.o(.data)
    accelAlarmTimes                          0x20000214   Data           1  accelerometer_task.o(.data)
    accel_x                                  0x20000216   Data           2  accelerometer_task.o(.data)
    accel_y                                  0x20000218   Data           2  accelerometer_task.o(.data)
    accel_z                                  0x2000021a   Data           2  accelerometer_task.o(.data)
    accel_x1                                 0x2000021c   Data           2  accelerometer_task.o(.data)
    accel_y1                                 0x2000021e   Data           2  accelerometer_task.o(.data)
    accel_z1                                 0x20000220   Data           2  accelerometer_task.o(.data)
    accel_x_min                              0x20000222   Data           2  accelerometer_task.o(.data)
    accel_y_min                              0x20000224   Data           2  accelerometer_task.o(.data)
    accel_z_min                              0x20000226   Data           2  accelerometer_task.o(.data)
    accel_x_max                              0x20000228   Data           2  accelerometer_task.o(.data)
    accel_y_max                              0x2000022a   Data           2  accelerometer_task.o(.data)
    accel_z_max                              0x2000022c   Data           2  accelerometer_task.o(.data)
    SystemCoreClock                          0x20000230   Data           4  system_stm32f10x.o(.data)
    AHBPrescTable                            0x20000234   Data          16  system_stm32f10x.o(.data)
    rtcCnt                                   0x20000244   Data           4  rtc.o(.data)
    resetCnt                                 0x20000248   Data           1  rtc.o(.data)
    watchdogEnable                           0x2000024c   Data           4  rtc.o(.data)
    watchdogCnt                              0x20000250   Data           4  rtc.o(.data)
    watchdogFeed                             0x20000254   Data           4  rtc.o(.data)
    sec                                      0x20000258   Data           4  rtc.o(.data)
    resolverTick                             0x20000270   Data           8  resolver.o(.data)
    resolverState                            0x20000278   Data           1  resolver.o(.data)
    curr_tick                                0x20000290   Data           4  timer.o(.data)
    uip_ethaddr                              0x20000294   Data           6  uip.o(.data)
    uip_hostaddr                             0x2000029a   Data           4  uip.o(.data)
    uip_draddr                               0x2000029e   Data           4  uip.o(.data)
    uip_netmask                              0x200002a2   Data           4  uip.o(.data)
    uip_appdata                              0x200002a8   Data           4  uip.o(.data)
    uip_sappdata                             0x200002ac   Data           4  uip.o(.data)
    uip_len                                  0x200002b0   Data           2  uip.o(.data)
    uip_slen                                 0x200002b2   Data           2  uip.o(.data)
    uip_flags                                0x200002b4   Data           1  uip.o(.data)
    uip_conn                                 0x200002b8   Data           4  uip.o(.data)
    uip_listenports                          0x200002bc   Data           2  uip.o(.data)
    uip_udp_conn                             0x200002c0   Data           4  uip.o(.data)
    uip_acc32                                0x200002cc   Data           4  uip.o(.data)
    uipTimer                                 0x200002d4   Data           8  uip_ppp.o(.data)
    pppRxBuf                                 0x200002dc   Data           4  ppp.o(.data)
    pppIsEsc                                 0x200002e0   Data           1  ppp.o(.data)
    pppDialAttempts                          0x200002e1   Data           1  ppp.o(.data)
    pppUseESC                                0x200002e2   Data           1  ppp.o(.data)
    pppRestartCount                          0x200002e3   Data           1  ppp.o(.data)
    pppFrameSize                             0x200002e4   Data           2  ppp.o(.data)
    pppMsgID                                 0x200002e6   Data           1  ppp.o(.data)
    pppTick                                  0x200002e8   Data           4  ppp.o(.data)
    pppTimerOn                               0x200002ec   Data           1  ppp.o(.data)
    pppDataPrepared                          0x200002ed   Data           1  ppp.o(.data)
    pppIpAddr                                0x200002ee   Data           4  ppp.o(.data)
    lcpState                                 0x200002f2   Data           1  ppp.o(.data)
    papState                                 0x200002f3   Data           1  ppp.o(.data)
    ipcpState                                0x200002f4   Data           1  ppp.o(.data)
    pppPhase                                 0x200002f5   Data           1  ppp.o(.data)
    pppInState                               0x200002f6   Data           1  ppp.o(.data)
    _daylight                                0x200002f8   Data           4  m_time.o(.data)
    _dstbias                                 0x200002fc   Data           4  m_time.o(.data)
    _timezone                                0x20000300   Data           4  m_time.o(.data)
    rtcTimeSec                               0x20000304   Data           4  sys_time.o(.data)
    timeZone                                 0x20000308   Data           4  sys_time.o(.data)
    sysTimeZone                              0x2000030c   Data           4  sys_time.o(.data)
    rtcUpdateFlag                            0x20000310   Data           4  sys_time.o(.data)
    rtcUpdateCnt                             0x20000314   Data           4  sys_time.o(.data)
    sysTime                                  0x20000318   Data           8  sys_time.o(.data)
    voiceCall_TaskPhase                      0x20000320   Data           1  at_cmd_call_parser.o(.data)
    voiceCall_OldTaskPhase                   0x20000321   Data           1  at_cmd_call_parser.o(.data)
    pickUpPos                                0x20000322   Data           1  at_cmd_call_parser.o(.data)
    callSentATH                              0x20000323   Data           1  at_cmd_call_parser.o(.data)
    batteryPercent                           0x20000328   Data           2  at_cmd_common_parser.o(.data)
    flagGotSimCID                            0x2000032a   Data           1  at_cmd_common_parser.o(.data)
    flagGotIMEI                              0x2000032b   Data           1  at_cmd_common_parser.o(.data)
    newIMEI_IsUpdate                         0x2000032c   Data           1  at_cmd_common_parser.o(.data)
    modemIMEIPass                            0x2000032d   Data           1  at_cmd_common_parser.o(.data)
    gsmGetTimeFlag                           0x2000032e   Data           1  at_cmd_common_parser.o(.data)
    sysGsmTimezone                           0x20000330   Data           4  at_cmd_common_parser.o(.data)
    gsmCommonPhase                           0x20000334   Data           1  at_cmd_common_parser.o(.data)
    gsmCmdRetry                              0x20000335   Data           1  at_cmd_common_parser.o(.data)
    sysGsmTime                               0x20000342   Data           8  at_cmd_common_parser.o(.data)
    smsNewMessageFlag                        0x20000354   Data           1  at_cmd_sms_parser.o(.data)
    smsPhase                                 0x20000355   Data           1  at_cmd_sms_parser.o(.data)
    smsCancelAll                             0x20000356   Data           1  at_cmd_sms_parser.o(.data)
    flagSmsReadFinish                        0x20000357   Data           1  at_cmd_sms_parser.o(.data)
    getServiceCenterNumber                   0x20000358   Data           1  at_cmd_sms_parser.o(.data)
    smsMsg                                   0x20000374   Data           4  at_cmd_sms_parser.o(.data)
    pdu_len_except_smsc                      0x20000378   Data           1  at_cmd_sms_parser.o(.data)
    pdu_len                                  0x20000379   Data           1  at_cmd_sms_parser.o(.data)
    commandSeparator                         0x2000037c   Data           4  at_command_parser.o(.data)
    registerNetworkRetry                     0x20000384   Data           1  at_gsm_task.o(.data)
    flagGsmStatus                            0x20000385   Data           1  at_gsm_task.o(.data)
    enableGprsRetryCnt                       0x20000386   Data           1  at_gsm_task.o(.data)
    gprsEnableFlag                           0x20000387   Data           1  at_gsm_task.o(.data)
    gprsDisable                              0x20000388   Data           1  at_gsm_task.o(.data)
    gprsEnableCmd                            0x20000389   Data           1  at_gsm_task.o(.data)
    gsm_TaskPhase                            0x2000038a   Data           1  at_gsm_task.o(.data)
    gprsApn                                  0x2000038c   Data           4  at_gsm_task.o(.data)
    gprsUsr                                  0x20000390   Data           4  at_gsm_task.o(.data)
    gprsPwd                                  0x20000394   Data           4  at_gsm_task.o(.data)
    modemCmd_TaskPhase                       0x200003a0   Data           1  at_send_cmd_task.o(.data)
    cmdTimeoutCount                          0x200003a1   Data           1  at_send_cmd_task.o(.data)
    modemCancel                              0x200003a2   Data           1  at_send_cmd_task.o(.data)
    criticalCmd                              0x200003a3   Data           1  at_send_cmd_task.o(.data)
    cmdParsedChar                            0x200003a4   Data           1  at_send_cmd_task.o(.data)
    modemIsBusy                              0x200003a5   Data           1  at_send_cmd_task.o(.data)
    modemIsBusySource                        0x200003a6   Data           1  at_send_cmd_task.o(.data)
    atProcessCmd                             0x200003a8   Data           8  at_send_cmd_task.o(.data)
    modemDialFlag                            0x200003b0   Data           1  modem.o(.data)
    modemToCommandModeFlag                   0x200003b1   Data           1  modem.o(.data)
    modemToDataModeFlag                      0x200003b2   Data           1  modem.o(.data)
    modem_IsOnline                           0x200003b3   Data           1  modem.o(.data)
    modemOk                                  0x200003b4   Data           4  modem.o(.data)
    modemError                               0x200003b8   Data           4  modem.o(.data)
    modemCmdMode                             0x200003bc   Data           1  modem.o(.data)
    csqValue                                 0x200003c0   Data           4  modem.o(.data)
    gsmSignal                                0x200003c4   Data           1  modem.o(.data)
    modemApn                                 0x200003c8   Data           4  modem.o(.data)
    commTxRingBuf                            0x200003cc   Data           4  comm.o(.data)
    commRxRingBuf                            0x200003d0   Data           4  comm.o(.data)
    pppOpenedBefore                          0x200003d4   Data           1  comm.o(.data)
    gpsCheckSum                              0x200003d8   Data           1  gps.o(.data)
    gpsCheckSumX                             0x200003d9   Data           1  gps.o(.data)
    gpsGetCheckSumFlag                       0x200003da   Data           1  gps.o(.data)
    GPRMC_gotDataFlag                        0x200003db   Data           1  gps.o(.data)
    GPGGA_gotDataFlag                        0x200003dc   Data           1  gps.o(.data)
    GPGSA_gotDataFlag                        0x200003dd   Data           1  gps.o(.data)
    GPGSV_gotDataFlag                        0x200003de   Data           1  gps.o(.data)
    msgGpsDataGood                           0x200003df   Data           1  gps.o(.data)
    gpsPulse                                 0x200003e0   Data           1  gps.o(.data)
    GPS_cmdState                             0x200003e1   Data           1  gps.o(.data)
    pPackGPRMC                               0x200003e8   Data           4  gps.o(.data)
    pPackGPGGA                               0x200003ec   Data           4  gps.o(.data)
    pPackGPGSA                               0x200003f0   Data           4  gps.o(.data)
    pPackGPGSV                               0x200003f4   Data           4  gps.o(.data)
    GPS_numCmd                               0x200003f8   Data           1  gps.o(.data)
    GPS_cmdRecvLength                        0x200003fc   Data           4  gps.o(.data)
    logPositionCnt                           0x20000400   Data           4  db.o(.data)
    flagNewLog                               0x20000404   Data           4  db.o(.data)
    flashInUse                               0x20000408   Data           4  db.o(.data)
    countErrTemp                             0x2000040c   Data           4  sst25.o(.data)
    acclInit                                 0x20000410   Data           4  mma7660.o(.data)
    acclError                                0x20000414   Data           4  mma7660.o(.data)
    sysTickTimeSec                           0x20000420   Data           4  sys_tick.o(.data)
    sysTickCounter32                         0x20000424   Data           4  sys_tick.o(.data)
    sysTickCounter64                         0x20000428   Data           8  sys_tick.o(.data)
    tFwDownload                              0x20000434   Data          12  main.o(.bss)
    tResetApp                                0x20000440   Data          12  main.o(.bss)
    tAppTimeout                              0x2000044c   Data          12  main.o(.bss)
    sysCfg                                   0x20000458   Data         386  system_config.o(.bss)
    firmware                                 0x200005da   Data          20  system_config.o(.bss)
    ioStatus                                 0x200005f0   Data          32  hw_config.o(.bss)
    logSend                                  0x20000624   Data         112  tracker.o(.bss)
    tSpeedAlarmTimeout                       0x20000694   Data          12  tracker.o(.bss)
    ADC1ConvertedValue                       0x200006a0   Data          80  adc_task.o(.bss)
    ADC1ConvertedValueTotal                  0x200006f0   Data          12  adc_task.o(.bss)
    firmwarePhoneSender                      0x200006fc   Data          16  sms_task.o(.bss)
    smsReplyBuf                              0x2000070c   Data          32  sms_task.o(.bss)
    replySms                                 0x2000072c   Data          20  sms_task.o(.bss)
    replySmsBuf                              0x20000740   Data         160  sms_task.o(.bss)
    myAddr                                   0x200007e0   Data         160  sms_task.o(.bss)
    tGetAddrTimeout                          0x20000880   Data          12  sms_task.o(.bss)
    tGotAddrTimeout                          0x2000088c   Data          12  sms_task.o(.bss)
    tGetAddr                                 0x20000898   Data          12  sms_task.o(.bss)
    locationSms                              0x200008a4   Data          20  call_task.o(.bss)
    locationAskSmsBuf                        0x200008b8   Data         160  call_task.o(.bss)
    tFirmwareTryToUpdate                     0x20000a58   Data          12  app_config_task.o(.bss)
    configTaskBuf                            0x20000a64   Data        1024  app_config_task.o(.bss)
    configTaskRingBuf                        0x20000e64   Data          16  app_config_task.o(.bss)
    UART_ProtoRecv                           0x20000e74   Data          16  uart_config_task.o(.bss)
    UART_ProtoSend                           0x20000e84   Data          16  uart_config_task.o(.bss)
    UART_DataBuff                            0x20000e94   Data          36  uart_config_task.o(.bss)
    UART_parserPacket                        0x20000eb8   Data          10  uart_config_task.o(.bss)
    checkUart                                0x20000ec4   Data          12  uart_config_task.o(.bss)
    sysTimeSleep                             0x20000ed0   Data          12  database_app.o(.bss)
    gpsLat                                   0x20000edc   Data          12  database_app.o(.bss)
    gpsLon                                   0x20000ee8   Data          12  database_app.o(.bss)
    gpsHDOP                                  0x20000ef4   Data          12  database_app.o(.bss)
    gpsDir                                   0x20000f00   Data          12  database_app.o(.bss)
    cellLat                                  0x20000f0c   Data          12  database_app.o(.bss)
    cellLon                                  0x20000f18   Data          12  database_app.o(.bss)
    powerOfTimeDelay                         0x20000f24   Data          12  database_app.o(.bss)
    firmwareDownloadTimeout                  0x20000f30   Data          12  database_app.o(.bss)
    timeSave                                 0x20000f3c   Data          12  database_app.o(.bss)
    agpsTimeSave                             0x20000f48   Data          12  database_app.o(.bss)
    gSensorAlarmSms                          0x20000f54   Data          20  alarm_task.o(.bss)
    gSensorAlarmSmsBuf                       0x20000f68   Data         160  alarm_task.o(.bss)
    tCarAccident                             0x20001008   Data          12  alarm_task.o(.bss)
    led1Ctr                                  0x20001014   Data          20  led.o(.bss)
    tCallbackTimeout                         0x20001028   Data          12  reporter.o(.bss)
    rpBuf                                    0x20001034   Data         256  reporter.o(.bss)
    fwBuf                                    0x20001134   Data         576  firmware_task.o(.bss)
    fInfo                                    0x20001374   Data          52  firmware_task.o(.bss)
    loginSendBuff                            0x200013a8   Data          57  firmware_task.o(.bss)
    fdummySendPacket                         0x200013e4   Data          12  firmware_task.o(.bss)
    tFrimwareUpdateTimeout                   0x200013f0   Data          12  firmware_task.o(.bss)
    fwCallbackTimeout                        0x200013fc   Data          12  firmware_task.o(.bss)
    tFwTcpDataOut                            0x20001408   Data          12  firmware_task.o(.bss)
    fSendBuff                                0x20001414   Data          64  firmware_task.o(.bss)
    GPRS_DataBuff                            0x20001454   Data         516  firmware_task.o(.bss)
    GPRS_ProtoRecv                           0x20001658   Data          16  firmware_task.o(.bss)
    GPRS_ProtoSend                           0x20001668   Data          16  firmware_task.o(.bss)
    GPRS_parserPacket                        0x20001678   Data          10  firmware_task.o(.bss)
    pppReset                                 0x20001684   Data          12  tcp_ip_task.o(.bss)
    tDataIsSending                           0x20001690   Data          12  tcp_ip_task.o(.bss)
    USART1_RxBuff                            0x2000169c   Data        1024  uart1.o(.bss)
    USART1_TxBuff                            0x20001a9c   Data        1024  uart1.o(.bss)
    USART1_RxRingBuff                        0x20001e9c   Data          16  uart1.o(.bss)
    USART1_TxRingBuff                        0x20001eac   Data          16  uart1.o(.bss)
    USART2_RxBuff                            0x20001ebc   Data         128  uart2.o(.bss)
    USART2_RxRingBuff                        0x20001f3c   Data          16  uart2.o(.bss)
    USART3_RxBuff                            0x20001f4c   Data         512  uart3.o(.bss)
    USART3_TxBuff                            0x2000214c   Data         512  uart3.o(.bss)
    USART3_RxRingBuff                        0x2000234c   Data          16  uart3.o(.bss)
    USART3_TxRingBuff                        0x2000235c   Data          16  uart3.o(.bss)
    uip_aligned_buf                          0x20002494   Data        1500  uip.o(.bss)
    uip_conns                                0x20002a70   Data         160  uip.o(.bss)
    uip_udp_conns                            0x20002b10   Data          80  uip.o(.bss)
    pppTxBuf                                 0x20002b60   Data          89  ppp.o(.bss)
    pppUsr                                   0x20002bb9   Data          16  ppp.o(.bss)
    pppPwd                                   0x20002bc9   Data          16  ppp.o(.bss)
    atCmdCallParser                          0x20002bdc   Data          46  at_cmd_call_parser.o(.bss)
    tCallRingCheckTimeOut                    0x20002c0c   Data          12  at_cmd_call_parser.o(.bss)
    tVoiceCallTaskTimeOut                    0x20002c18   Data          12  at_cmd_call_parser.o(.bss)
    tCallTaskDelay                           0x20002c24   Data          12  at_cmd_call_parser.o(.bss)
    tStartCallErrorTimeOut                   0x20002c30   Data          12  at_cmd_call_parser.o(.bss)
    tWaitCallActionTimeOut                   0x20002c3c   Data          12  at_cmd_call_parser.o(.bss)
    tVoiceCallTaskTimeout                    0x20002c48   Data          12  at_cmd_call_parser.o(.bss)
    dialingPhoneNumber                       0x20002c54   Data          16  at_cmd_call_parser.o(.bss)
    gsmSimCIDBuf                             0x20002c64   Data          32  at_cmd_common_parser.o(.bss)
    gsmIMEIBuf                               0x20002c84   Data          18  at_cmd_common_parser.o(.bss)
    tGsmCommonTaskTimeOut                    0x20002c98   Data          12  at_cmd_common_parser.o(.bss)
    tGsmCommonTaskDelay                      0x20002ca4   Data          12  at_cmd_common_parser.o(.bss)
    smsUnreadBuff                            0x20002cb0   Data          32  at_cmd_sms_parser.o(.bss)
    tSmsTaskTimeOut                          0x20002cd0   Data          12  at_cmd_sms_parser.o(.bss)
    smsUnreadRingBuff                        0x20002cdc   Data          16  at_cmd_sms_parser.o(.bss)
    smsSender                                0x20002cec   Data          16  at_cmd_sms_parser.o(.bss)
    smsDataBuf                               0x20002cfc   Data         256  at_cmd_sms_parser.o(.bss)
    serviceCenterNumber                      0x20002dfc   Data          16  at_cmd_sms_parser.o(.bss)
    cmdCnt                                   0x20002e0c   Data          14  at_command_parser.o(.bss)
    AT_CmdParser                             0x20002e1c   Data          16  at_command_parser.o(.bss)
    atGsmCmdListStart                        0x20002e2c   Data          80  at_gsm_task.o(.bss)
    tGsmTaskPhaseTimeOut                     0x20002e7c   Data          12  at_gsm_task.o(.bss)
    tGsmTaskDelay                            0x20002e88   Data          12  at_gsm_task.o(.bss)
    tGprsEnable                              0x20002e94   Data          12  at_gsm_task.o(.bss)
    modemAtCmdBuf                            0x20002ea0   Data         128  at_send_cmd_task.o(.bss)
    modemCmpOk                               0x20002f20   Data          12  at_send_cmd_task.o(.bss)
    modemCmpFails                            0x20002f2c   Data          12  at_send_cmd_task.o(.bss)
    tModemAtTimeout                          0x20002f38   Data          12  at_send_cmd_task.o(.bss)
    tModemCancelTimeout                      0x20002f44   Data          12  at_send_cmd_task.o(.bss)
    tModemIsBusyTimeOut                      0x20002f50   Data          12  at_send_cmd_task.o(.bss)
    cmdPckSend                               0x20002f5c   Data          28  at_send_cmd_task.o(.bss)
    atCallBackParser                         0x20002f78   Data          16  at_send_cmd_task.o(.bss)
    csqBuff                                  0x20003008   Data          16  modem.o(.bss)
    buffGPRMC                                0x20003018   Data          80  gps.o(.bss)
    buffGPGGA                                0x20003068   Data          80  gps.o(.bss)
    buffGPGSA                                0x200030b8   Data          80  gps.o(.bss)
    buffGPGSV                                0x20003108   Data          80  gps.o(.bss)
    msgTerm                                  0x20003158   Data          80  gps.o(.bss)
    GPS_Buff                                 0x200031a8   Data         128  gps.o(.bss)
    gpsInfo                                  0x20003228   Data         400  gps.o(.bss)
    lastGpsInfo                              0x200033b8   Data         400  gps.o(.bss)
    GPS_cmdCnt                               0x20003548   Data          16  gps.o(.bss)
    logRecord                                0x20003558   Data         112  db.o(.bss)
    newestLog                                0x200035c8   Data         112  db.o(.bss)
    ringLog                                  0x20003638   Data           9  db.o(.bss)
    __initial_sp                             0x20003a48   Data           0  startup_stm32f10x_md.o(STACK)



==============================================================================

Memory Map of the image

  Image Entry point : 0x080028ed

  Load Region LR_IROM1 (Base: 0x08002800, Size: 0x00012f48, Max: 0x00020000, ABSOLUTE, COMPRESSED[0x00012bc8])

    Execution Region ER_IROM1 (Base: 0x08002800, Size: 0x00012b14, Max: 0x00020000, ABSOLUTE)

    Base Addr    Size         Type   Attr      Idx    E Section Name        Object

    0x08002800   0x000000ec   Data   RO          704    RESET               startup_stm32f10x_md.o
    0x080028ec   0x00000000   Code   RO         1557  * .ARM.Collect$$$$00000000  mc_w.l(entry.o)
    0x080028ec   0x00000004   Code   RO         1919    .ARM.Collect$$$$00000001  mc_w.l(entry2.o)
    0x080028f0   0x00000004   Code   RO         1922    .ARM.Collect$$$$00000004  mc_w.l(entry5.o)
    0x080028f4   0x00000000   Code   RO         1924    .ARM.Collect$$$$00000008  mc_w.l(entry7b.o)
    0x080028f4   0x00000000   Code   RO         1926    .ARM.Collect$$$$0000000A  mc_w.l(entry8b.o)
    0x080028f4   0x00000008   Code   RO         1927    .ARM.Collect$$$$0000000B  mc_w.l(entry9a.o)
    0x080028fc   0x00000000   Code   RO         1929    .ARM.Collect$$$$0000000D  mc_w.l(entry10a.o)
    0x080028fc   0x00000000   Code   RO         1931    .ARM.Collect$$$$0000000F  mc_w.l(entry11a.o)
    0x080028fc   0x00000004   Code   RO         1920    .ARM.Collect$$$$00002712  mc_w.l(entry2.o)
    0x08002900   0x0000091c   Code   RO            1    .text               main.o
    0x0800321c   0x00000364   Code   RO          290    .text               system_config.o
    0x08003580   0x0000023c   Code   RO          319    .text               hw_config.o
    0x080037bc   0x00000c1c   Code   RO          337    .text               tracker.o
    0x080043d8   0x00000398   Code   RO          375    .text               adc_task.o
    0x08004770   0x00000894   Code   RO          394    .text               sms_task.o
    0x08005004   0x000000fc   Code   RO          450    .text               call_task.o
    0x08005100   0x00000aa0   Code   RO          470    .text               app_config_task.o
    0x08005ba0   0x00000074   Code   RO          500    .text               uart_config_task.o
    0x08005c14   0x00000198   Code   RO          516    .text               database_app.o
    0x08005dac   0x000001a8   Code   RO          548    .text               alarm_task.o
    0x08005f54   0x000000e8   Code   RO          565    .text               led.o
    0x0800603c   0x00000608   Code   RO          585    .text               reporter.o
    0x08006644   0x000007f4   Code   RO          640    .text               firmware_task.o
    0x08006e38   0x000000d0   Code   RO          657    .text               tcp_ip_task.o
    0x08006f08   0x0000020c   Code   RO          682    .text               accelerometer_task.o
    0x08007114   0x0000001c   Code   RO          705    .text               startup_stm32f10x_md.o
    0x08007130   0x000001e0   Code   RO          720    .text               system_stm32f10x.o
    0x08007310   0x00000068   Code   RO          738    .text               tick.o
    0x08007378   0x000005bc   Code   RO          761    .text               stm32f10x_flash.o
    0x08007934   0x00000040   Code   RO          773    .text               stm32f10x_iwdg.o
    0x08007974   0x00000318   Code   RO          785    .text               uart1.o
    0x08007c8c   0x000001bc   Code   RO          809    .text               uart2.o
    0x08007e48   0x00000258   Code   RO          827    .text               uart3.o
    0x080080a0   0x000005d8   Code   RO          846    .text               i2c.o
    0x08008678   0x000002e0   Code   RO          858    .text               spi.o
    0x08008958   0x000003ac   Code   RO          882    .text               rtc.o
    0x08008d04   0x00000320   Code   RO          902    .text               exti.o
    0x08009024   0x00000358   Code   RO          919    .text               stm32f10x_gpio.o
    0x0800937c   0x00000250   Code   RO          931    .text               stm32f10x_dma.o
    0x080095cc   0x0000044e   Code   RO          958    .text               stm32f10x_adc.o
    0x08009a1a   0x00000002   PAD
    0x08009a1c   0x000003a4   Code   RO          970    .text               stm32f10x_rcc.o
    0x08009dc0   0x000000c0   Code   RO          984    .text               resolver.o
    0x08009e80   0x0000039c   Code   RO         1007    .text               resolv.o
    0x0800a21c   0x0000004c   Code   RO         1022    .text               timer.o
    0x0800a268   0x000013ac   Code   RO         1037    .text               uip.o
    0x0800b614   0x00000170   Code   RO         1061    .text               uip_ppp.o
    0x0800b784   0x00000044   Code   RO         1077    .text               fcs.o
    0x0800b7c8   0x00001670   Code   RO         1092    .text               ppp.o
    0x0800ce38   0x0000064c   Code   RO         1123    .text               m_time.o
    0x0800d484   0x0000029c   Code   RO         1139    .text               sys_time.o
    0x0800d720   0x0000010c   Code   RO         1160    .text               gsm_hwr.o
    0x0800d82c   0x00000f30   Code   RO         1180    .text               at_cmd_call_parser.o
    0x0800e75c   0x00000b2c   Code   RO         1215    .text               at_cmd_common_parser.o
    0x0800f288   0x00000ba0   Code   RO         1239    .text               at_cmd_sms_parser.o
    0x0800fe28   0x00000054   Code   RO         1261    .text               at_command_parser.o
    0x0800fe7c   0x00000310   Code   RO         1282    .text               at_gsm_task.o
    0x0801018c   0x00000454   Code   RO         1303    .text               at_send_cmd_task.o
    0x080105e0   0x00000314   Code   RO         1322    .text               modem.o
    0x080108f4   0x00000504   Code   RO         1342    .text               pdu.o
    0x08010df8   0x00000054   Code   RO         1357    .text               comm.o
    0x08010e4c   0x00000f3c   Code   RO         1377    .text               gps.o
    0x08011d88   0x000005b4   Code   RO         1402    .text               db.o
    0x0801233c   0x000002e4   Code   RO         1421    .text               sst25.o
    0x08012620   0x00000124   Code   RO         1436    .text               mma7660.o
    0x08012744   0x00000054   Code   RO         1454    .text               ampm_lib.lib(data_cmp.o)
    0x08012798   0x00000114   Code   RO         1469    .text               ampm_lib.lib(list.o)
    0x080128ac   0x00000094   Code   RO         1484    .text               ampm_lib.lib(ringbuf.o)
    0x08012940   0x0000014c   Code   RO         1500    .text               ampm_lib.lib(sparser.o)
    0x08012a8c   0x000000fc   Code   RO         1516    .text               ampm_lib.lib(sys_tick.o)
    0x08012b88   0x000001e4   Code   RO         1534    .text               ampm_lib.lib(encoding.o)
    0x08012d6c   0x00000008   Code   RO         1560    .text               mc_w.l(ctype_o.o)
    0x08012d74   0x00000012   Code   RO         1582    .text               mc_w.l(isspace_o.o)
    0x08012d86   0x0000000c   Code   RO         1588    .text               mc_w.l(toupper.o)
    0x08012d92   0x00000024   Code   RO         1590    .text               mc_w.l(memcpya.o)
    0x08012db6   0x00000024   Code   RO         1592    .text               mc_w.l(memseta.o)
    0x08012dda   0x00000018   Code   RO         1594    .text               mc_w.l(strcat.o)
    0x08012df2   0x00000024   Code   RO         1596    .text               mc_w.l(strstr.o)
    0x08012e16   0x00000018   Code   RO         1598    .text               mc_w.l(strncpy.o)
    0x08012e2e   0x0000000e   Code   RO         1600    .text               mc_w.l(strlen.o)
    0x08012e3c   0x0000001c   Code   RO         1602    .text               mc_w.l(strcmp.o)
    0x08012e58   0x00000014   Code   RO         1604    .text               mc_w.l(memchr.o)
    0x08012e6c   0x0000001a   Code   RO         1606    .text               mc_w.l(memcmp.o)
    0x08012e86   0x00000012   Code   RO         1608    .text               mc_w.l(strcpy.o)
    0x08012e98   0x00000038   Code   RO         1873    .text               mc_w.l(__0sscanf.o)
    0x08012ed0   0x00000150   Code   RO         1875    .text               mc_w.l(_scanf_int.o)
    0x08013020   0x000000da   Code   RO         1877    .text               mc_w.l(_scanf_str.o)
    0x080130fa   0x00000002   PAD
    0x080130fc   0x0000033c   Code   RO         1879    .text               mc_w.l(scanf_fp.o)
    0x08013438   0x00000070   Code   RO         1883    .text               mc_w.l(strtol.o)
    0x080134a8   0x000000b0   Code   RO         1885    .text               mf_w.l(fadd.o)
    0x08013558   0x0000006c   Code   RO         1887    .text               mf_w.l(fmul.o)
    0x080135c4   0x00000080   Code   RO         1889    .text               mf_w.l(fdiv.o)
    0x08013644   0x0000014e   Code   RO         1891    .text               mf_w.l(dadd.o)
    0x08013792   0x000000e4   Code   RO         1893    .text               mf_w.l(dmul.o)
    0x08013876   0x000000de   Code   RO         1895    .text               mf_w.l(ddiv.o)
    0x08013954   0x00000012   Code   RO         1897    .text               mf_w.l(fflti.o)
    0x08013966   0x0000000a   Code   RO         1899    .text               mf_w.l(ffltui.o)
    0x08013970   0x0000001a   Code   RO         1901    .text               mf_w.l(dfltui.o)
    0x0801398a   0x00000028   Code   RO         1903    .text               mf_w.l(ffixui.o)
    0x080139b2   0x00000032   Code   RO         1905    .text               mf_w.l(dfixui.o)
    0x080139e4   0x00000026   Code   RO         1907    .text               mf_w.l(f2d.o)
    0x08013a0a   0x00000002   PAD
    0x08013a0c   0x00000028   Code   RO         1909    .text               mf_w.l(cdcmple.o)
    0x08013a34   0x00000028   Code   RO         1911    .text               mf_w.l(cdrcmple.o)
    0x08013a5c   0x00000038   Code   RO         1913    .text               mf_w.l(d2f.o)
    0x08013a94   0x00000014   Code   RO         1915    .text               mf_w.l(cfcmple.o)
    0x08013aa8   0x00000014   Code   RO         1917    .text               mf_w.l(cfrcmple.o)
    0x08013abc   0x0000002c   Code   RO         1936    .text               mc_w.l(uidiv.o)
    0x08013ae8   0x00000062   Code   RO         1938    .text               mc_w.l(uldiv.o)
    0x08013b4a   0x0000001e   Code   RO         1940    .text               mc_w.l(llshl.o)
    0x08013b68   0x00000020   Code   RO         1942    .text               mc_w.l(llushr.o)
    0x08013b88   0x00000024   Code   RO         1944    .text               mc_w.l(llsshr.o)
    0x08013bac   0x0000001c   Code   RO         1953    .text               mc_w.l(_chval.o)
    0x08013bc8   0x00000028   Code   RO         1955    .text               mc_w.l(scanf_char.o)
    0x08013bf0   0x00000040   Code   RO         1957    .text               mc_w.l(_sgetc.o)
    0x08013c30   0x0000009e   Code   RO         1959    .text               mc_w.l(_strtoul.o)
    0x08013cce   0x00000002   PAD
    0x08013cd0   0x0000009c   Code   RO         1961    .text               mc_w.l(strtod.o)
    0x08013d6c   0x00000000   Code   RO         1963    .text               mc_w.l(iusefp.o)
    0x08013d6c   0x0000006c   Code   RO         1964    .text               mf_w.l(fepilogue.o)
    0x08013dd8   0x000000be   Code   RO         1966    .text               mf_w.l(depilogue.o)
    0x08013e96   0x00000018   Code   RO         1968    .text               mf_w.l(dfltul.o)
    0x08013eae   0x00000030   Code   RO         1970    .text               mf_w.l(dfixul.o)
    0x08013ede   0x00000002   PAD
    0x08013ee0   0x00000024   Code   RO         1972    .text               mc_w.l(init.o)
    0x08013f04   0x0000032c   Code   RO         1977    .text               mc_w.l(_scanf.o)
    0x08014230   0x0000005c   Code   RO         1991    .text               mc_w.l(__dczerorl2.o)
    0x0801428c   0x00000028   Code   RO         1847    i.__0sprintf        mc_w.l(printfa.o)
    0x080142b4   0x00000024   Code   RO         1851    i.__0vsprintf       mc_w.l(printfa.o)
    0x080142d8   0x00000008   Code   RO         1946    i.__aeabi_errno_addr  mc_w.l(errno.o)
    0x080142e0   0x0000000e   Code   RO         1985    i.__scatterload_copy  mc_w.l(handlers.o)
    0x080142ee   0x00000002   Code   RO         1986    i.__scatterload_null  mc_w.l(handlers.o)
    0x080142f0   0x0000000e   Code   RO         1987    i.__scatterload_zeroinit  mc_w.l(handlers.o)
    0x080142fe   0x00000002   PAD
    0x08014300   0x0000015c   Code   RO         1852    i._fp_digits        mc_w.l(printfa.o)
    0x0801445c   0x0000000e   Code   RO         1881    i._is_digit         mc_w.l(scanf_fp.o)
    0x0801446a   0x00000002   PAD
    0x0801446c   0x000006f0   Code   RO         1853    i._printf_core      mc_w.l(printfa.o)
    0x08014b5c   0x00000026   Code   RO         1854    i._printf_post_padding  mc_w.l(printfa.o)
    0x08014b82   0x00000030   Code   RO         1855    i._printf_pre_padding  mc_w.l(printfa.o)
    0x08014bb2   0x0000000a   Code   RO         1857    i._sputc            mc_w.l(printfa.o)
    0x08014bbc   0x000000dc   Code   RO         1550    i.floor             m_ws.l(floor.o)
    0x08014c98   0x0000001c   Code   RO         1554    i.strtod            m_ws.l(strtod.o)
    0x08014cb4   0x00000015   Data   RO          396    .constdata          sms_task.o
    0x08014cc9   0x00000017   Data   RO          452    .constdata          call_task.o
    0x08014ce0   0x00000014   Data   RO          550    .constdata          alarm_task.o
    0x08014cf4   0x00000004   Data   RO          883    .constdata          rtc.o
    0x08014cf8   0x00000008   Data   RO         1039    .constdata          uip.o
    0x08014d00   0x00000200   Data   RO         1078    .constdata          fcs.o
    0x08014f00   0x00000060   Data   RO         1124    .constdata          m_time.o
    0x08014f60   0x00000006   Data   RO         1182    .constdata          at_cmd_call_parser.o
    0x08014f66   0x00000002   PAD
    0x08014f68   0x00000077   Data   RO         1263    .constdata          at_command_parser.o
    0x08014fdf   0x00000001   PAD
    0x08014fe0   0x00000118   Data   RO         1284    .constdata          at_gsm_task.o
    0x080150f8   0x00000050   Data   RO         1379    .constdata          gps.o
    0x08015148   0x00000081   Data   RO         1561    .constdata          mc_w.l(ctype_o.o)
    0x080151c9   0x00000003   PAD
    0x080151cc   0x00000004   Data   RO         1562    .constdata          mc_w.l(ctype_o.o)
    0x080151d0   0x00000081   Data   RO         1264    .conststring        at_command_parser.o
    0x08015251   0x000000a0   Data   RO         1285    .conststring        at_gsm_task.o
    0x080152f1   0x00000003   PAD
    0x080152f4   0x00000020   Data   RO         1983    Region$$Table       anon$$obj.o


    Execution Region RW_IRAM1 (Base: 0x20000000, Size: 0x00003a48, Max: 0x00005000, ABSOLUTE, COMPRESSED[0x000000b4])

    Base Addr    Size         Type   Attr      Idx    E Section Name        Object

    0x20000000   0x00000114   Data   RW            3    .data               main.o
    0x20000114   0x00000002   Data   RW          292    .data               system_config.o
    0x20000116   0x00000002   PAD
    0x20000118   0x0000001d   Data   RW          339    .data               tracker.o
    0x20000135   0x00000003   PAD
    0x20000138   0x0000001c   Data   RW          377    .data               adc_task.o
    0x20000154   0x0000000c   Data   RW          397    .data               sms_task.o
    0x20000160   0x00000020   Data   RW          472    .data               app_config_task.o
    0x20000180   0x0000000c   Data   RW          551    .data               alarm_task.o
    0x2000018c   0x00000004   PAD
    0x20000190   0x00000014   Data   RW          567    .data               led.o
    0x200001a4   0x0000003c   Data   RW          587    .data               reporter.o
    0x200001e0   0x0000002c   Data   RW          642    .data               firmware_task.o
    0x2000020c   0x00000022   Data   RW          683    .data               accelerometer_task.o
    0x2000022e   0x00000002   PAD
    0x20000230   0x00000014   Data   RW          721    .data               system_stm32f10x.o
    0x20000244   0x00000018   Data   RW          884    .data               rtc.o
    0x2000025c   0x00000014   Data   RW          971    .data               stm32f10x_rcc.o
    0x20000270   0x00000009   Data   RW          985    .data               resolver.o
    0x20000279   0x00000003   PAD
    0x2000027c   0x00000011   Data   RW         1009    .data               resolv.o
    0x2000028d   0x00000003   PAD
    0x20000290   0x00000004   Data   RW         1023    .data               timer.o
    0x20000294   0x00000040   Data   RW         1040    .data               uip.o
    0x200002d4   0x00000008   Data   RW         1063    .data               uip_ppp.o
    0x200002dc   0x0000001b   Data   RW         1094    .data               ppp.o
    0x200002f7   0x00000001   PAD
    0x200002f8   0x0000000c   Data   RW         1125    .data               m_time.o
    0x20000304   0x0000001c   Data   RW         1140    .data               sys_time.o
    0x20000320   0x00000008   Data   RW         1183    .data               at_cmd_call_parser.o
    0x20000328   0x00000022   Data   RW         1217    .data               at_cmd_common_parser.o
    0x2000034a   0x00000002   PAD
    0x2000034c   0x0000002e   Data   RW         1241    .data               at_cmd_sms_parser.o
    0x2000037a   0x00000002   PAD
    0x2000037c   0x00000008   Data   RW         1265    .data               at_command_parser.o
    0x20000384   0x00000014   Data   RW         1286    .data               at_gsm_task.o
    0x20000398   0x00000018   Data   RW         1305    .data               at_send_cmd_task.o
    0x200003b0   0x0000001c   Data   RW         1325    .data               modem.o
    0x200003cc   0x00000009   Data   RW         1358    .data               comm.o
    0x200003d5   0x00000003   PAD
    0x200003d8   0x00000028   Data   RW         1380    .data               gps.o
    0x20000400   0x0000000c   Data   RW         1404    .data               db.o
    0x2000040c   0x00000004   Data   RW         1422    .data               sst25.o
    0x20000410   0x00000008   Data   RW         1437    .data               mma7660.o
    0x20000418   0x00000001   Data   RW         1501    .data               ampm_lib.lib(sparser.o)
    0x20000419   0x00000007   PAD
    0x20000420   0x00000010   Data   RW         1517    .data               ampm_lib.lib(sys_tick.o)
    0x20000430   0x00000004   Data   RW         1949    .data               mc_w.l(errno.o)
    0x20000434   0x00000024   Zero   RW            2    .bss                main.o
    0x20000458   0x00000196   Zero   RW          291    .bss                system_config.o
    0x200005ee   0x00000002   PAD
    0x200005f0   0x00000020   Zero   RW          320    .bss                hw_config.o
    0x20000610   0x00000090   Zero   RW          338    .bss                tracker.o
    0x200006a0   0x0000005c   Zero   RW          376    .bss                adc_task.o
    0x200006fc   0x000001a8   Zero   RW          395    .bss                sms_task.o
    0x200008a4   0x000000b4   Zero   RW          451    .bss                call_task.o
    0x20000958   0x0000051c   Zero   RW          471    .bss                app_config_task.o
    0x20000e74   0x0000005c   Zero   RW          501    .bss                uart_config_task.o
    0x20000ed0   0x00000084   Zero   RW          517    .bss                database_app.o
    0x20000f54   0x000000c0   Zero   RW          549    .bss                alarm_task.o
    0x20001014   0x00000014   Zero   RW          566    .bss                led.o
    0x20001028   0x0000010c   Zero   RW          586    .bss                reporter.o
    0x20001134   0x0000054e   Zero   RW          641    .bss                firmware_task.o
    0x20001682   0x00000002   PAD
    0x20001684   0x00000018   Zero   RW          658    .bss                tcp_ip_task.o
    0x2000169c   0x00000820   Zero   RW          786    .bss                uart1.o
    0x20001ebc   0x00000090   Zero   RW          810    .bss                uart2.o
    0x20001f4c   0x00000420   Zero   RW          828    .bss                uart3.o
    0x2000236c   0x00000128   Zero   RW         1008    .bss                resolv.o
    0x20002494   0x000006cc   Zero   RW         1038    .bss                uip.o
    0x20002b60   0x00000079   Zero   RW         1093    .bss                ppp.o
    0x20002bd9   0x00000003   PAD
    0x20002bdc   0x00000088   Zero   RW         1181    .bss                at_cmd_call_parser.o
    0x20002c64   0x0000004c   Zero   RW         1216    .bss                at_cmd_common_parser.o
    0x20002cb0   0x0000015c   Zero   RW         1240    .bss                at_cmd_sms_parser.o
    0x20002e0c   0x00000020   Zero   RW         1262    .bss                at_command_parser.o
    0x20002e2c   0x00000074   Zero   RW         1283    .bss                at_gsm_task.o
    0x20002ea0   0x000000e8   Zero   RW         1304    .bss                at_send_cmd_task.o
    0x20002f88   0x00000090   Zero   RW         1323    .bss                modem.o
    0x20003018   0x00000540   Zero   RW         1378    .bss                gps.o
    0x20003558   0x000000e9   Zero   RW         1403    .bss                db.o
    0x20003641   0x00000007   PAD
    0x20003648   0x00000400   Zero   RW          702    STACK               startup_stm32f10x_md.o


==============================================================================

Image component sizes


      Code (inc. data)   RO Data    RW Data    ZI Data      Debug   Object Name

       524         74          0         34          0       1881   accelerometer_task.o
       920         86          0         28         92       2090   adc_task.o
       424        102         20         12        192       2254   alarm_task.o
      2720        152          0         32       1308      21879   app_config_task.o
      3888        928          6          8        136       9820   at_cmd_call_parser.o
      2860        328          0         34         76       5956   at_cmd_common_parser.o
      2976        666          0         46        348       8350   at_cmd_sms_parser.o
        84         18        248          8         32       1465   at_command_parser.o
       784        186        440         20        116       3476   at_gsm_task.o
      1108        108          0         24        232       5818   at_send_cmd_task.o
       252         82         23          0        180       1711   call_task.o
        84          8          0          9          0       2236   comm.o
       408         70          0          0        132       3478   database_app.o
      1460         22          0         12        233       6785   db.o
       800         28          0          0          0      16547   exti.o
        68          4        512          0          0       1201   fcs.o
      2036        518          0         44       1358       4412   firmware_task.o
      3900        388         80         40       1344      13202   gps.o
       268         18          0          0          0       1090   gsm_hwr.o
       572         12          0          0         32       7547   hw_config.o
      1496         34          0          0          0       3747   i2c.o
       232         22          0         20         20       2533   led.o
      1612         32         96         12          0       2947   m_time.o
      2332        308          0        276         36     295788   main.o
       292          8          0          8          0       1614   mma7660.o
       788        112          0         28        144       4107   modem.o
      1284          0          0          0          0       5289   pdu.o
      5744       1442          0         27        121       8725   ppp.o
      1544        428          0         60        268      18142   reporter.o
       924         58          0         17        296       4261   resolv.o
       192         18          0          9          0      14472   resolver.o
       940        108          4         24          0       4098   rtc.o
      2196        416         21         12        424       7959   sms_task.o
       736         24          0          0          0       2187   spi.o
       740         20          0          4          0       3345   sst25.o
        28          4        236          0       1024        880   startup_stm32f10x_md.o
      1102         26          0          0          0      10877   stm32f10x_adc.o
       592          8          0          0          0       4370   stm32f10x_dma.o
      1468         34          0          0          0       8070   stm32f10x_flash.o
       856         40          0          0          0       5689   stm32f10x_gpio.o
        64          6          0          0          0       1277   stm32f10x_iwdg.o
       932         44          0         20          0       8852   stm32f10x_rcc.o
       668         20          0         28          0       3625   sys_time.o
       868        110          0          2        406       5118   system_config.o
       480         42          0         20          0       1903   system_stm32f10x.o
       208         28          0          0         24       1209   tcp_ip_task.o
       104         12          0          0          0      15951   tick.o
        76          6          0          4          0       1624   timer.o
      3100        314          0         29        144       6245   tracker.o
       792         46          0          0       2080      17955   uart1.o
       444         30          0          0        144       2338   uart2.o
       600         46          0          0       1056       2790   uart3.o
       116         16          0          0         92       1636   uart_config_task.o
      5036        238          8         64       1740      21312   uip.o
       368         42          0          8          0       1817   uip_ppp.o

    ----------------------------------------------------------------------
     65092       7940       1732       1048      13844     623950   Object Totals
         0          0         32          0          0          0   (incl. Generated)
         2          0          6         25         14          0   (incl. Padding)

    ----------------------------------------------------------------------

      Code (inc. data)   RO Data    RW Data    ZI Data      Debug   Library Member Name

        84          0          0          0          0       1352   data_cmp.o
       484          6          0          0          0       2418   encoding.o
       276          0          0          0          0       3799   list.o
       148          0          0          0          0       2014   ringbuf.o
       332          6          0          1          0       2458   sparser.o
       252         12          0         16          0       3050   sys_tick.o
       220         16          0          0          0         84   floor.o
        28          0          0          0          0         80   strtod.o
        56          8          0          0          0         84   __0sscanf.o
        92          0          0          0          0          0   __dczerorl2.o
        28          0          0          0          0         68   _chval.o
       812          6          0          0          0        112   _scanf.o
       336          0          0          0          0         96   _scanf_int.o
       218          0          0          0          0         96   _scanf_str.o
        64          0          0          0          0         84   _sgetc.o
       158          0          0          0          0         92   _strtoul.o
         8          4        133          0          0         68   ctype_o.o
         0          0          0          0          0          0   entry.o
         0          0          0          0          0          0   entry10a.o
         0          0          0          0          0          0   entry11a.o
         8          4          0          0          0          0   entry2.o
         4          0          0          0          0          0   entry5.o
         0          0          0          0          0          0   entry7b.o
         0          0          0          0          0          0   entry8b.o
         8          4          0          0          0          0   entry9a.o
         8          4          0          4          0         68   errno.o
        30          0          0          0          0          0   handlers.o
        36          8          0          0          0         68   init.o
        18          0          0          0          0         76   isspace_o.o
         0          0          0          0          0          0   iusefp.o
        30          0          0          0          0         68   llshl.o
        36          0          0          0          0         68   llsshr.o
        32          0          0          0          0         68   llushr.o
        20          0          0          0          0         68   memchr.o
        26          0          0          0          0         80   memcmp.o
        36          0          0          0          0         68   memcpya.o
        36          0          0          0          0        108   memseta.o
      2296         92          0          0          0        592   printfa.o
        40          8          0          0          0         84   scanf_char.o
       842         12          0          0          0        216   scanf_fp.o
        24          0          0          0          0         68   strcat.o
        28          0          0          0          0         76   strcmp.o
        18          0          0          0          0         68   strcpy.o
        14          0          0          0          0         68   strlen.o
        24          0          0          0          0         76   strncpy.o
        36          0          0          0          0         80   strstr.o
       156         14          0          0          0        120   strtod.o
       112          0          0          0          0         88   strtol.o
        12          0          0          0          0         68   toupper.o
        44          0          0          0          0         80   uidiv.o
        98          0          0          0          0         92   uldiv.o
        40          2          0          0          0         68   cdcmple.o
        40          2          0          0          0         68   cdrcmple.o
        20          0          0          0          0         68   cfcmple.o
        20          0          0          0          0         68   cfrcmple.o
        56          0          0          0          0         88   d2f.o
       334          0          0          0          0        148   dadd.o
       222          0          0          0          0        100   ddiv.o
       190          0          0          0          0        176   depilogue.o
        50          0          0          0          0         76   dfixui.o
        48          0          0          0          0         68   dfixul.o
        26          0          0          0          0         76   dfltui.o
        24          0          0          0          0         76   dfltul.o
       228          0          0          0          0         96   dmul.o
        38          0          0          0          0         68   f2d.o
       176          0          0          0          0        140   fadd.o
       128          0          0          0          0         88   fdiv.o
       108          0          0          0          0        168   fepilogue.o
        40          0          0          0          0         68   ffixui.o
        18          0          0          0          0         68   fflti.o
        10          0          0          0          0         68   ffltui.o
       108          0          0          0          0         76   fmul.o

    ----------------------------------------------------------------------
      9604        208        136         28          0      20391   Library Totals
        12          0          3          7          0          0   (incl. Padding)

    ----------------------------------------------------------------------

      Code (inc. data)   RO Data    RW Data    ZI Data      Debug   Library Name

      1576         24          0         17          0      15091   ampm_lib.lib
       248         16          0          0          0        164   m_ws.l
      5844        164        133          4          0       3216   mc_w.l
      1924          4          0          0          0       1920   mf_w.l

    ----------------------------------------------------------------------
      9604        208        136         28          0      20391   Library Totals

    ----------------------------------------------------------------------

==============================================================================


      Code (inc. data)   RO Data    RW Data    ZI Data      Debug   

     74696       8148       1868       1076      13844     634617   Grand Totals
     74696       8148       1868        180      13844     634617   ELF Image Totals (compressed)
     74696       8148       1868        180          0          0   ROM Totals

==============================================================================

    Total RO  Size (Code + RO Data)                76564 (  74.77kB)
    Total RW  Size (RW Data + ZI Data)             14920 (  14.57kB)
    Total ROM Size (Code + RO Data + RW Data)      76744 (  74.95kB)

==============================================================================

